
> math-master-frontend@0.1.0 e2e
> playwright test --config ../tests/e2e/playwright.config.ts learning-progress.spec.ts


Running 4 tests using 1 worker

[WebServer] ⨯ Error: The destination stream closed early.
[WebServer]     at ignore-listed frames {
[WebServer]   digest: '2706977520'
[WebServer] }
  ✓  1 [desktop] › ../tests/e2e/learning-progress.spec.ts:3:5 › explicit reading and route enrollment keep read, passed and unlocked counts separate (5.3s)
[WebServer] ⨯ Error: The destination stream closed early.
[WebServer]     at ignore-listed frames {
[WebServer]   digest: '2706977520'
[WebServer] }
  ✓  2 [desktop] › ../tests/e2e/learning-progress.spec.ts:4:5 › new and withdrawn routes preserve each enrolled version and denominator (7.8s)
[WebServer] ⨯ Error: The destination stream closed early.
[WebServer]     at ignore-listed frames {
[WebServer]   digest: '2706977520'
[WebServer] }
  ✓  3 [mobile] › ../tests/e2e/learning-progress.spec.ts:3:5 › explicit reading and route enrollment keep read, passed and unlocked counts separate (6.1s)
[WebServer] ⨯ Error: The destination stream closed early.
[WebServer]     at ignore-listed frames {
[WebServer]   digest: '2706977520'
[WebServer] }
  ✓  4 [mobile] › ../tests/e2e/learning-progress.spec.ts:4:5 › new and withdrawn routes preserve each enrolled version and denominator (7.3s)

  4 passed (27.9s)
