=== RUN   TestCorrectionCapacityDiagnostic
    correction_capacity_diagnostic_test.go:4: DIAG setup 33.115512959s
    correction_capacity_diagnostic_test.go:5: DIAG completed 1000 elapsed 47.843935542s
    correction_capacity_diagnostic_test.go:5: DIAG completed 2000 elapsed 1m2.427612625s
    correction_capacity_diagnostic_test.go:5: DIAG completed 3000 elapsed 1m31.926591709s
    correction_capacity_diagnostic_test.go:7: PG_AUTOEXPLAIN_PID 930500
    correction_capacity_diagnostic_test.go:8: DIAG health 10=26.904625ms
    correction_capacity_diagnostic_test.go:8: DIAG original basis 10=24.481583ms
    correction_capacity_diagnostic_test.go:8: DIAG applicable plans 10=8.42575ms
    correction_capacity_diagnostic_test.go:8: Limit  (cost=5930.73..5930.98 rows=101 width=124) (actual time=0.129..0.130 rows=1 loops=1)
    correction_capacity_diagnostic_test.go:8:   Buffers: shared hit=84
    correction_capacity_diagnostic_test.go:8:   CTE evidence
    correction_capacity_diagnostic_test.go:8:     ->  Index Scan using practice_attempts_id_owner_user_id_key on practice_attempts  (cost=0.29..8.31 rows=1 width=165) (actual time=0.003..0.003 rows=1 loops=1)
    correction_capacity_diagnostic_test.go:8:           Index Cond: ((id = '9a9f4cea-8249-476e-8a6a-75acb70f12e2'::uuid) AND (owner_user_id = 'f037c076-c838-44d3-a872-dcb04b17395a'::uuid))
    correction_capacity_diagnostic_test.go:8:           Buffers: shared hit=6
    correction_capacity_diagnostic_test.go:8:   CTE matched_cases
    correction_capacity_diagnostic_test.go:8:     ->  HashAggregate  (cost=326.81..330.16 rows=335 width=16) (actual time=0.123..0.125 rows=1 loops=1)
    correction_capacity_diagnostic_test.go:8:           Group Key: c_1.id
    correction_capacity_diagnostic_test.go:8:           Batches: 1  Memory Usage: 37kB
    correction_capacity_diagnostic_test.go:8:           Buffers: shared hit=78
    correction_capacity_diagnostic_test.go:8:           ->  Append  (cost=0.28..325.97 rows=335 width=16) (actual time=0.005..0.123 rows=2 loops=1)
    correction_capacity_diagnostic_test.go:8:                 Buffers: shared hit=78
    correction_capacity_diagnostic_test.go:8:                 ->  Nested Loop  (cost=0.28..4.32 rows=1 width=16) (actual time=0.004..0.005 rows=1 loops=1)
    correction_capacity_diagnostic_test.go:8:                       Buffers: shared hit=10
    correction_capacity_diagnostic_test.go:8:                       ->  Index Only Scan using correction_cases_pkey on correction_cases c_1  (cost=0.28..4.29 rows=1 width=16) (actual time=0.001..0.001 rows=1 loops=1)
    correction_capacity_diagnostic_test.go:8:                             Index Cond: (id = '9e98beab-6c0e-4045-894b-2b8272e79e56'::uuid)
    correction_capacity_diagnostic_test.go:8:                             Heap Fetches: 1
    correction_capacity_diagnostic_test.go:8:                             Buffers: shared hit=4
    correction_capacity_diagnostic_test.go:8:                       ->  CTE Scan on evidence e  (cost=0.00..0.02 rows=1 width=0) (actual time=0.003..0.003 rows=1 loops=1)
    correction_capacity_diagnostic_test.go:8:                             Buffers: shared hit=6
    correction_capacity_diagnostic_test.go:8:                 ->  Nested Loop  (cost=0.00..68.48 rows=333 width=16) (actual time=0.079..0.079 rows=0 loops=1)
    correction_capacity_diagnostic_test.go:8:                       Join Filter: ((e_1.created_at <= c_2.cutoff) AND (c_2.rule_version = e_1.rule_version) AND ((c_2.scope_kind = 'all'::text) OR ((e_1.kid = c_2.knowledge_id) AND (e_1.kv = c_2.knowledge_version) AND (e_1.kh = c_2.knowledge_sha256))))
    correction_capacity_diagnostic_test.go:8:                       Rows Removed by Join Filter: 999
    correction_capacity_diagnostic_test.go:8:                       Buffers: shared hit=31
    correction_capacity_diagnostic_test.go:8:                       ->  CTE Scan on evidence e_1  (cost=0.00..0.02 rows=1 width=80) (actual time=0.000..0.000 rows=1 loops=1)
    correction_capacity_diagnostic_test.go:8:                             Filter: (kind = ANY ('{assessment,practice}'::text[]))
    correction_capacity_diagnostic_test.go:8:                       ->  Seq Scan on correction_cases c_2  (cost=0.00..43.49 rows=999 width=100) (actual time=0.001..0.054 rows=999 loops=1)
    correction_capacity_diagnostic_test.go:8:                             Filter: (sealed AND (kind = 'grading_rule'::text))
    correction_capacity_diagnostic_test.go:8:                             Rows Removed by Filter: 1
    correction_capacity_diagnostic_test.go:8:                             Buffers: shared hit=31
    correction_capacity_diagnostic_test.go:8:                 ->  Nested Loop  (cost=0.00..251.49 rows=1 width=16) (actual time=0.006..0.039 rows=1 loops=1)
    correction_capacity_diagnostic_test.go:8:                       Join Filter: (EXISTS(SubPlan 5) OR EXISTS(SubPlan 9) OR ((e_2.kind = 'enrollment'::text) AND (c_3.withdrawal_space = 'content'::text) AND EXISTS(SubPlan 12)))
    correction_capacity_diagnostic_test.go:8:                       Buffers: shared hit=37
    correction_capacity_diagnostic_test.go:8:                       ->  Seq Scan on correction_cases c_3  (cost=0.00..43.49 rows=1 width=64) (actual time=0.002..0.034 rows=1 loops=1)
    correction_capacity_diagnostic_test.go:8:                             Filter: (sealed AND (kind = 'withdrawal'::text))
    correction_capacity_diagnostic_test.go:8:                             Rows Removed by Filter: 999
    correction_capacity_diagnostic_test.go:8:                             Buffers: shared hit=31
    correction_capacity_diagnostic_test.go:8:                       ->  CTE Scan on evidence e_2  (cost=0.00..0.02 rows=1 width=64) (actual time=0.000..0.000 rows=1 loops=1)
    correction_capacity_diagnostic_test.go:8:                       SubPlan 5
    correction_capacity_diagnostic_test.go:8:                         ->  Index Scan using learning_dependency_owner on learning_evidence_dependencies d  (cost=0.41..64.44 rows=1 width=0) (actual time=0.004..0.004 rows=1 loops=1)
    correction_capacity_diagnostic_test.go:8:                               Index Cond: ((owner_user_id = e_2.owner) AND (evidence_kind = e_2.kind) AND (evidence_id = e_2.id))
    correction_capacity_diagnostic_test.go:8:                               Filter: (((c_3.withdrawal_space = 'content'::text) AND EXISTS(SubPlan 2)) OR ((c_3.withdrawal_space = 'question'::text) AND (ANY ((kind = (hashed SubPlan 4).col1) AND (id = (hashed SubPlan 4).col2) AND (version = (hashed SubPlan 4).col3) AND (sha256 = (hashed SubPlan 4).col4)))))
    correction_capacity_diagnostic_test.go:8:                               Rows Removed by Filter: 2
    correction_capacity_diagnostic_test.go:8:                               Buffers: shared hit=6
    correction_capacity_diagnostic_test.go:8:                               SubPlan 2
    correction_capacity_diagnostic_test.go:8:                                 ->  Index Scan using content_withdrawals_pkey on content_withdrawals w  (cost=0.15..8.18 rows=1 width=0) (never executed)
    correction_capacity_diagnostic_test.go:8:                                       Index Cond: (id = c_3.withdrawal_id)
    correction_capacity_diagnostic_test.go:8:                                       Filter: ((kind = d.kind) AND (sha256 = d.sha256) AND ((d.kind = 'asset'::text) OR ((target_id = d.id) AND (target_version = d.version))))
    correction_capacity_diagnostic_test.go:8:                               SubPlan 4
    correction_capacity_diagnostic_test.go:8:                                 ->  Index Scan using question_withdrawals_pkey on question_withdrawals w_1  (cost=0.15..8.17 rows=1 width=100) (actual time=0.001..0.001 rows=1 loops=1)
    correction_capacity_diagnostic_test.go:8:                                       Index Cond: (id = c_3.withdrawal_id)
    correction_capacity_diagnostic_test.go:8:                                       Buffers: shared hit=2
    correction_capacity_diagnostic_test.go:8:                       SubPlan 9
    correction_capacity_diagnostic_test.go:8:                         ->  Nested Loop  (cost=0.69..118.99 rows=1 width=0) (never executed)
    correction_capacity_diagnostic_test.go:8:                               ->  Index Scan using correction_result_owner_page on correction_results r  (cost=0.28..8.30 rows=1 width=16) (never executed)
    correction_capacity_diagnostic_test.go:8:                                     Index Cond: ((owner_user_id = e_2.owner) AND (evidence_kind = e_2.kind) AND (evidence_id = e_2.id))
    correction_capacity_diagnostic_test.go:8:                                     Filter: sealed
    correction_capacity_diagnostic_test.go:8:                               ->  Index Only Scan using correction_dependencies_result_id_role_kind_id_version_sha2_key on correction_dependencies d_1  (cost=0.41..110.68 rows=1 width=16) (never executed)
    correction_capacity_diagnostic_test.go:8:                                     Index Cond: ((result_id = r.id) AND (role = 'effective'::text))
    correction_capacity_diagnostic_test.go:8:                                     Filter: (((c_3.withdrawal_space = 'content'::text) AND EXISTS(SubPlan 6)) OR ((c_3.withdrawal_space = 'question'::text) AND (ANY ((kind = (hashed SubPlan 8).col1) AND (id = (hashed SubPlan 8).col2) AND (version = (hashed SubPlan 8).col3) AND (sha256 = (hashed SubPlan 8).col4)))))
    correction_capacity_diagnostic_test.go:8:                                     Heap Fetches: 0
    correction_capacity_diagnostic_test.go:8:                                     SubPlan 6
    correction_capacity_diagnostic_test.go:8:                                       ->  Index Scan using content_withdrawals_pkey on content_withdrawals w_2  (cost=0.15..8.18 rows=1 width=0) (never executed)
    correction_capacity_diagnostic_test.go:8:                                             Index Cond: (id = c_3.withdrawal_id)
    correction_capacity_diagnostic_test.go:8:                                             Filter: ((kind = d_1.kind) AND (sha256 = d_1.sha256) AND ((d_1.kind = 'asset'::text) OR ((target_id = d_1.id) AND (target_version = d_1.version))))
    correction_capacity_diagnostic_test.go:8:                                     SubPlan 8
    correction_capacity_diagnostic_test.go:8:                                       ->  Index Scan using question_withdrawals_pkey on question_withdrawals w_3  (cost=0.15..8.17 rows=1 width=100) (never executed)
    correction_capacity_diagnostic_test.go:8:                                             Index Cond: (id = c_3.withdrawal_id)
    correction_capacity_diagnostic_test.go:8:                       SubPlan 12
    correction_capacity_diagnostic_test.go:8:                         ->  Nested Loop  (cost=0.29..24.54 rows=1 width=0) (never executed)
    correction_capacity_diagnostic_test.go:8:                               Join Filter: (((w_4.kind = 'path'::text) AND (p_1.path_id = w_4.target_id) AND (p_1.path_version = w_4.target_version) AND (p_1.path_sha256 = w_4.sha256)) OR ((w_4.kind = 'knowledge'::text) AND EXISTS(SubPlan 10)))
    correction_capacity_diagnostic_test.go:8:                               ->  Index Scan using content_withdrawals_pkey on content_withdrawals w_4  (cost=0.15..8.17 rows=1 width=100) (never executed)
    correction_capacity_diagnostic_test.go:8:                                     Index Cond: (id = c_3.withdrawal_id)
    correction_capacity_diagnostic_test.go:8:                                     Filter: ((kind = 'path'::text) OR (kind = 'knowledge'::text))
    correction_capacity_diagnostic_test.go:8:                               ->  Index Scan using learning_path_enrollments_id_owner_user_id_key on learning_path_enrollments p_1  (cost=0.15..8.17 rows=1 width=84) (never executed)
    correction_capacity_diagnostic_test.go:8:                                     Index Cond: ((id = e_2.id) AND (owner_user_id = e_2.owner))
    correction_capacity_diagnostic_test.go:8:                               SubPlan 10
    correction_capacity_diagnostic_test.go:8:                                 ->  Index Scan using learning_path_nodes_enrollment_id_knowledge_id_key on learning_path_nodes n  (cost=0.15..8.18 rows=1 width=0) (never executed)
    correction_capacity_diagnostic_test.go:8:                                       Index Cond: ((enrollment_id = p_1.id) AND (knowledge_id = w_4.target_id))
    correction_capacity_diagnostic_test.go:8:                                       Filter: ((knowledge_version = w_4.target_version) AND (knowledge_sha256 = w_4.sha256))
    correction_capacity_diagnostic_test.go:8:   ->  Sort  (cost=5592.25..5593.09 rows=335 width=124) (actual time=0.129..0.129 rows=1 loops=1)
    correction_capacity_diagnostic_test.go:8:         Sort Key: p.id, p.version
    correction_capacity_diagnostic_test.go:8:         Sort Method: quicksort  Memory: 25kB
    correction_capacity_diagnostic_test.go:8:         Buffers: shared hit=84
    correction_capacity_diagnostic_test.go:8:         ->  Nested Loop  (cost=0.28..5579.42 rows=335 width=124) (actual time=0.127..0.128 rows=1 loops=1)
    correction_capacity_diagnostic_test.go:8:               Buffers: shared hit=84
    correction_capacity_diagnostic_test.go:8:               ->  CTE Scan on matched_cases c  (cost=0.00..6.70 rows=335 width=16) (actual time=0.123..0.124 rows=1 loops=1)
    correction_capacity_diagnostic_test.go:8:                     Buffers: shared hit=78
    correction_capacity_diagnostic_test.go:8:               ->  Index Scan using correction_plan_case_page on correction_plans p  (cost=0.28..16.61 rows=1 width=60) (actual time=0.003..0.003 rows=1 loops=1)
    correction_capacity_diagnostic_test.go:8:                     Index Cond: (case_id = c.id)
    correction_capacity_diagnostic_test.go:8:                     Filter: (sealed AND (status = 'approved'::text) AND (algorithm_version = 1) AND EXISTS(SubPlan 14))
    correction_capacity_diagnostic_test.go:8:                     Buffers: shared hit=6
    correction_capacity_diagnostic_test.go:8:                     SubPlan 14
    correction_capacity_diagnostic_test.go:8:                       ->  Index Scan using correction_events_subject_kind_subject_id_subject_version_s_key on correction_events v  (cost=0.29..8.31 rows=1 width=4) (actual time=0.001..0.001 rows=1 loops=1)
    correction_capacity_diagnostic_test.go:8:                             Index Cond: ((subject_kind = 'plan'::text) AND (subject_id = p.id) AND (subject_version = p.version))
    correction_capacity_diagnostic_test.go:8:                             Filter: (kind = 'plan_approved'::text)
    correction_capacity_diagnostic_test.go:8:                             Rows Removed by Filter: 2
    correction_capacity_diagnostic_test.go:8:                             Buffers: shared hit=3
    correction_capacity_diagnostic_test.go:8: Planning:
    correction_capacity_diagnostic_test.go:8:   Buffers: shared hit=50
    correction_capacity_diagnostic_test.go:8: Planning Time: 0.313 ms
    correction_capacity_diagnostic_test.go:8: Execution Time: 0.231 ms
    correction_capacity_diagnostic_test.go:8: DIAG real batch50 2.287385167s
--- PASS: TestCorrectionCapacityDiagnostic (94.30s)
PASS
ok  	github.com/yyl1212/math_master/backend/internal/store	97.520s
