=== RUN   TestCorrectionCapacityDiagnostic
    correction_capacity_diagnostic_test.go:4: DIAG setup 33.352201166s
    correction_capacity_diagnostic_test.go:5: DIAG completed 1000 elapsed 48.027128291s
    correction_capacity_diagnostic_test.go:5: DIAG completed 2000 elapsed 1m2.480536333s
    correction_capacity_diagnostic_test.go:5: DIAG completed 3000 elapsed 1m43.570982791s
    correction_capacity_diagnostic_test.go:7: PG_AUTOEXPLAIN_PID 929633
    correction_capacity_diagnostic_test.go:8: DIAG health 10=26.864334ms
    correction_capacity_diagnostic_test.go:8: DIAG original basis 10=24.103792ms
    correction_capacity_diagnostic_test.go:8: DIAG applicable plans 10=273.339333ms
    correction_capacity_diagnostic_test.go:8: Limit  (cost=214183.80..214184.05 rows=101 width=124) (actual time=23.885..23.887 rows=1 loops=1)
    correction_capacity_diagnostic_test.go:8:   Buffers: shared hit=43
    correction_capacity_diagnostic_test.go:8:   CTE evidence
    correction_capacity_diagnostic_test.go:8:     ->  Index Scan using practice_attempts_id_owner_user_id_key on practice_attempts  (cost=0.29..8.31 rows=1 width=165) (actual time=0.010..0.010 rows=1 loops=1)
    correction_capacity_diagnostic_test.go:8:           Index Cond: ((id = '9c9bfbba-3d33-4411-8e71-74a95772a823'::uuid) AND (owner_user_id = '6a57954e-2307-495c-b5bd-89afd531ef20'::uuid))
    correction_capacity_diagnostic_test.go:8:           Buffers: shared hit=6
    correction_capacity_diagnostic_test.go:8:   CTE matched_cases
    correction_capacity_diagnostic_test.go:8:     ->  Nested Loop  (cost=0.00..208599.92 rows=334 width=16) (actual time=0.147..0.149 rows=1 loops=1)
    correction_capacity_diagnostic_test.go:8:           Join Filter: ((c_1.id = '5e6e6e7b-025b-4d60-bdd1-a4caaf5fa591'::uuid) OR (c_1.sealed AND (c_1.kind = 'grading_rule'::text) AND (e.kind = ANY ('{assessment,practice}'::text[])) AND (e.rule_version = c_1.rule_version) AND (e.created_at <= c_1.cutoff) AND ((c_1.scope_kind = 'all'::text) OR ((e.kid = c_1.knowledge_id) AND (e.kv = c_1.knowledge_version) AND (e.kh = c_1.knowledge_sha256)))) OR (c_1.sealed AND (c_1.kind = 'withdrawal'::text) AND (EXISTS(SubPlan 5) OR EXISTS(SubPlan 9) OR ((e.kind = 'enrollment'::text) AND (c_1.withdrawal_space = 'content'::text) AND EXISTS(SubPlan 12)))))
    correction_capacity_diagnostic_test.go:8:           Rows Removed by Join Filter: 999
    correction_capacity_diagnostic_test.go:8:           Buffers: shared hit=37
    correction_capacity_diagnostic_test.go:8:           ->  CTE Scan on evidence e  (cost=0.00..0.02 rows=1 width=144) (actual time=0.011..0.011 rows=1 loops=1)
    correction_capacity_diagnostic_test.go:8:                 Buffers: shared hit=6
    correction_capacity_diagnostic_test.go:8:           ->  Seq Scan on correction_cases c_1  (cost=0.00..41.00 rows=1000 width=138) (actual time=0.002..0.042 rows=1000 loops=1)
    correction_capacity_diagnostic_test.go:8:                 Buffers: shared hit=31
    correction_capacity_diagnostic_test.go:8:           SubPlan 5
    correction_capacity_diagnostic_test.go:8:             ->  Index Scan using learning_dependency_owner on learning_evidence_dependencies d  (cost=0.41..44.62 rows=1 width=0) (never executed)
    correction_capacity_diagnostic_test.go:8:                   Index Cond: ((owner_user_id = e.owner) AND (evidence_kind = e.kind) AND (evidence_id = e.id))
    correction_capacity_diagnostic_test.go:8:                   Filter: (((c_1.withdrawal_space = 'content'::text) AND EXISTS(SubPlan 2)) OR ((c_1.withdrawal_space = 'question'::text) AND (ANY ((kind = (hashed SubPlan 4).col1) AND (id = (hashed SubPlan 4).col2) AND (version = (hashed SubPlan 4).col3) AND (sha256 = (hashed SubPlan 4).col4)))))
    correction_capacity_diagnostic_test.go:8:                   SubPlan 2
    correction_capacity_diagnostic_test.go:8:                     ->  Index Scan using content_withdrawals_pkey on content_withdrawals w  (cost=0.15..8.18 rows=1 width=0) (never executed)
    correction_capacity_diagnostic_test.go:8:                           Index Cond: (id = c_1.withdrawal_id)
    correction_capacity_diagnostic_test.go:8:                           Filter: ((kind = d.kind) AND (sha256 = d.sha256) AND ((d.kind = 'asset'::text) OR ((target_id = d.id) AND (target_version = d.version))))
    correction_capacity_diagnostic_test.go:8:                   SubPlan 4
    correction_capacity_diagnostic_test.go:8:                     ->  Index Scan using question_withdrawals_pkey on question_withdrawals w_1  (cost=0.15..8.17 rows=1 width=100) (never executed)
    correction_capacity_diagnostic_test.go:8:                           Index Cond: (id = c_1.withdrawal_id)
    correction_capacity_diagnostic_test.go:8:           SubPlan 9
    correction_capacity_diagnostic_test.go:8:             ->  Nested Loop  (cost=0.69..139.37 rows=1 width=0) (never executed)
    correction_capacity_diagnostic_test.go:8:                   ->  Index Scan using correction_result_owner_page on correction_results r  (cost=0.28..8.30 rows=1 width=16) (never executed)
    correction_capacity_diagnostic_test.go:8:                         Index Cond: ((owner_user_id = e.owner) AND (evidence_kind = e.kind) AND (evidence_id = e.id))
    correction_capacity_diagnostic_test.go:8:                         Filter: sealed
    correction_capacity_diagnostic_test.go:8:                   ->  Index Only Scan using correction_dependencies_result_id_role_kind_id_version_sha2_key on correction_dependencies d_1  (cost=0.41..131.05 rows=1 width=16) (never executed)
    correction_capacity_diagnostic_test.go:8:                         Index Cond: ((result_id = r.id) AND (role = 'effective'::text))
    correction_capacity_diagnostic_test.go:8:                         Filter: (((c_1.withdrawal_space = 'content'::text) AND EXISTS(SubPlan 6)) OR ((c_1.withdrawal_space = 'question'::text) AND (ANY ((kind = (hashed SubPlan 8).col1) AND (id = (hashed SubPlan 8).col2) AND (version = (hashed SubPlan 8).col3) AND (sha256 = (hashed SubPlan 8).col4)))))
    correction_capacity_diagnostic_test.go:8:                         Heap Fetches: 0
    correction_capacity_diagnostic_test.go:8:                         SubPlan 6
    correction_capacity_diagnostic_test.go:8:                           ->  Index Scan using content_withdrawals_pkey on content_withdrawals w_2  (cost=0.15..8.18 rows=1 width=0) (never executed)
    correction_capacity_diagnostic_test.go:8:                                 Index Cond: (id = c_1.withdrawal_id)
    correction_capacity_diagnostic_test.go:8:                                 Filter: ((kind = d_1.kind) AND (sha256 = d_1.sha256) AND ((d_1.kind = 'asset'::text) OR ((target_id = d_1.id) AND (target_version = d_1.version))))
    correction_capacity_diagnostic_test.go:8:                         SubPlan 8
    correction_capacity_diagnostic_test.go:8:                           ->  Index Scan using question_withdrawals_pkey on question_withdrawals w_3  (cost=0.15..8.17 rows=1 width=100) (never executed)
    correction_capacity_diagnostic_test.go:8:                                 Index Cond: (id = c_1.withdrawal_id)
    correction_capacity_diagnostic_test.go:8:           SubPlan 12
    correction_capacity_diagnostic_test.go:8:             ->  Nested Loop  (cost=0.29..24.54 rows=1 width=0) (never executed)
    correction_capacity_diagnostic_test.go:8:                   Join Filter: (((w_4.kind = 'path'::text) AND (p_1.path_id = w_4.target_id) AND (p_1.path_version = w_4.target_version) AND (p_1.path_sha256 = w_4.sha256)) OR ((w_4.kind = 'knowledge'::text) AND EXISTS(SubPlan 10)))
    correction_capacity_diagnostic_test.go:8:                   ->  Index Scan using content_withdrawals_pkey on content_withdrawals w_4  (cost=0.15..8.17 rows=1 width=100) (never executed)
    correction_capacity_diagnostic_test.go:8:                         Index Cond: (id = c_1.withdrawal_id)
    correction_capacity_diagnostic_test.go:8:                         Filter: ((kind = 'path'::text) OR (kind = 'knowledge'::text))
    correction_capacity_diagnostic_test.go:8:                   ->  Index Scan using learning_path_enrollments_id_owner_user_id_key on learning_path_enrollments p_1  (cost=0.15..8.17 rows=1 width=84) (never executed)
    correction_capacity_diagnostic_test.go:8:                         Index Cond: ((id = e.id) AND (owner_user_id = e.owner))
    correction_capacity_diagnostic_test.go:8:                   SubPlan 10
    correction_capacity_diagnostic_test.go:8:                     ->  Index Scan using learning_path_nodes_enrollment_id_knowledge_id_key on learning_path_nodes n  (cost=0.15..8.18 rows=1 width=0) (never executed)
    correction_capacity_diagnostic_test.go:8:                           Index Cond: ((enrollment_id = p_1.id) AND (knowledge_id = w_4.target_id))
    correction_capacity_diagnostic_test.go:8:                           Filter: ((knowledge_version = w_4.target_version) AND (knowledge_sha256 = w_4.sha256))
    correction_capacity_diagnostic_test.go:8:   ->  Sort  (cost=5575.56..5576.39 rows=334 width=124) (actual time=0.166..0.167 rows=1 loops=1)
    correction_capacity_diagnostic_test.go:8:         Sort Key: p.id, p.version
    correction_capacity_diagnostic_test.go:8:         Sort Method: quicksort  Memory: 25kB
    correction_capacity_diagnostic_test.go:8:         Buffers: shared hit=43
    correction_capacity_diagnostic_test.go:8:         ->  Nested Loop  (cost=0.28..5562.77 rows=334 width=124) (actual time=0.160..0.161 rows=1 loops=1)
    correction_capacity_diagnostic_test.go:8:               Buffers: shared hit=43
    correction_capacity_diagnostic_test.go:8:               ->  CTE Scan on matched_cases c  (cost=0.00..6.68 rows=334 width=16) (actual time=0.148..0.148 rows=1 loops=1)
    correction_capacity_diagnostic_test.go:8:                     Buffers: shared hit=37
    correction_capacity_diagnostic_test.go:8:               ->  Index Scan using correction_plan_case_page on correction_plans p  (cost=0.28..16.61 rows=1 width=60) (actual time=0.010..0.011 rows=1 loops=1)
    correction_capacity_diagnostic_test.go:8:                     Index Cond: (case_id = c.id)
    correction_capacity_diagnostic_test.go:8:                     Filter: (sealed AND (status = 'approved'::text) AND (algorithm_version = 1) AND EXISTS(SubPlan 14))
    correction_capacity_diagnostic_test.go:8:                     Buffers: shared hit=6
    correction_capacity_diagnostic_test.go:8:                     SubPlan 14
    correction_capacity_diagnostic_test.go:8:                       ->  Index Scan using correction_events_subject_kind_subject_id_subject_version_s_key on correction_events v  (cost=0.29..8.31 rows=1 width=4) (actual time=0.004..0.004 rows=1 loops=1)
    correction_capacity_diagnostic_test.go:8:                             Index Cond: ((subject_kind = 'plan'::text) AND (subject_id = p.id) AND (subject_version = p.version))
    correction_capacity_diagnostic_test.go:8:                             Filter: (kind = 'plan_approved'::text)
    correction_capacity_diagnostic_test.go:8:                             Rows Removed by Filter: 2
    correction_capacity_diagnostic_test.go:8:                             Buffers: shared hit=3
    correction_capacity_diagnostic_test.go:8: Planning:
    correction_capacity_diagnostic_test.go:8:   Buffers: shared hit=51
    correction_capacity_diagnostic_test.go:8: Planning Time: 0.438 ms
    correction_capacity_diagnostic_test.go:8: JIT:
    correction_capacity_diagnostic_test.go:8:   Functions: 148
    correction_capacity_diagnostic_test.go:8:   Options: Inlining false, Optimization false, Expressions true, Deforming true
    correction_capacity_diagnostic_test.go:8:   Timing: Generation 1.574 ms (Deform 0.681 ms), Inlining 0.000 ms, Optimization 0.926 ms, Emission 22.799 ms, Total 25.300 ms
    correction_capacity_diagnostic_test.go:8: Execution Time: 25.589 ms
    correction_capacity_diagnostic_test.go:8: DIAG real batch50 2.300085875s
--- PASS: TestCorrectionCapacityDiagnostic (106.27s)
PASS
ok  	github.com/yyl1212/math_master/backend/internal/store	106.874s
