=== RUN   TestCorrectionCapacityDiagnostic
    correction_capacity_diagnostic_test.go:4: DIAG setup 32.528661125s
    correction_capacity_diagnostic_test.go:4: DIAG health 10=21.317125ms
    correction_capacity_diagnostic_test.go:4: DIAG original basis 10=16.513541ms
    correction_capacity_diagnostic_test.go:4: DIAG applicable plans 10=7.632959ms
    correction_capacity_diagnostic_test.go:4: Limit  (cost=87588.67..87588.92 rows=101 width=124) (actual time=0.128..0.129 rows=1 loops=1)
    correction_capacity_diagnostic_test.go:4:   Buffers: shared hit=43
    correction_capacity_diagnostic_test.go:4:   CTE evidence
    correction_capacity_diagnostic_test.go:4:     ->  Index Scan using practice_attempts_id_owner_user_id_key on practice_attempts  (cost=0.29..8.32 rows=1 width=145) (actual time=0.004..0.004 rows=1 loops=1)
    correction_capacity_diagnostic_test.go:4:           Index Cond: ((id = '659ce4bc-dabd-46c4-aa98-6ebdede3b1f4'::uuid) AND (owner_user_id = '75d2a0d5-f9a0-47d4-b544-ac744fcebda2'::uuid))
    correction_capacity_diagnostic_test.go:4:           Buffers: shared hit=6
    correction_capacity_diagnostic_test.go:4:   CTE matched_cases
    correction_capacity_diagnostic_test.go:4:     ->  Nested Loop  (cost=0.00..82006.46 rows=334 width=16) (actual time=0.009..0.124 rows=1 loops=1)
    correction_capacity_diagnostic_test.go:4:           Join Filter: ((c_1.id = '085d1393-8570-4146-bfed-2a5fed079845'::uuid) OR (c_1.sealed AND (c_1.kind = 'grading_rule'::text) AND (e.kind = ANY ('{assessment,practice}'::text[])) AND (e.rule_version = c_1.rule_version) AND (e.created_at <= c_1.cutoff) AND ((c_1.scope_kind = 'all'::text) OR ((e.kid = c_1.knowledge_id) AND (e.kv = c_1.knowledge_version) AND (e.kh = c_1.knowledge_sha256)))) OR (c_1.sealed AND (c_1.kind = 'withdrawal'::text) AND (EXISTS(SubPlan 5) OR EXISTS(SubPlan 9) OR ((e.kind = 'enrollment'::text) AND (c_1.withdrawal_space = 'content'::text) AND EXISTS(SubPlan 12)))))
    correction_capacity_diagnostic_test.go:4:           Rows Removed by Join Filter: 999
    correction_capacity_diagnostic_test.go:4:           Buffers: shared hit=37
    correction_capacity_diagnostic_test.go:4:           ->  CTE Scan on evidence e  (cost=0.00..0.02 rows=1 width=144) (actual time=0.004..0.005 rows=1 loops=1)
    correction_capacity_diagnostic_test.go:4:                 Buffers: shared hit=6
    correction_capacity_diagnostic_test.go:4:           ->  Seq Scan on correction_cases c_1  (cost=0.00..40.99 rows=999 width=162) (actual time=0.001..0.033 rows=1000 loops=1)
    correction_capacity_diagnostic_test.go:4:                 Buffers: shared hit=31
    correction_capacity_diagnostic_test.go:4:           SubPlan 5
    correction_capacity_diagnostic_test.go:4:             ->  Index Scan using learning_dependency_owner on learning_evidence_dependencies d  (cost=0.41..24.80 rows=1 width=0) (never executed)
    correction_capacity_diagnostic_test.go:4:                   Index Cond: ((owner_user_id = e.owner) AND (evidence_kind = e.kind) AND (evidence_id = e.id))
    correction_capacity_diagnostic_test.go:4:                   Filter: (((c_1.withdrawal_space = 'content'::text) AND EXISTS(SubPlan 2)) OR ((c_1.withdrawal_space = 'question'::text) AND (ANY ((kind = (hashed SubPlan 4).col1) AND (id = (hashed SubPlan 4).col2) AND (version = (hashed SubPlan 4).col3) AND (sha256 = (hashed SubPlan 4).col4)))))
    correction_capacity_diagnostic_test.go:4:                   SubPlan 2
    correction_capacity_diagnostic_test.go:4:                     ->  Index Scan using content_withdrawals_pkey on content_withdrawals w  (cost=0.15..8.18 rows=1 width=0) (never executed)
    correction_capacity_diagnostic_test.go:4:                           Index Cond: (id = c_1.withdrawal_id)
    correction_capacity_diagnostic_test.go:4:                           Filter: ((kind = d.kind) AND (sha256 = d.sha256) AND ((d.kind = 'asset'::text) OR ((target_id = d.id) AND (target_version = d.version))))
    correction_capacity_diagnostic_test.go:4:                   SubPlan 4
    correction_capacity_diagnostic_test.go:4:                     ->  Index Scan using question_withdrawals_pkey on question_withdrawals w_1  (cost=0.15..8.17 rows=1 width=100) (never executed)
    correction_capacity_diagnostic_test.go:4:                           Index Cond: (id = c_1.withdrawal_id)
    correction_capacity_diagnostic_test.go:4:           SubPlan 9
    correction_capacity_diagnostic_test.go:4:             ->  Nested Loop  (cost=0.27..32.68 rows=1 width=0) (never executed)
    correction_capacity_diagnostic_test.go:4:                   Join Filter: (r.id = d_1.result_id)
    correction_capacity_diagnostic_test.go:4:                   ->  Index Scan using correction_result_owner_page on correction_results r  (cost=0.14..8.17 rows=1 width=16) (never executed)
    correction_capacity_diagnostic_test.go:4:                         Index Cond: ((owner_user_id = e.owner) AND (evidence_kind = e.kind) AND (evidence_id = e.id))
    correction_capacity_diagnostic_test.go:4:                         Filter: sealed
    correction_capacity_diagnostic_test.go:4:                   ->  Index Only Scan using correction_dependency_reverse on correction_dependencies d_1  (cost=0.12..24.50 rows=1 width=16) (never executed)
    correction_capacity_diagnostic_test.go:4:                         Filter: (((c_1.withdrawal_space = 'content'::text) AND EXISTS(SubPlan 6)) OR ((c_1.withdrawal_space = 'question'::text) AND (ANY ((kind = (hashed SubPlan 8).col1) AND (id = (hashed SubPlan 8).col2) AND (version = (hashed SubPlan 8).col3) AND (sha256 = (hashed SubPlan 8).col4)))))
    correction_capacity_diagnostic_test.go:4:                         Heap Fetches: 0
    correction_capacity_diagnostic_test.go:4:                         SubPlan 6
    correction_capacity_diagnostic_test.go:4:                           ->  Index Scan using content_withdrawals_pkey on content_withdrawals w_2  (cost=0.15..8.18 rows=1 width=0) (never executed)
    correction_capacity_diagnostic_test.go:4:                                 Index Cond: (id = c_1.withdrawal_id)
    correction_capacity_diagnostic_test.go:4:                                 Filter: ((kind = d_1.kind) AND (sha256 = d_1.sha256) AND ((d_1.kind = 'asset'::text) OR ((target_id = d_1.id) AND (target_version = d_1.version))))
    correction_capacity_diagnostic_test.go:4:                         SubPlan 8
    correction_capacity_diagnostic_test.go:4:                           ->  Index Scan using question_withdrawals_pkey on question_withdrawals w_3  (cost=0.15..8.17 rows=1 width=100) (never executed)
    correction_capacity_diagnostic_test.go:4:                                 Index Cond: (id = c_1.withdrawal_id)
    correction_capacity_diagnostic_test.go:4:           SubPlan 12
    correction_capacity_diagnostic_test.go:4:             ->  Nested Loop  (cost=0.29..24.54 rows=1 width=0) (never executed)
    correction_capacity_diagnostic_test.go:4:                   Join Filter: (((w_4.kind = 'path'::text) AND (p_1.path_id = w_4.target_id) AND (p_1.path_version = w_4.target_version) AND (p_1.path_sha256 = w_4.sha256)) OR ((w_4.kind = 'knowledge'::text) AND EXISTS(SubPlan 10)))
    correction_capacity_diagnostic_test.go:4:                   ->  Index Scan using content_withdrawals_pkey on content_withdrawals w_4  (cost=0.15..8.17 rows=1 width=100) (never executed)
    correction_capacity_diagnostic_test.go:4:                         Index Cond: (id = c_1.withdrawal_id)
    correction_capacity_diagnostic_test.go:4:                         Filter: ((kind = 'path'::text) OR (kind = 'knowledge'::text))
    correction_capacity_diagnostic_test.go:4:                   ->  Index Scan using learning_path_enrollments_id_owner_user_id_key on learning_path_enrollments p_1  (cost=0.15..8.17 rows=1 width=84) (never executed)
    correction_capacity_diagnostic_test.go:4:                         Index Cond: ((id = e.id) AND (owner_user_id = e.owner))
    correction_capacity_diagnostic_test.go:4:                   SubPlan 10
    correction_capacity_diagnostic_test.go:4:                     ->  Index Scan using learning_path_nodes_enrollment_id_knowledge_id_key on learning_path_nodes n  (cost=0.15..8.18 rows=1 width=0) (never executed)
    correction_capacity_diagnostic_test.go:4:                           Index Cond: ((enrollment_id = p_1.id) AND (knowledge_id = w_4.target_id))
    correction_capacity_diagnostic_test.go:4:                           Filter: ((knowledge_version = w_4.target_version) AND (knowledge_sha256 = w_4.sha256))
    correction_capacity_diagnostic_test.go:4:   ->  Sort  (cost=5573.89..5574.72 rows=334 width=124) (actual time=0.128..0.128 rows=1 loops=1)
    correction_capacity_diagnostic_test.go:4:         Sort Key: p.id, p.version
    correction_capacity_diagnostic_test.go:4:         Sort Method: quicksort  Memory: 25kB
    correction_capacity_diagnostic_test.go:4:         Buffers: shared hit=43
    correction_capacity_diagnostic_test.go:4:         ->  Nested Loop  (cost=0.28..5561.10 rows=334 width=124) (actual time=0.013..0.127 rows=1 loops=1)
    correction_capacity_diagnostic_test.go:4:               Buffers: shared hit=43
    correction_capacity_diagnostic_test.go:4:               ->  CTE Scan on matched_cases c  (cost=0.00..6.68 rows=334 width=16) (actual time=0.010..0.124 rows=1 loops=1)
    correction_capacity_diagnostic_test.go:4:                     Buffers: shared hit=37
    correction_capacity_diagnostic_test.go:4:               ->  Index Scan using correction_plan_case_page on correction_plans p  (cost=0.28..16.60 rows=1 width=60) (actual time=0.003..0.003 rows=1 loops=1)
    correction_capacity_diagnostic_test.go:4:                     Index Cond: (case_id = c.id)
    correction_capacity_diagnostic_test.go:4:                     Filter: (sealed AND (status = 'approved'::text) AND (algorithm_version = 1) AND EXISTS(SubPlan 14))
    correction_capacity_diagnostic_test.go:4:                     Buffers: shared hit=6
    correction_capacity_diagnostic_test.go:4:                     SubPlan 14
    correction_capacity_diagnostic_test.go:4:                       ->  Index Scan using correction_events_subject_kind_subject_id_subject_version_s_key on correction_events v  (cost=0.28..8.30 rows=1 width=4) (actual time=0.001..0.001 rows=1 loops=1)
    correction_capacity_diagnostic_test.go:4:                             Index Cond: ((subject_kind = 'plan'::text) AND (subject_id = p.id) AND (subject_version = p.version))
    correction_capacity_diagnostic_test.go:4:                             Filter: (kind = 'plan_approved'::text)
    correction_capacity_diagnostic_test.go:4:                             Rows Removed by Filter: 2
    correction_capacity_diagnostic_test.go:4:                             Buffers: shared hit=3
    correction_capacity_diagnostic_test.go:4: Planning:
    correction_capacity_diagnostic_test.go:4:   Buffers: shared hit=41
    correction_capacity_diagnostic_test.go:4: Planning Time: 0.320 ms
    correction_capacity_diagnostic_test.go:4: Execution Time: 0.156 ms
    correction_capacity_diagnostic_test.go:4: DIAG real batch50 746.040208ms
--- PASS: TestCorrectionCapacityDiagnostic (33.35s)
PASS
ok  	github.com/yyl1212/math_master/backend/internal/store	33.932s
