=== RUN   TestCorrectionCapacityDiagnostic
    correction_capacity_diagnostic_test.go:4: DIAG setup 32.727471166s
    correction_capacity_diagnostic_test.go:4: BACKFILL_PLAN Limit  (cost=284.65..284.65 rows=1 width=112) (actual time=0.010..0.017 rows=0 loops=1)
    correction_capacity_diagnostic_test.go:4: BACKFILL_PLAN   Buffers: shared hit=6
    correction_capacity_diagnostic_test.go:4: BACKFILL_PLAN   ->  Sort  (cost=284.65..284.65 rows=1 width=112) (actual time=0.010..0.017 rows=0 loops=1)
    correction_capacity_diagnostic_test.go:4: BACKFILL_PLAN         Sort Key: "*SELECT* 1".kind, "*SELECT* 1".id
    correction_capacity_diagnostic_test.go:4: BACKFILL_PLAN         Sort Method: quicksort  Memory: 25kB
    correction_capacity_diagnostic_test.go:4: BACKFILL_PLAN         Buffers: shared hit=6
    correction_capacity_diagnostic_test.go:4: BACKFILL_PLAN         ->  Nested Loop Anti Join  (cost=0.57..284.64 rows=1 width=112) (actual time=0.008..0.014 rows=0 loops=1)
    correction_capacity_diagnostic_test.go:4: BACKFILL_PLAN               Buffers: shared hit=6
    correction_capacity_diagnostic_test.go:4: BACKFILL_PLAN               ->  Nested Loop  (cost=0.40..271.10 rows=1 width=80) (actual time=0.008..0.008 rows=0 loops=1)
    correction_capacity_diagnostic_test.go:4: BACKFILL_PLAN                     Buffers: shared hit=6
    correction_capacity_diagnostic_test.go:4: BACKFILL_PLAN                     ->  Index Scan using correction_cases_pkey on correction_cases c  (cost=0.28..8.29 rows=1 width=128) (actual time=0.003..0.003 rows=1 loops=1)
    correction_capacity_diagnostic_test.go:4: BACKFILL_PLAN                           Index Cond: (id = 'd7ad68b4-e3f2-4788-8def-7179144d0659'::uuid)
    correction_capacity_diagnostic_test.go:4: BACKFILL_PLAN                           Filter: (sealed AND (kind = 'grading_rule'::text))
    correction_capacity_diagnostic_test.go:4: BACKFILL_PLAN                           Buffers: shared hit=3
    correction_capacity_diagnostic_test.go:4: BACKFILL_PLAN                     ->  Append  (cost=0.12..262.78 rows=2 width=144) (actual time=0.005..0.005 rows=0 loops=1)
    correction_capacity_diagnostic_test.go:4: BACKFILL_PLAN                           Buffers: shared hit=3
    correction_capacity_diagnostic_test.go:4: BACKFILL_PLAN                           ->  Subquery Scan on "*SELECT* 1"  (cost=0.12..8.16 rows=1 width=144) (actual time=0.000..0.001 rows=0 loops=1)
    correction_capacity_diagnostic_test.go:4: BACKFILL_PLAN                                 Filter: (("*SELECT* 1".created_at <= c.cutoff) AND (c.rule_version = "*SELECT* 1".rule_version) AND ((c.scope_kind = 'all'::text) OR (("*SELECT* 1".kid = c.knowledge_id) AND ("*SELECT* 1".kv = c.knowledge_version) AND ("*SELECT* 1".kh = c.knowledge_sha256))))
    correction_capacity_diagnostic_test.go:4: BACKFILL_PLAN                                 Buffers: shared hit=1
    correction_capacity_diagnostic_test.go:4: BACKFILL_PLAN                                 ->  Index Scan using learning_recent_submission on assessment_attempts  (cost=0.12..8.14 rows=1 width=145) (actual time=0.000..0.000 rows=0 loops=1)
    correction_capacity_diagnostic_test.go:4: BACKFILL_PLAN                                       Filter: sealed
    correction_capacity_diagnostic_test.go:4: BACKFILL_PLAN                                       Buffers: shared hit=1
    correction_capacity_diagnostic_test.go:4: BACKFILL_PLAN                           ->  Bitmap Heap Scan on practice_attempts  (cost=5.02..254.61 rows=1 width=144) (actual time=0.004..0.004 rows=0 loops=1)
    correction_capacity_diagnostic_test.go:4: BACKFILL_PLAN                                 Recheck Cond: ((c.rule_version = ((seal #>> '{body,ruleVersion}'::text[]))::integer) AND (created_at <= c.cutoff))
    correction_capacity_diagnostic_test.go:4: BACKFILL_PLAN                                 Filter: ((state = 'answered'::text) AND ((c.scope_kind = 'all'::text) OR ((knowledge_id = c.knowledge_id) AND (knowledge_version = c.knowledge_version) AND (knowledge_sha256 = c.knowledge_sha256))))
    correction_capacity_diagnostic_test.go:4: BACKFILL_PLAN                                 Buffers: shared hit=2
    correction_capacity_diagnostic_test.go:4: BACKFILL_PLAN                                 ->  Bitmap Index Scan on correction_practice_scope  (cost=0.00..5.02 rows=73 width=0) (actual time=0.003..0.003 rows=0 loops=1)
    correction_capacity_diagnostic_test.go:4: BACKFILL_PLAN                                       Index Cond: ((((seal #>> '{body,ruleVersion}'::text[]))::integer = c.rule_version) AND (created_at <= c.cutoff))
    correction_capacity_diagnostic_test.go:4: BACKFILL_PLAN                                       Buffers: shared hit=2
    correction_capacity_diagnostic_test.go:4: BACKFILL_PLAN               ->  Index Only Scan using correction_jobs_source_key_key on correction_jobs j  (cost=0.17..8.19 rows=1 width=32) (never executed)
    correction_capacity_diagnostic_test.go:4: BACKFILL_PLAN                     Index Cond: (source_key = ((((('terminal:'::text || (c.id)::text) || ':'::text) || "*SELECT* 1".kind) || ':'::text) || ("*SELECT* 1".id)::text))
    correction_capacity_diagnostic_test.go:4: BACKFILL_PLAN                     Heap Fetches: 0
    correction_capacity_diagnostic_test.go:4: BACKFILL_PLAN Planning:
    correction_capacity_diagnostic_test.go:4: BACKFILL_PLAN   Buffers: shared hit=31
    correction_capacity_diagnostic_test.go:4: BACKFILL_PLAN Planning Time: 0.240 ms
    correction_capacity_diagnostic_test.go:4: BACKFILL_PLAN Execution Time: 0.030 ms
    correction_capacity_diagnostic_test.go:4: BACKFILL step=0 count=50 duration=82.921792ms remaining=974
    correction_capacity_diagnostic_test.go:4: BACKFILL step=1 count=50 duration=75.063667ms remaining=949
    correction_capacity_diagnostic_test.go:4: BACKFILL step=2 count=50 duration=75.997542ms remaining=924
    correction_capacity_diagnostic_test.go:4: BACKFILL step=3 count=50 duration=76.964709ms remaining=899
    correction_capacity_diagnostic_test.go:4: BACKFILL step=4 count=50 duration=75.90675ms remaining=874
    correction_capacity_diagnostic_test.go:4: BACKFILL step=5 count=50 duration=75.204208ms remaining=849
    correction_capacity_diagnostic_test.go:4: BACKFILL step=6 count=50 duration=79.366917ms remaining=824
    correction_capacity_diagnostic_test.go:4: BACKFILL step=7 count=50 duration=77.072416ms remaining=799
    correction_capacity_diagnostic_test.go:4: BACKFILL step=8 count=50 duration=74.243ms remaining=774
    correction_capacity_diagnostic_test.go:4: BACKFILL step=9 count=50 duration=74.441459ms remaining=749
    correction_capacity_diagnostic_test.go:4: BACKFILL step=10 count=50 duration=74.089667ms remaining=724
    correction_capacity_diagnostic_test.go:4: BACKFILL step=11 count=50 duration=74.736375ms remaining=699
    correction_capacity_diagnostic_test.go:4: BACKFILL step=12 count=50 duration=73.349875ms remaining=674
    correction_capacity_diagnostic_test.go:4: BACKFILL step=13 count=50 duration=75.018167ms remaining=649
    correction_capacity_diagnostic_test.go:4: BACKFILL step=14 count=50 duration=75.157208ms remaining=624
    correction_capacity_diagnostic_test.go:4: BACKFILL step=15 count=50 duration=77.540708ms remaining=599
    correction_capacity_diagnostic_test.go:4: BACKFILL step=16 count=50 duration=75.170125ms remaining=574
    correction_capacity_diagnostic_test.go:4: BACKFILL step=17 count=50 duration=75.081ms remaining=549
    correction_capacity_diagnostic_test.go:4: BACKFILL step=18 count=50 duration=75.146708ms remaining=524
    correction_capacity_diagnostic_test.go:4: BACKFILL step=19 count=50 duration=75.048667ms remaining=499
    correction_capacity_diagnostic_test.go:4: BACKFILL step=20 count=50 duration=72.842625ms remaining=474
    correction_capacity_diagnostic_test.go:4: BACKFILL step=21 count=50 duration=75.869333ms remaining=449
    correction_capacity_diagnostic_test.go:4: BACKFILL step=22 count=50 duration=74.766292ms remaining=424
    correction_capacity_diagnostic_test.go:4: BACKFILL step=23 count=50 duration=76.163125ms remaining=399
    correction_capacity_diagnostic_test.go:4: BACKFILL step=24 count=50 duration=74.324333ms remaining=374
    correction_capacity_diagnostic_test.go:4: BACKFILL step=25 count=50 duration=75.424791ms remaining=349
    correction_capacity_diagnostic_test.go:4: BACKFILL step=26 count=50 duration=74.861625ms remaining=324
    correction_capacity_diagnostic_test.go:4: BACKFILL step=27 count=50 duration=74.621833ms remaining=299
    correction_capacity_diagnostic_test.go:4: BACKFILL step=28 count=50 duration=74.472875ms remaining=274
    correction_capacity_diagnostic_test.go:4: BACKFILL step=29 count=50 duration=75.050792ms remaining=249
    correction_capacity_diagnostic_test.go:4: BACKFILL step=30 count=50 duration=75.614583ms remaining=224
    correction_capacity_diagnostic_test.go:4: BACKFILL step=31 count=50 duration=74.702084ms remaining=199
    correction_capacity_diagnostic_test.go:4: BACKFILL step=32 count=50 duration=74.916459ms remaining=174
    correction_capacity_diagnostic_test.go:4: BACKFILL step=33 count=50 duration=78.633709ms remaining=149
    correction_capacity_diagnostic_test.go:4: BACKFILL step=34 count=50 duration=76.285666ms remaining=124
    correction_capacity_diagnostic_test.go:4: BACKFILL step=35 count=50 duration=75.210833ms remaining=99
    correction_capacity_diagnostic_test.go:4: BACKFILL step=36 count=50 duration=75.87275ms remaining=74
    correction_capacity_diagnostic_test.go:4: BACKFILL step=37 count=50 duration=75.344709ms remaining=49
    correction_capacity_diagnostic_test.go:4: BACKFILL step=38 count=50 duration=75.237542ms remaining=24
    correction_capacity_diagnostic_test.go:4: BACKFILL step=39 count=50 duration=79.225542ms remaining=0
    correction_capacity_diagnostic_test.go:4: BACKFILL full1000 3.049892166s
--- PASS: TestCorrectionCapacityDiagnostic (35.79s)
PASS
ok  	github.com/yyl1212/math_master/backend/internal/store	36.392s
