✔ freezes source bytes and finds changes without changing the prior snapshot (55.11275ms)
✔ unchanged sources produce no repeated changes and never overwrite a snapshot (78.751334ms)
✔ rejects index paths escaping the source folder (23.688792ms)
✔ reports missing files as a review item without modifying the previous snapshot (49.426666ms)
✔ private snapshots retain owner-only permissions under a permissive umask (26.04625ms)
✔ new correction CI is executable, classified once and keeps every original batch and deadline (7.063958ms)
✔ deleting any of the 20 browser batches is rejected (6.158167ms)
✔ step labels and echo commands cannot stand in for actual browser execution (0.633791ms)
✔ all five capacity commands must remain executable and separate (3.854708ms)
✔ extra skips, duplicate classification and omitted notification/CLI tests are rejected (2.727ms)
✔ Go, job, browser and wrapper time limits cannot be expanded or disguised with duplicate flags (1.408959ms)
✔ new capacity names inside an echo are rejected (0.331083ms)
✔ a second actual new test classification in the original job is rejected (1.253292ms)
✔ required correction Go and browser steps cannot be declared but conditionally disabled (0.422ms)
✔ P5a product baseline retains 88 paths, 220 schemas, 32 responses and three security schemes with only approved pointers (10.598292ms)
✔ all seven original migrations retain exact bytes (0.48275ms)
✔ all existing mathematical digest purposes retain their exact sets (1.399459ms)
✔ removing an old path is rejected (9.82475ms)
✔ an unapproved field is never normalized away (10.588959ms)
✔ changed fixed mathematics and bounds are rejected (26.367042ms)
✔ approved fields require their exact new shape before inverse normalization (19.464042ms)
✔ inverse normalization leaves the source document unchanged (4.808625ms)
✔ a changed original migration fails protection (0.554917ms)
✔ a changed original purpose fails protection (0.335666ms)
✔ all result variants and additional properties survive old full-schema checks (26.5275ms)
✔ actual CI preserves old batches and executes every new feedback batch within original limits (2.561666ms)
✔ deleting an original browser batch is detected (0.919917ms)
✔ adding browser skip selection or retries is detected (0.813791ms)
✔ deleting a capacity batch or skipping extra old store tests is detected (1.129875ms)
✔ no browser suite or case is silently skipped, focused or retried (1.2745ms)
✔ active command parser handles split and equals options without counting step labels (0.1035ms)
✔ approved master preserves all 75 paths, 192 schemas, 32 responses and three security schemes (10.371333ms)
✔ a changed original Learning field is detected (11.1825ms)
✔ all original migrations 00001 through 00006 retain their exact bytes (0.426583ms)
✔ changing an original migration is detected (0.144375ms)
✔ original mathematical digest purposes retain their exact sets (1.2605ms)
✔ all 54 old paths, 147 schemas, 22 responses and three security schemes retain exact values (4.2735ms)
✔ one deliberately changed old field is detected (7.850875ms)
✔ original migrations and mathematical purposes remain unchanged (1.193416ms)
✔ all 21 learning operations have named strict contracts and fixed response bounds (0.213959ms)
✔ keeps success and failure exit codes (83.960625ms)
✔ terminates commands on timeout (73.496083ms)
✔ rejects timeouts above the test ceiling (19.864458ms)
✔ kills remaining process group after its leader exits on timeout (5325.275459ms)
ℹ tests 44
ℹ suites 0
ℹ pass 44
ℹ fail 0
ℹ cancelled 0
ℹ skipped 0
ℹ todo 0
ℹ duration_ms 5541.421041
