=== RUN   TestCorrectionLateTerminalAfterRootDone
--- PASS: TestCorrectionLateTerminalAfterRootDone (0.93s)
=== RUN   TestCorrectionCutoffLateSubmissionAndNewAttempt
--- PASS: TestCorrectionCutoffLateSubmissionAndNewAttempt (0.86s)
=== RUN   TestCorrectionCutoffRegistrationCommitFence
=== RUN   TestCorrectionCutoffRegistrationCommitFence/registration-first
=== RUN   TestCorrectionCutoffRegistrationCommitFence/learner-first
--- PASS: TestCorrectionCutoffRegistrationCommitFence (1.82s)
    --- PASS: TestCorrectionCutoffRegistrationCommitFence/registration-first (0.90s)
    --- PASS: TestCorrectionCutoffRegistrationCommitFence/learner-first (0.92s)
=== RUN   TestCorrectionSystemEntryOrderedLocks
=== RUN   TestCorrectionSystemEntryOrderedLocks/0
=== RUN   TestCorrectionSystemEntryOrderedLocks/1
=== RUN   TestCorrectionSystemEntryOrderedLocks/2
--- PASS: TestCorrectionSystemEntryOrderedLocks (2.34s)
    --- PASS: TestCorrectionSystemEntryOrderedLocks/0 (0.79s)
    --- PASS: TestCorrectionSystemEntryOrderedLocks/1 (0.77s)
    --- PASS: TestCorrectionSystemEntryOrderedLocks/2 (0.78s)
=== RUN   TestCorrectionSystemEntryWithoutContentLocks
--- PASS: TestCorrectionSystemEntryWithoutContentLocks (0.75s)
PASS
ok  	github.com/yyl1212/math_master/backend/internal/store	7.281s
