✔ freezes source bytes and finds changes without changing the prior snapshot (58.018542ms)
✔ unchanged sources produce no repeated changes and never overwrite a snapshot (72.901708ms)
✔ rejects index paths escaping the source folder (23.931375ms)
✔ reports missing files as a review item without modifying the previous snapshot (50.146375ms)
✔ private snapshots retain owner-only permissions under a permissive umask (24.060916ms)
✔ new correction CI is executable, classified once and keeps every original batch and deadline (8.772583ms)
✔ deleting any of the 20 browser batches is rejected (6.172458ms)
✔ step labels and echo commands cannot stand in for actual browser execution (0.749375ms)
✔ all five capacity commands must remain executable and separate (4.12175ms)
✔ extra skips, duplicate classification and omitted notification/CLI tests are rejected (1.869ms)
✔ Go, job, browser and wrapper time limits cannot be expanded or disguised with duplicate flags (1.092541ms)
✔ new capacity names inside an echo are rejected (0.300333ms)
✔ a second actual new test classification in the original job is rejected (1.098917ms)
✔ required correction Go and browser steps cannot be declared but conditionally disabled (0.379333ms)
✔ P5a product baseline retains 88 paths, 220 schemas, 32 responses and three security schemes with only approved pointers (10.479916ms)
✔ all seven original migrations retain exact bytes (0.49925ms)
✔ all existing mathematical digest purposes retain their exact sets (1.488125ms)
✔ removing an old path is rejected (9.068708ms)
✔ an unapproved field is never normalized away (10.387083ms)
✔ changed fixed mathematics and bounds are rejected (25.881875ms)
✔ approved fields require their exact new shape before inverse normalization (18.894ms)
✔ inverse normalization leaves the source document unchanged (4.578834ms)
✔ a changed original migration fails protection (0.556958ms)
✔ a changed original purpose fails protection (0.344459ms)
✔ all result variants and additional properties survive old full-schema checks (25.697042ms)
✔ actual CI preserves old batches and executes every new feedback batch within original limits (2.812959ms)
✔ deleting an original browser batch is detected (0.93175ms)
✔ adding browser skip selection or retries is detected (0.65875ms)
✔ deleting a capacity batch or skipping extra old store tests is detected (0.960167ms)
✔ no browser suite or case is silently skipped, focused or retried (3.676917ms)
✔ active command parser handles split and equals options without counting step labels (0.111708ms)
✔ approved master preserves all 75 paths, 192 schemas, 32 responses and three security schemes (9.157875ms)
✔ a changed original Learning field is detected (12.097958ms)
✔ all original migrations 00001 through 00006 retain their exact bytes (0.419417ms)
✔ changing an original migration is detected (0.150959ms)
✔ original mathematical digest purposes retain their exact sets (1.152917ms)
✔ all 54 old paths, 147 schemas, 22 responses and three security schemes retain exact values (4.240875ms)
✔ one deliberately changed old field is detected (8.399958ms)
✔ original migrations and mathematical purposes remain unchanged (1.396208ms)
✔ all 21 learning operations have named strict contracts and fixed response bounds (0.199083ms)
✔ keeps success and failure exit codes (86.586ms)
✔ terminates commands on timeout (75.855708ms)
✔ rejects timeouts above the test ceiling (19.267709ms)
✔ kills remaining process group after its leader exits on timeout (5326.629916ms)
ℹ tests 44
ℹ suites 0
ℹ pass 44
ℹ fail 0
ℹ cancelled 0
ℹ skipped 0
ℹ todo 0
ℹ duration_ms 5543.643
