✔ freezes source bytes and finds changes without changing the prior snapshot (55.351958ms)
✔ unchanged sources produce no repeated changes and never overwrite a snapshot (72.142875ms)
✔ rejects index paths escaping the source folder (22.086417ms)
✔ reports missing files as a review item without modifying the previous snapshot (48.14925ms)
✔ private snapshots retain owner-only permissions under a permissive umask (24.865834ms)
✔ new correction CI is executable, classified once and keeps every original batch and deadline (7.528875ms)
✔ deleting any of the 20 browser batches is rejected (5.990583ms)
✔ step labels and echo commands cannot stand in for actual browser execution (0.542042ms)
✔ all five capacity commands must remain executable and separate (4.572042ms)
✔ extra skips, duplicate classification and omitted notification/CLI tests are rejected (2.351958ms)
✔ Go, job, browser and wrapper time limits cannot be expanded or disguised with duplicate flags (1.443292ms)
✔ new capacity names inside an echo are rejected (0.44375ms)
✔ a second actual new test classification in the original job is rejected (0.927416ms)
✔ required correction Go and browser steps cannot be declared but conditionally disabled (0.314541ms)
✔ P5a product baseline retains 88 paths, 220 schemas, 32 responses and three security schemes with only approved pointers (9.768917ms)
✔ all seven original migrations retain exact bytes (0.483208ms)
✔ all existing mathematical digest purposes retain their exact sets (1.540916ms)
✔ removing an old path is rejected (9.205083ms)
✔ an unapproved field is never normalized away (10.197708ms)
✔ changed fixed mathematics and bounds are rejected (25.582875ms)
✔ approved fields require their exact new shape before inverse normalization (18.557209ms)
✔ inverse normalization leaves the source document unchanged (4.543375ms)
✔ a changed original migration fails protection (0.519542ms)
✔ a changed original purpose fails protection (0.318125ms)
✔ all result variants and additional properties survive old full-schema checks (25.275042ms)
✔ actual CI preserves old batches and executes every new feedback batch within original limits (2.436584ms)
✔ deleting an original browser batch is detected (0.903375ms)
✔ adding browser skip selection or retries is detected (0.720041ms)
✔ deleting a capacity batch or skipping extra old store tests is detected (0.974958ms)
✔ no browser suite or case is silently skipped, focused or retried (1.01725ms)
✔ active command parser handles split and equals options without counting step labels (0.091042ms)
✔ approved master preserves all 75 paths, 192 schemas, 32 responses and three security schemes (8.768708ms)
✔ a changed original Learning field is detected (11.772167ms)
✔ all original migrations 00001 through 00006 retain their exact bytes (0.420084ms)
✔ changing an original migration is detected (0.139333ms)
✔ original mathematical digest purposes retain their exact sets (1.145583ms)
✔ all 54 old paths, 147 schemas, 22 responses and three security schemes retain exact values (3.966458ms)
✔ one deliberately changed old field is detected (7.73425ms)
✔ original migrations and mathematical purposes remain unchanged (1.236625ms)
✔ all 21 learning operations have named strict contracts and fixed response bounds (0.178583ms)
✔ keeps success and failure exit codes (77.584166ms)
✔ terminates commands on timeout (74.178709ms)
✔ rejects timeouts above the test ceiling (18.6595ms)
✔ kills remaining process group after its leader exits on timeout (5331.289959ms)
ℹ tests 44
ℹ suites 0
ℹ pass 44
ℹ fail 0
ℹ cancelled 0
ℹ skipped 0
ℹ todo 0
ℹ duration_ms 5544.190083
