=== RUN   TestCorrectionProjectionInvalidation
--- PASS: TestCorrectionProjectionInvalidation (0.00s)
=== RUN   TestCorrectionProjectionDiagnosticAllViewsOriginalBytes
--- PASS: TestCorrectionProjectionDiagnosticAllViewsOriginalBytes (0.96s)
=== RUN   TestCorrectionProjectionSupersededPassNotFallback
--- PASS: TestCorrectionProjectionSupersededPassNotFallback (0.96s)
=== RUN   TestCorrectionProjectionOriginalFailedFourDoesNotForgeOldQualification
--- PASS: TestCorrectionProjectionOriginalFailedFourDoesNotForgeOldQualification (0.86s)
=== RUN   TestCorrectionProjectionIncompatibleApprovedLeavesRestrict
--- PASS: TestCorrectionProjectionIncompatibleApprovedLeavesRestrict (0.88s)
=== RUN   TestFeedbackCapacity
=== RUN   TestFeedbackCapacity/historical_volume
    feedback_capacity_test.go:132: list learner_a: 165.082875ms, 24014 bytes
    feedback_capacity_test.go:132: list learner_a: 155.905917ms, 24014 bytes
    feedback_capacity_test.go:132: list learner_a: 155.847417ms, 24013 bytes
    feedback_capacity_test.go:132: list learner_a: 155.967916ms, 24011 bytes
    feedback_capacity_test.go:132: list learner_a: 155.128583ms, 24013 bytes
    feedback_capacity_test.go:132: list learner_a: 157.680334ms, 24015 bytes
    feedback_capacity_test.go:132: list learner_a: 156.828167ms, 24013 bytes
    feedback_capacity_test.go:132: list learner_a: 157.561375ms, 24015 bytes
    feedback_capacity_test.go:132: list learner_a: 156.485416ms, 24011 bytes
    feedback_capacity_test.go:132: list learner_a: 156.449333ms, 23877 bytes
    feedback_capacity_test.go:132: list learner_b: 154.948958ms, 24012 bytes
    feedback_capacity_test.go:132: list learner_b: 154.905125ms, 24012 bytes
    feedback_capacity_test.go:132: list learner_b: 154.46ms, 24013 bytes
    feedback_capacity_test.go:132: list learner_b: 155.28425ms, 24013 bytes
    feedback_capacity_test.go:132: list learner_b: 153.563375ms, 24012 bytes
    feedback_capacity_test.go:132: list learner_b: 167.246583ms, 24013 bytes
    feedback_capacity_test.go:132: list learner_b: 169.527542ms, 24008 bytes
    feedback_capacity_test.go:132: list learner_b: 160.796708ms, 24015 bytes
    feedback_capacity_test.go:132: list learner_b: 159.779125ms, 24014 bytes
    feedback_capacity_test.go:132: list learner_b: 154.31925ms, 23883 bytes
    feedback_capacity_test.go:132: list reviewer_a: 156.296167ms, 23964 bytes
    feedback_capacity_test.go:132: list reviewer_a: 157.08325ms, 23964 bytes
    feedback_capacity_test.go:132: list reviewer_a: 161.422459ms, 23959 bytes
    feedback_capacity_test.go:132: list reviewer_a: 156.210167ms, 23965 bytes
    feedback_capacity_test.go:132: list reviewer_a: 155.767334ms, 23964 bytes
    feedback_capacity_test.go:132: list reviewer_a: 154.959125ms, 23962 bytes
    feedback_capacity_test.go:132: list reviewer_a: 154.229ms, 23961 bytes
    feedback_capacity_test.go:132: list reviewer_a: 158.589083ms, 23961 bytes
    feedback_capacity_test.go:132: list reviewer_a: 155.396458ms, 23963 bytes
    feedback_capacity_test.go:132: list reviewer_a: 155.924208ms, 23964 bytes
    feedback_capacity_test.go:132: list reviewer_a: 154.702375ms, 23962 bytes
    feedback_capacity_test.go:132: list reviewer_a: 157.816292ms, 23966 bytes
    feedback_capacity_test.go:132: list reviewer_a: 157.28175ms, 23962 bytes
    feedback_capacity_test.go:132: list reviewer_a: 158.205334ms, 23958 bytes
    feedback_capacity_test.go:132: list reviewer_a: 155.996791ms, 23967 bytes
    feedback_capacity_test.go:132: list reviewer_a: 153.880708ms, 23964 bytes
    feedback_capacity_test.go:132: list reviewer_a: 156.466167ms, 23961 bytes
    feedback_capacity_test.go:132: list reviewer_a: 155.620084ms, 23964 bytes
    feedback_capacity_test.go:132: list reviewer_a: 156.352ms, 23959 bytes
    feedback_capacity_test.go:132: list reviewer_a: 156.489583ms, 23831 bytes
    feedback_capacity_test.go:156: cross-actor boundary: 155.46925ms, 24012 bytes
    feedback_capacity_test.go:168: discussion: 10.638875ms, 607731 bytes
    feedback_capacity_test.go:168: discussion: 10.538167ms, 607708 bytes
    feedback_capacity_test.go:191: reply beyond 50: 12.509709ms, 558 bytes
    feedback_capacity_test.go:213: concurrent transition: 20.804625ms, 2 bytes
    feedback_capacity_test.go:219: resolve long thread: 23.074291ms, 569 bytes
    feedback_capacity_test.go:222: reopen: 11.342208ms, 565 bytes
    feedback_capacity_test.go:226: original receipt after advancement: 5.118292ms, 558 bytes
    feedback_capacity_test.go:235: close long thread: 16.097625ms, 577 bytes
    feedback_capacity_test.go:240: private discussion with committed exposure: 10.876958ms, 342 bytes
    feedback_capacity_test.go:261: owner plan: Limit  (cost=4.98..201.60 rows=51 width=40) (actual time=0.090..0.447 rows=51 loops=1)
    feedback_capacity_test.go:261: owner plan:   Buffers: shared hit=1133
    feedback_capacity_test.go:261: owner plan:   ->  Incremental Sort  (cost=4.98..317.26 rows=81 width=40) (actual time=0.089..0.445 rows=51 loops=1)
    feedback_capacity_test.go:261: owner plan:         Sort Key: created_at DESC, ((id)::text) DESC
    feedback_capacity_test.go:261: owner plan:         Presorted Key: created_at
    feedback_capacity_test.go:261: owner plan:         Full-sort Groups: 1  Sort Method: quicksort  Average Memory: 29kB  Peak Memory: 29kB
    feedback_capacity_test.go:261: owner plan:         Pre-sorted Groups: 2  Sort Methods: top-N heapsort, quicksort  Average Memory: 25kB  Peak Memory: 25kB
    feedback_capacity_test.go:261: owner plan:         Buffers: shared hit=1133
    feedback_capacity_test.go:261: owner plan:         ->  Index Only Scan using feedback_owner_list on feedback_tickets  (cost=0.29..314.11 rows=81 width=40) (actual time=0.006..0.392 rows=501 loops=1)
    feedback_capacity_test.go:261: owner plan:               Index Cond: (owner_user_id = '6a323be5-d20e-4848-af47-e582cf4652c9'::uuid)
    feedback_capacity_test.go:261: owner plan:               Heap Fetches: 1125
    feedback_capacity_test.go:261: owner plan:               Buffers: shared hit=1130
    feedback_capacity_test.go:261: owner plan: Planning:
    feedback_capacity_test.go:261: owner plan:   Buffers: shared hit=5
    feedback_capacity_test.go:261: owner plan: Planning Time: 0.022 ms
    feedback_capacity_test.go:261: owner plan: Execution Time: 0.451 ms
    feedback_capacity_test.go:261: review plan: Limit  (cost=8.32..8.37 rows=2 width=40) (actual time=0.044..0.484 rows=51 loops=1)
    feedback_capacity_test.go:261: review plan:   Buffers: shared hit=2522
    feedback_capacity_test.go:261: review plan:   ->  Incremental Sort  (cost=8.32..8.37 rows=2 width=40) (actual time=0.044..0.482 rows=51 loops=1)
    feedback_capacity_test.go:261: review plan:         Sort Key: created_at DESC, ((id)::text) DESC
    feedback_capacity_test.go:261: review plan:         Presorted Key: created_at
    feedback_capacity_test.go:261: review plan:         Full-sort Groups: 1  Sort Method: quicksort  Average Memory: 29kB  Peak Memory: 29kB
    feedback_capacity_test.go:261: review plan:         Pre-sorted Groups: 2  Sort Methods: top-N heapsort, quicksort  Average Memory: 25kB  Peak Memory: 25kB
    feedback_capacity_test.go:261: review plan:         Buffers: shared hit=2522
    feedback_capacity_test.go:261: review plan:         ->  Index Only Scan using feedback_queue_list on feedback_tickets  (cost=0.29..8.31 rows=1 width=40) (actual time=0.005..0.407 rows=1000 loops=1)
    feedback_capacity_test.go:261: review plan:               Index Cond: ((status = 'new'::text) AND (category = 'math_error'::text))
    feedback_capacity_test.go:261: review plan:               Heap Fetches: 2507
    feedback_capacity_test.go:261: review plan:               Buffers: shared hit=2522
    feedback_capacity_test.go:261: review plan: Planning Time: 0.015 ms
    feedback_capacity_test.go:261: review plan: Execution Time: 0.488 ms
    feedback_capacity_test.go:261: events plan: Limit  (cost=31.62..31.64 rows=8 width=208) (actual time=0.018..0.021 rows=51 loops=1)
    feedback_capacity_test.go:261: events plan:   Buffers: shared hit=6
    feedback_capacity_test.go:261: events plan:   ->  Sort  (cost=31.62..31.64 rows=8 width=208) (actual time=0.018..0.019 rows=51 loops=1)
    feedback_capacity_test.go:261: events plan:         Sort Key: sequence
    feedback_capacity_test.go:261: events plan:         Sort Method: quicksort  Memory: 38kB
    feedback_capacity_test.go:261: events plan:         Buffers: shared hit=6
    feedback_capacity_test.go:261: events plan:         ->  Bitmap Heap Scan on feedback_events  (cost=4.36..31.50 rows=8 width=208) (actual time=0.006..0.012 rows=55 loops=1)
    feedback_capacity_test.go:261: events plan:               Recheck Cond: ((ticket_id = '7248795f-f3e0-4c88-9582-f9552cc87b8b'::uuid) AND (sequence > '50'::bigint))
    feedback_capacity_test.go:261: events plan:               Heap Blocks: exact=4
    feedback_capacity_test.go:261: events plan:               Buffers: shared hit=6
    feedback_capacity_test.go:261: events plan:               ->  Bitmap Index Scan on feedback_events_pkey  (cost=0.00..4.36 rows=8 width=0) (actual time=0.003..0.003 rows=55 loops=1)
    feedback_capacity_test.go:261: events plan:                     Index Cond: ((ticket_id = '7248795f-f3e0-4c88-9582-f9552cc87b8b'::uuid) AND (sequence > '50'::bigint))
    feedback_capacity_test.go:261: events plan:                     Buffers: shared hit=2
    feedback_capacity_test.go:261: events plan: Planning Time: 0.013 ms
    feedback_capacity_test.go:261: events plan: Execution Time: 0.026 ms
    feedback_capacity_test.go:272: tickets=1000 events=10000 init=1.527502292s largest_operation=169.527542ms status_race_successes=1
=== RUN   TestFeedbackCapacity/missing_feedback_migration_keeps_old_learning
=== RUN   TestFeedbackCapacity/nonempty_learning_facts_unchanged
--- PASS: TestFeedbackCapacity (10.19s)
    --- PASS: TestFeedbackCapacity/historical_volume (8.18s)
    --- PASS: TestFeedbackCapacity/missing_feedback_migration_keeps_old_learning (0.83s)
    --- PASS: TestFeedbackCapacity/nonempty_learning_facts_unchanged (1.18s)
=== RUN   TestLearningQualificationBothActionOrders
=== RUN   TestLearningQualificationBothActionOrders/reading
=== RUN   TestLearningQualificationBothActionOrders/assessment
--- PASS: TestLearningQualificationBothActionOrders (1.82s)
    --- PASS: TestLearningQualificationBothActionOrders/reading (0.90s)
    --- PASS: TestLearningQualificationBothActionOrders/assessment (0.91s)
PASS
ok  	github.com/yyl1212/math_master/backend/internal/store	16.259s
