✔ freezes source bytes and finds changes without changing the prior snapshot (54.945125ms)
✔ unchanged sources produce no repeated changes and never overwrite a snapshot (73.996708ms)
✔ rejects index paths escaping the source folder (21.745875ms)
✔ reports missing files as a review item without modifying the previous snapshot (47.027458ms)
✔ private snapshots retain owner-only permissions under a permissive umask (22.688834ms)
✔ new correction CI is executable, classified once and keeps every original batch and deadline (6.954125ms)
✔ deleting any of the 20 browser batches is rejected (5.2085ms)
✔ step labels and echo commands cannot stand in for actual browser execution (0.674333ms)
✔ all five capacity commands must remain executable and separate (3.817458ms)
✔ extra skips, duplicate classification and omitted notification/CLI tests are rejected (2.296042ms)
✔ Go, job, browser and wrapper time limits cannot be expanded or disguised with duplicate flags (1.325042ms)
✔ new capacity names inside an echo are rejected (0.490125ms)
✔ a second actual new test classification in the original job is rejected (1.07575ms)
✔ required correction Go and browser steps cannot be declared but conditionally disabled (0.347834ms)
✔ P5a product baseline retains 88 paths, 220 schemas, 32 responses and three security schemes with only approved pointers (9.94775ms)
✔ all seven original migrations retain exact bytes (0.485709ms)
✔ all existing mathematical digest purposes retain their exact sets (1.387667ms)
✔ removing an old path is rejected (8.916833ms)
✔ an unapproved field is never normalized away (10.558917ms)
✔ changed fixed mathematics and bounds are rejected (25.872583ms)
✔ approved fields require their exact new shape before inverse normalization (18.767375ms)
✔ inverse normalization leaves the source document unchanged (4.665459ms)
✔ a changed original migration fails protection (0.576834ms)
✔ a changed original purpose fails protection (0.356625ms)
✔ all result variants and additional properties survive old full-schema checks (25.86625ms)
✔ actual CI preserves old batches and executes every new feedback batch within original limits (2.53825ms)
✔ deleting an original browser batch is detected (0.93425ms)
✔ adding browser skip selection or retries is detected (0.840916ms)
✔ deleting a capacity batch or skipping extra old store tests is detected (1.008375ms)
✔ no browser suite or case is silently skipped, focused or retried (0.987958ms)
✔ active command parser handles split and equals options without counting step labels (0.08475ms)
✔ approved master preserves all 75 paths, 192 schemas, 32 responses and three security schemes (9.153291ms)
✔ a changed original Learning field is detected (10.738333ms)
✔ all original migrations 00001 through 00006 retain their exact bytes (0.437792ms)
✔ changing an original migration is detected (0.152209ms)
✔ original mathematical digest purposes retain their exact sets (1.12475ms)
✔ all 54 old paths, 147 schemas, 22 responses and three security schemes retain exact values (3.96375ms)
✔ one deliberately changed old field is detected (7.905083ms)
✔ original migrations and mathematical purposes remain unchanged (1.134958ms)
✔ all 21 learning operations have named strict contracts and fixed response bounds (0.191916ms)
✔ keeps success and failure exit codes (85.915708ms)
✔ terminates commands on timeout (73.348333ms)
✔ rejects timeouts above the test ceiling (18.922708ms)
✔ kills remaining process group after its leader exits on timeout (5329.270167ms)
ℹ tests 44
ℹ suites 0
ℹ pass 44
ℹ fail 0
ℹ cancelled 0
ℹ skipped 0
ℹ todo 0
ℹ duration_ms 5547.450333
