✔ freezes source bytes and finds changes without changing the prior snapshot (53.89575ms)
✔ unchanged sources produce no repeated changes and never overwrite a snapshot (74.109584ms)
✔ rejects index paths escaping the source folder (21.7735ms)
✔ reports missing files as a review item without modifying the previous snapshot (47.191875ms)
✔ private snapshots retain owner-only permissions under a permissive umask (23.558375ms)
✔ new correction CI is executable, classified once and keeps every original batch and deadline (6.824584ms)
✔ deleting any of the 20 browser batches is rejected (5.104417ms)
✔ step labels and echo commands cannot stand in for actual browser execution (0.636167ms)
✔ all five capacity commands must remain executable and separate (3.958125ms)
✔ extra skips, duplicate classification and omitted notification/CLI tests are rejected (2.610667ms)
✔ Go, job, browser and wrapper time limits cannot be expanded or disguised with duplicate flags (1.566166ms)
✔ new capacity names inside an echo are rejected (0.459625ms)
✔ a second actual new test classification in the original job is rejected (1.091167ms)
✔ required correction Go and browser steps cannot be declared but conditionally disabled (0.427708ms)
✔ P5a product baseline retains 88 paths, 220 schemas, 32 responses and three security schemes with only approved pointers (10.285ms)
✔ all seven original migrations retain exact bytes (0.5015ms)
✔ all existing mathematical digest purposes retain their exact sets (1.225667ms)
✔ removing an old path is rejected (9.345709ms)
✔ an unapproved field is never normalized away (10.264042ms)
✔ changed fixed mathematics and bounds are rejected (25.4985ms)
✔ approved fields require their exact new shape before inverse normalization (18.907417ms)
✔ inverse normalization leaves the source document unchanged (4.6105ms)
✔ a changed original migration fails protection (0.489583ms)
✔ a changed original purpose fails protection (0.336916ms)
✔ all result variants and additional properties survive old full-schema checks (25.804875ms)
✔ actual CI preserves old batches and executes every new feedback batch within original limits (2.510333ms)
✔ deleting an original browser batch is detected (1.007125ms)
✔ adding browser skip selection or retries is detected (0.881458ms)
✔ deleting a capacity batch or skipping extra old store tests is detected (1.255042ms)
✔ no browser suite or case is silently skipped, focused or retried (1.438834ms)
✔ active command parser handles split and equals options without counting step labels (0.108875ms)
✔ approved master preserves all 75 paths, 192 schemas, 32 responses and three security schemes (9.397708ms)
✔ a changed original Learning field is detected (11.044125ms)
✔ all original migrations 00001 through 00006 retain their exact bytes (0.439792ms)
✔ changing an original migration is detected (0.154083ms)
✔ original mathematical digest purposes retain their exact sets (1.166417ms)
✔ all 54 old paths, 147 schemas, 22 responses and three security schemes retain exact values (3.753ms)
✔ one deliberately changed old field is detected (7.670084ms)
✔ original migrations and mathematical purposes remain unchanged (0.877792ms)
✔ all 21 learning operations have named strict contracts and fixed response bounds (0.144166ms)
✔ keeps success and failure exit codes (80.191334ms)
✔ terminates commands on timeout (73.942917ms)
✔ rejects timeouts above the test ceiling (18.901209ms)
✔ kills remaining process group after its leader exits on timeout (5330.073ms)
ℹ tests 44
ℹ suites 0
ℹ pass 44
ℹ fail 0
ℹ cancelled 0
ℹ skipped 0
ℹ todo 0
ℹ duration_ms 5545.114709
