✔ freezes source bytes and finds changes without changing the prior snapshot (55.076917ms)
✔ unchanged sources produce no repeated changes and never overwrite a snapshot (74.379834ms)
✔ rejects index paths escaping the source folder (21.389292ms)
✔ reports missing files as a review item without modifying the previous snapshot (46.005ms)
✔ private snapshots retain owner-only permissions under a permissive umask (22.474291ms)
✔ new correction CI is executable, classified once and keeps every original batch and deadline (7.624667ms)
✔ deleting any of the 20 browser batches is rejected (5.471083ms)
✔ step labels and echo commands cannot stand in for actual browser execution (0.7335ms)
✔ all five capacity commands must remain executable and separate (3.556166ms)
✔ extra skips, duplicate classification and omitted notification/CLI tests are rejected (1.800208ms)
✔ Go, job, browser and wrapper time limits cannot be expanded or disguised with duplicate flags (1.251708ms)
✔ new capacity names inside an echo are rejected (0.48025ms)
✔ a second actual new test classification in the original job is rejected (0.957625ms)
✔ required correction Go and browser steps cannot be declared but conditionally disabled (0.322042ms)
✔ P5a product baseline retains 88 paths, 220 schemas, 32 responses and three security schemes with only approved pointers (10.214167ms)
✔ all seven original migrations retain exact bytes (0.642333ms)
✔ all existing mathematical digest purposes retain their exact sets (2.00075ms)
✔ removing an old path is rejected (9.458ms)
✔ an unapproved field is never normalized away (10.157875ms)
✔ changed fixed mathematics and bounds are rejected (25.569792ms)
✔ approved fields require their exact new shape before inverse normalization (18.601208ms)
✔ inverse normalization leaves the source document unchanged (4.584041ms)
✔ a changed original migration fails protection (0.531708ms)
✔ a changed original purpose fails protection (0.31975ms)
✔ all result variants and additional properties survive old full-schema checks (25.742834ms)
✔ actual CI preserves old batches and executes every new feedback batch within original limits (2.492834ms)
✔ deleting an original browser batch is detected (0.904ms)
✔ adding browser skip selection or retries is detected (0.637584ms)
✔ deleting a capacity batch or skipping extra old store tests is detected (0.955459ms)
✔ no browser suite or case is silently skipped, focused or retried (1.223166ms)
✔ active command parser handles split and equals options without counting step labels (0.084917ms)
✔ approved master preserves all 75 paths, 192 schemas, 32 responses and three security schemes (8.875667ms)
✔ a changed original Learning field is detected (11.608875ms)
✔ all original migrations 00001 through 00006 retain their exact bytes (0.418541ms)
✔ changing an original migration is detected (0.131541ms)
✔ original mathematical digest purposes retain their exact sets (1.130083ms)
✔ all 54 old paths, 147 schemas, 22 responses and three security schemes retain exact values (4.152708ms)
✔ one deliberately changed old field is detected (7.468833ms)
✔ original migrations and mathematical purposes remain unchanged (1.462125ms)
✔ all 21 learning operations have named strict contracts and fixed response bounds (0.174ms)
✔ keeps success and failure exit codes (80.8065ms)
✔ terminates commands on timeout (75.2515ms)
✔ rejects timeouts above the test ceiling (18.643333ms)
✔ kills remaining process group after its leader exits on timeout (5328.959458ms)
ℹ tests 44
ℹ suites 0
ℹ pass 44
ℹ fail 0
ℹ cancelled 0
ℹ skipped 0
ℹ todo 0
ℹ duration_ms 5542.162333
