✔ freezes source bytes and finds changes without changing the prior snapshot (86.748417ms)
✔ unchanged sources produce no repeated changes and never overwrite a snapshot (85.16ms)
✔ rejects index paths escaping the source folder (28.26025ms)
✔ reports missing files as a review item without modifying the previous snapshot (60.178417ms)
✔ private snapshots retain owner-only permissions under a permissive umask (28.1385ms)
✔ new correction CI is executable, classified once and keeps every original batch and deadline (12.200167ms)
✔ deleting any of the 20 browser batches is rejected (7.173209ms)
✔ step labels and echo commands cannot stand in for actual browser execution (0.799875ms)
✔ all five capacity commands must remain executable and separate (5.322792ms)
✔ extra skips, duplicate classification and omitted notification/CLI tests are rejected (2.486875ms)
✔ Go, job, browser and wrapper time limits cannot be expanded or disguised with duplicate flags (1.659625ms)
✔ new capacity names inside an echo are rejected (0.480167ms)
✔ a second actual new test classification in the original job is rejected (1.407667ms)
✔ required correction Go and browser steps cannot be declared but conditionally disabled (0.342375ms)
✔ P5a product baseline retains 88 paths, 220 schemas, 32 responses and three security schemes with only approved pointers (13.469875ms)
✔ all seven original migrations retain exact bytes (0.982375ms)
✔ all existing mathematical digest purposes retain their exact sets (3.531166ms)
✔ removing an old path is rejected (10.870833ms)
✔ an unapproved field is never normalized away (12.134958ms)
✔ changed fixed mathematics and bounds are rejected (30.202208ms)
✔ approved fields require their exact new shape before inverse normalization (20.8675ms)
✔ inverse normalization leaves the source document unchanged (5.774542ms)
✔ a changed original migration fails protection (0.815292ms)
✔ a changed original purpose fails protection (0.518417ms)
✔ all result variants and additional properties survive old full-schema checks (32.990334ms)
✔ actual CI preserves old batches and executes every new feedback batch within original limits (3.409291ms)
✔ deleting an original browser batch is detected (1.415792ms)
✔ adding browser skip selection or retries is detected (0.962958ms)
✔ deleting a capacity batch or skipping extra old store tests is detected (1.326791ms)
✔ no browser suite or case is silently skipped, focused or retried (2.123542ms)
✔ active command parser handles split and equals options without counting step labels (0.133458ms)
✔ approved master preserves all 75 paths, 192 schemas, 32 responses and three security schemes (11.828417ms)
✔ a changed original Learning field is detected (13.51825ms)
✔ all original migrations 00001 through 00006 retain their exact bytes (0.618791ms)
✔ changing an original migration is detected (0.278667ms)
✔ original mathematical digest purposes retain their exact sets (2.414334ms)
✔ all 54 old paths, 147 schemas, 22 responses and three security schemes retain exact values (5.453125ms)
✔ one deliberately changed old field is detected (10.077583ms)
✔ original migrations and mathematical purposes remain unchanged (2.31925ms)
✔ all 21 learning operations have named strict contracts and fixed response bounds (0.178458ms)
✔ keeps success and failure exit codes (93.477334ms)
✔ terminates commands on timeout (79.536417ms)
✔ rejects timeouts above the test ceiling (21.851667ms)
✔ kills remaining process group after its leader exits on timeout (5331.305792ms)
ℹ tests 44
ℹ suites 0
ℹ pass 44
ℹ fail 0
ℹ cancelled 0
ℹ skipped 0
ℹ todo 0
ℹ duration_ms 5573.661208
