✔ freezes source bytes and finds changes without changing the prior snapshot (56.143042ms)
✔ unchanged sources produce no repeated changes and never overwrite a snapshot (72.814375ms)
✔ rejects index paths escaping the source folder (23.710375ms)
✔ reports missing files as a review item without modifying the previous snapshot (51.094333ms)
✔ private snapshots retain owner-only permissions under a permissive umask (24.900625ms)
✔ new correction CI is executable, classified once and keeps every original batch and deadline (7.968875ms)
✔ deleting any of the 20 browser batches is rejected (5.743ms)
✔ step labels and echo commands cannot stand in for actual browser execution (0.706083ms)
✔ all five capacity commands must remain executable and separate (3.961042ms)
✔ extra skips, duplicate classification and omitted notification/CLI tests are rejected (2.116917ms)
✔ Go, job, browser and wrapper time limits cannot be expanded or disguised with duplicate flags (1.438667ms)
✔ new capacity names inside an echo are rejected (0.625125ms)
✔ a second actual new test classification in the original job is rejected (1.28775ms)
✔ required correction Go and browser steps cannot be declared but conditionally disabled (0.333833ms)
✔ P5a product baseline retains 88 paths, 220 schemas, 32 responses and three security schemes with only approved pointers (10.645083ms)
✔ all seven original migrations retain exact bytes (0.766542ms)
✔ all existing mathematical digest purposes retain their exact sets (2.39575ms)
✔ removing an old path is rejected (10.00825ms)
✔ an unapproved field is never normalized away (10.529958ms)
✔ changed fixed mathematics and bounds are rejected (26.127167ms)
✔ approved fields require their exact new shape before inverse normalization (19.1525ms)
✔ inverse normalization leaves the source document unchanged (4.677875ms)
✔ a changed original migration fails protection (0.662125ms)
✔ a changed original purpose fails protection (0.384875ms)
✔ all result variants and additional properties survive old full-schema checks (26.380208ms)
✔ actual CI preserves old batches and executes every new feedback batch within original limits (2.421834ms)
✔ deleting an original browser batch is detected (1.189583ms)
✔ adding browser skip selection or retries is detected (0.858917ms)
✔ deleting a capacity batch or skipping extra old store tests is detected (0.971ms)
✔ no browser suite or case is silently skipped, focused or retried (1.559042ms)
✔ active command parser handles split and equals options without counting step labels (0.097875ms)
✔ approved master preserves all 75 paths, 192 schemas, 32 responses and three security schemes (10.41575ms)
✔ a changed original Learning field is detected (11.222375ms)
✔ all original migrations 00001 through 00006 retain their exact bytes (0.531625ms)
✔ changing an original migration is detected (0.200458ms)
✔ original mathematical digest purposes retain their exact sets (1.578292ms)
✔ all 54 old paths, 147 schemas, 22 responses and three security schemes retain exact values (4.303625ms)
✔ one deliberately changed old field is detected (8.049834ms)
✔ original migrations and mathematical purposes remain unchanged (1.406958ms)
✔ all 21 learning operations have named strict contracts and fixed response bounds (0.224166ms)
✔ keeps success and failure exit codes (81.064167ms)
✔ terminates commands on timeout (71.870458ms)
✔ rejects timeouts above the test ceiling (21.08225ms)
✔ kills remaining process group after its leader exits on timeout (5337.61475ms)
ℹ tests 44
ℹ suites 0
ℹ pass 44
ℹ fail 0
ℹ cancelled 0
ℹ skipped 0
ℹ todo 0
ℹ duration_ms 5555.466292
