=== RUN   TestFeedbackCapacity
=== RUN   TestFeedbackCapacity/historical_volume
    feedback_capacity_test.go:132: list learner_a: 171.843625ms, 24013 bytes
    feedback_capacity_test.go:132: list learner_a: 154.736708ms, 24015 bytes
    feedback_capacity_test.go:132: list learner_a: 163.873958ms, 24011 bytes
    feedback_capacity_test.go:132: list learner_a: 154.720708ms, 24014 bytes
    feedback_capacity_test.go:132: list learner_a: 164.764125ms, 24013 bytes
    feedback_capacity_test.go:132: list learner_a: 163.040791ms, 24012 bytes
    feedback_capacity_test.go:132: list learner_a: 152.106625ms, 24013 bytes
    feedback_capacity_test.go:132: list learner_a: 154.025791ms, 24012 bytes
    feedback_capacity_test.go:132: list learner_a: 154.426917ms, 24012 bytes
    feedback_capacity_test.go:132: list learner_a: 154.841334ms, 23881 bytes
    feedback_capacity_test.go:132: list learner_b: 156.136375ms, 24013 bytes
    feedback_capacity_test.go:132: list learner_b: 157.634666ms, 24011 bytes
    feedback_capacity_test.go:132: list learner_b: 155.689875ms, 24013 bytes
    feedback_capacity_test.go:132: list learner_b: 162.521333ms, 24011 bytes
    feedback_capacity_test.go:132: list learner_b: 155.787792ms, 24009 bytes
    feedback_capacity_test.go:132: list learner_b: 155.629375ms, 24013 bytes
    feedback_capacity_test.go:132: list learner_b: 155.96725ms, 24012 bytes
    feedback_capacity_test.go:132: list learner_b: 153.954959ms, 24014 bytes
    feedback_capacity_test.go:132: list learner_b: 155.673167ms, 24014 bytes
    feedback_capacity_test.go:132: list learner_b: 156.615875ms, 23885 bytes
    feedback_capacity_test.go:132: list reviewer_a: 154.332042ms, 23963 bytes
    feedback_capacity_test.go:132: list reviewer_a: 154.064208ms, 23963 bytes
    feedback_capacity_test.go:132: list reviewer_a: 154.968125ms, 23964 bytes
    feedback_capacity_test.go:132: list reviewer_a: 154.627333ms, 23962 bytes
    feedback_capacity_test.go:132: list reviewer_a: 158.677083ms, 23964 bytes
    feedback_capacity_test.go:132: list reviewer_a: 162.393292ms, 23960 bytes
    feedback_capacity_test.go:132: list reviewer_a: 158.813459ms, 23961 bytes
    feedback_capacity_test.go:132: list reviewer_a: 154.384166ms, 23962 bytes
    feedback_capacity_test.go:132: list reviewer_a: 155.475ms, 23962 bytes
    feedback_capacity_test.go:132: list reviewer_a: 155.1215ms, 23962 bytes
    feedback_capacity_test.go:132: list reviewer_a: 153.76775ms, 23963 bytes
    feedback_capacity_test.go:132: list reviewer_a: 153.85175ms, 23962 bytes
    feedback_capacity_test.go:132: list reviewer_a: 154.957791ms, 23965 bytes
    feedback_capacity_test.go:132: list reviewer_a: 154.185875ms, 23959 bytes
    feedback_capacity_test.go:132: list reviewer_a: 153.752708ms, 23963 bytes
    feedback_capacity_test.go:132: list reviewer_a: 153.9915ms, 23964 bytes
    feedback_capacity_test.go:132: list reviewer_a: 156.357167ms, 23961 bytes
    feedback_capacity_test.go:132: list reviewer_a: 156.492375ms, 23965 bytes
    feedback_capacity_test.go:132: list reviewer_a: 156.73325ms, 23964 bytes
    feedback_capacity_test.go:132: list reviewer_a: 157.298458ms, 23832 bytes
    feedback_capacity_test.go:156: cross-actor boundary: 161.129292ms, 24012 bytes
    feedback_capacity_test.go:168: discussion: 11.254167ms, 607731 bytes
    feedback_capacity_test.go:168: discussion: 12.540458ms, 607708 bytes
    feedback_capacity_test.go:191: reply beyond 50: 12.872709ms, 558 bytes
    feedback_capacity_test.go:213: concurrent transition: 19.105167ms, 2 bytes
    feedback_capacity_test.go:219: resolve long thread: 22.806375ms, 569 bytes
    feedback_capacity_test.go:222: reopen: 11.26275ms, 565 bytes
    feedback_capacity_test.go:226: original receipt after advancement: 4.601916ms, 558 bytes
    feedback_capacity_test.go:235: close long thread: 15.878708ms, 577 bytes
    feedback_capacity_test.go:240: private discussion with committed exposure: 11.418958ms, 342 bytes
    feedback_capacity_test.go:261: owner plan: Limit  (cost=60.21..60.85 rows=51 width=40) (actual time=0.020..0.106 rows=51 loops=1)
    feedback_capacity_test.go:261: owner plan:   Buffers: shared hit=15
    feedback_capacity_test.go:261: owner plan:   ->  Incremental Sort  (cost=60.21..66.48 rows=500 width=40) (actual time=0.020..0.103 rows=51 loops=1)
    feedback_capacity_test.go:261: owner plan:         Sort Key: created_at DESC, ((id)::text) DESC
    feedback_capacity_test.go:261: owner plan:         Presorted Key: created_at
    feedback_capacity_test.go:261: owner plan:         Full-sort Groups: 1  Sort Method: quicksort  Average Memory: 29kB  Peak Memory: 29kB
    feedback_capacity_test.go:261: owner plan:         Pre-sorted Groups: 2  Sort Methods: top-N heapsort, quicksort  Average Memory: 25kB  Peak Memory: 25kB
    feedback_capacity_test.go:261: owner plan:         Buffers: shared hit=15
    feedback_capacity_test.go:261: owner plan:         ->  Index Only Scan using feedback_owner_list on feedback_tickets  (cost=0.28..43.52 rows=500 width=40) (actual time=0.004..0.050 rows=501 loops=1)
    feedback_capacity_test.go:261: owner plan:               Index Cond: (owner_user_id = 'a2c5e85e-2f1f-4d24-a814-9add19b4d49b'::uuid)
    feedback_capacity_test.go:261: owner plan:               Heap Fetches: 6
    feedback_capacity_test.go:261: owner plan:               Buffers: shared hit=12
    feedback_capacity_test.go:261: owner plan: Planning:
    feedback_capacity_test.go:261: owner plan:   Buffers: shared hit=5
    feedback_capacity_test.go:261: owner plan: Planning Time: 0.024 ms
    feedback_capacity_test.go:261: owner plan: Execution Time: 0.110 ms
    feedback_capacity_test.go:261: review plan: Limit  (cost=122.64..123.28 rows=51 width=40) (actual time=0.017..0.167 rows=51 loops=1)
    feedback_capacity_test.go:261: review plan:   Buffers: shared hit=18
    feedback_capacity_test.go:261: review plan:   ->  Incremental Sort  (cost=122.64..135.16 rows=1000 width=40) (actual time=0.017..0.166 rows=51 loops=1)
    feedback_capacity_test.go:261: review plan:         Sort Key: created_at DESC, ((id)::text) DESC
    feedback_capacity_test.go:261: review plan:         Presorted Key: created_at
    feedback_capacity_test.go:261: review plan:         Full-sort Groups: 1  Sort Method: quicksort  Average Memory: 29kB  Peak Memory: 29kB
    feedback_capacity_test.go:261: review plan:         Pre-sorted Groups: 2  Sort Methods: top-N heapsort, quicksort  Average Memory: 25kB  Peak Memory: 25kB
    feedback_capacity_test.go:261: review plan:         Buffers: shared hit=18
    feedback_capacity_test.go:261: review plan:         ->  Index Only Scan using feedback_queue_list on feedback_tickets  (cost=0.28..89.28 rows=1000 width=40) (actual time=0.006..0.091 rows=1000 loops=1)
    feedback_capacity_test.go:261: review plan:               Index Cond: ((status = 'new'::text) AND (category = 'math_error'::text))
    feedback_capacity_test.go:261: review plan:               Heap Fetches: 2
    feedback_capacity_test.go:261: review plan:               Buffers: shared hit=18
    feedback_capacity_test.go:261: review plan: Planning Time: 0.014 ms
    feedback_capacity_test.go:261: review plan: Execution Time: 0.172 ms
    feedback_capacity_test.go:261: events plan: Limit  (cost=0.29..8.31 rows=1 width=121) (actual time=0.004..0.012 rows=51 loops=1)
    feedback_capacity_test.go:261: events plan:   Buffers: shared hit=6
    feedback_capacity_test.go:261: events plan:   ->  Index Scan using feedback_events_pkey on feedback_events  (cost=0.29..8.31 rows=1 width=121) (actual time=0.004..0.010 rows=51 loops=1)
    feedback_capacity_test.go:261: events plan:         Index Cond: ((ticket_id = '0b7f9080-b58a-4902-80d1-e1c1bb0e2c6f'::uuid) AND (sequence > '50'::bigint))
    feedback_capacity_test.go:261: events plan:         Buffers: shared hit=6
    feedback_capacity_test.go:261: events plan: Planning Time: 0.013 ms
    feedback_capacity_test.go:261: events plan: Execution Time: 0.016 ms
    feedback_capacity_test.go:272: tickets=1000 events=10000 init=1.585758417s largest_operation=171.843625ms status_race_successes=1
=== RUN   TestFeedbackCapacity/missing_feedback_migration_keeps_old_learning
=== RUN   TestFeedbackCapacity/nonempty_learning_facts_unchanged
    feedback_capacity_test.go:313: ERROR: new row for relation "assessment_attempts" violates check constraint "assessment_attempts_check3" (SQLSTATE 23514)
--- FAIL: TestFeedbackCapacity (10.17s)
    --- PASS: TestFeedbackCapacity/historical_volume (8.22s)
    --- PASS: TestFeedbackCapacity/missing_feedback_migration_keeps_old_learning (0.83s)
    --- FAIL: TestFeedbackCapacity/nonempty_learning_facts_unchanged (1.13s)
FAIL
FAIL	github.com/yyl1212/math_master/backend/internal/store	13.405s
FAIL
