=== RUN   TestFeedbackCapacity
=== RUN   TestFeedbackCapacity/historical_volume
    feedback_capacity_test.go:132: list learner_a: 191.013791ms, 23913 bytes
    feedback_capacity_test.go:132: list learner_a: 157.728291ms, 23914 bytes
    feedback_capacity_test.go:132: list learner_a: 158.127042ms, 23910 bytes
    feedback_capacity_test.go:132: list learner_a: 162.573917ms, 23909 bytes
    feedback_capacity_test.go:132: list learner_a: 161.667375ms, 23915 bytes
    feedback_capacity_test.go:132: list learner_a: 172.867792ms, 23910 bytes
    feedback_capacity_test.go:132: list learner_a: 161.353667ms, 23913 bytes
    feedback_capacity_test.go:132: list learner_a: 158.349459ms, 23910 bytes
    feedback_capacity_test.go:132: list learner_a: 159.237084ms, 23912 bytes
    feedback_capacity_test.go:132: list learner_a: 157.538917ms, 23781 bytes
    feedback_capacity_test.go:132: list learner_b: 171.141375ms, 23911 bytes
    feedback_capacity_test.go:132: list learner_b: 187.812708ms, 23909 bytes
    feedback_capacity_test.go:132: list learner_b: 167.120917ms, 23913 bytes
    feedback_capacity_test.go:132: list learner_b: 168.521709ms, 23916 bytes
    feedback_capacity_test.go:132: list learner_b: 158.833625ms, 23909 bytes
    feedback_capacity_test.go:132: list learner_b: 159.56325ms, 23914 bytes
    feedback_capacity_test.go:132: list learner_b: 170.951333ms, 23911 bytes
    feedback_capacity_test.go:132: list learner_b: 172.977791ms, 23907 bytes
    feedback_capacity_test.go:132: list learner_b: 166.601541ms, 23911 bytes
    feedback_capacity_test.go:132: list learner_b: 183.606875ms, 23785 bytes
    feedback_capacity_test.go:132: list reviewer_a: 165.841833ms, 23864 bytes
    feedback_capacity_test.go:132: list reviewer_a: 163.106041ms, 23860 bytes
    feedback_capacity_test.go:132: list reviewer_a: 157.106625ms, 23861 bytes
    feedback_capacity_test.go:132: list reviewer_a: 156.747916ms, 23862 bytes
    feedback_capacity_test.go:132: list reviewer_a: 167.434917ms, 23863 bytes
    feedback_capacity_test.go:132: list reviewer_a: 174.727084ms, 23863 bytes
    feedback_capacity_test.go:132: list reviewer_a: 167.385041ms, 23863 bytes
    feedback_capacity_test.go:132: list reviewer_a: 171.679875ms, 23861 bytes
    feedback_capacity_test.go:132: list reviewer_a: 171.620375ms, 23859 bytes
    feedback_capacity_test.go:132: list reviewer_a: 177.111667ms, 23863 bytes
    feedback_capacity_test.go:132: list reviewer_a: 168.465667ms, 23864 bytes
    feedback_capacity_test.go:132: list reviewer_a: 163.092041ms, 23860 bytes
    feedback_capacity_test.go:132: list reviewer_a: 161.48ms, 23861 bytes
    feedback_capacity_test.go:132: list reviewer_a: 160.539ms, 23858 bytes
    feedback_capacity_test.go:132: list reviewer_a: 165.6525ms, 23863 bytes
    feedback_capacity_test.go:132: list reviewer_a: 184.614708ms, 23858 bytes
    feedback_capacity_test.go:132: list reviewer_a: 158.706ms, 23860 bytes
    feedback_capacity_test.go:132: list reviewer_a: 169.79025ms, 23864 bytes
    feedback_capacity_test.go:132: list reviewer_a: 155.359458ms, 23861 bytes
    feedback_capacity_test.go:132: list reviewer_a: 155.9825ms, 23734 bytes
    feedback_capacity_test.go:156: cross-actor boundary: 167.873084ms, 23910 bytes
    feedback_capacity_test.go:168: discussion: 14.080625ms, 607681 bytes
    feedback_capacity_test.go:168: discussion: 12.519ms, 607658 bytes
    feedback_capacity_test.go:191: reply beyond 50: 14.847292ms, 556 bytes
    feedback_capacity_test.go:213: concurrent transition: 23.792167ms, 2 bytes
    feedback_capacity_test.go:219: resolve long thread: 23.573375ms, 568 bytes
    feedback_capacity_test.go:222: reopen: 11.526166ms, 564 bytes
    feedback_capacity_test.go:226: original receipt after advancement: 4.787459ms, 556 bytes
    feedback_capacity_test.go:235: close long thread: 16.100333ms, 576 bytes
    feedback_capacity_test.go:240: private discussion with committed exposure: 11.251667ms, 340 bytes
    feedback_capacity_test.go:261: owner plan: Limit  (cost=56.21..56.85 rows=51 width=40) (actual time=0.022..0.106 rows=51 loops=1)
    feedback_capacity_test.go:261: owner plan:   Buffers: shared hit=13
    feedback_capacity_test.go:261: owner plan:   ->  Incremental Sort  (cost=56.21..62.48 rows=500 width=40) (actual time=0.022..0.103 rows=51 loops=1)
    feedback_capacity_test.go:261: owner plan:         Sort Key: created_at DESC, ((id)::text) DESC
    feedback_capacity_test.go:261: owner plan:         Presorted Key: created_at
    feedback_capacity_test.go:261: owner plan:         Full-sort Groups: 1  Sort Method: quicksort  Average Memory: 29kB  Peak Memory: 29kB
    feedback_capacity_test.go:261: owner plan:         Pre-sorted Groups: 2  Sort Methods: top-N heapsort, quicksort  Average Memory: 25kB  Peak Memory: 25kB
    feedback_capacity_test.go:261: owner plan:         Buffers: shared hit=13
    feedback_capacity_test.go:261: owner plan:         ->  Index Only Scan using feedback_owner_list on feedback_tickets  (cost=0.28..39.52 rows=500 width=40) (actual time=0.005..0.048 rows=501 loops=1)
    feedback_capacity_test.go:261: owner plan:               Index Cond: (owner_user_id = '41ca6dfb-b509-411e-a66d-193819efd79a'::uuid)
    feedback_capacity_test.go:261: owner plan:               Heap Fetches: 6
    feedback_capacity_test.go:261: owner plan:               Buffers: shared hit=10
    feedback_capacity_test.go:261: owner plan: Planning:
    feedback_capacity_test.go:261: owner plan:   Buffers: shared hit=5
    feedback_capacity_test.go:261: owner plan: Planning Time: 0.032 ms
    feedback_capacity_test.go:261: owner plan: Execution Time: 0.110 ms
    feedback_capacity_test.go:261: review plan: Limit  (cost=114.64..115.28 rows=51 width=40) (actual time=0.018..0.173 rows=51 loops=1)
    feedback_capacity_test.go:261: review plan:   Buffers: shared hit=16
    feedback_capacity_test.go:261: review plan:   ->  Incremental Sort  (cost=114.64..127.16 rows=1000 width=40) (actual time=0.018..0.172 rows=51 loops=1)
    feedback_capacity_test.go:261: review plan:         Sort Key: created_at DESC, ((id)::text) DESC
    feedback_capacity_test.go:261: review plan:         Presorted Key: created_at
    feedback_capacity_test.go:261: review plan:         Full-sort Groups: 1  Sort Method: quicksort  Average Memory: 29kB  Peak Memory: 29kB
    feedback_capacity_test.go:261: review plan:         Pre-sorted Groups: 2  Sort Methods: top-N heapsort, quicksort  Average Memory: 25kB  Peak Memory: 25kB
    feedback_capacity_test.go:261: review plan:         Buffers: shared hit=16
    feedback_capacity_test.go:261: review plan:         ->  Index Only Scan using feedback_queue_list on feedback_tickets  (cost=0.28..81.28 rows=1000 width=40) (actual time=0.006..0.093 rows=1000 loops=1)
    feedback_capacity_test.go:261: review plan:               Index Cond: ((status = 'new'::text) AND (category = 'math_error'::text))
    feedback_capacity_test.go:261: review plan:               Heap Fetches: 2
    feedback_capacity_test.go:261: review plan:               Buffers: shared hit=16
    feedback_capacity_test.go:261: review plan: Planning Time: 0.016 ms
    feedback_capacity_test.go:261: review plan: Execution Time: 0.178 ms
    feedback_capacity_test.go:261: events plan: Limit  (cost=0.29..8.31 rows=1 width=121) (actual time=0.004..0.014 rows=51 loops=1)
    feedback_capacity_test.go:261: events plan:   Buffers: shared hit=7
    feedback_capacity_test.go:261: events plan:   ->  Index Scan using feedback_events_pkey on feedback_events  (cost=0.29..8.31 rows=1 width=121) (actual time=0.004..0.012 rows=51 loops=1)
    feedback_capacity_test.go:261: events plan:         Index Cond: ((ticket_id = '4262bd15-b981-480b-912c-070f98964fe3'::uuid) AND (sequence > '50'::bigint))
    feedback_capacity_test.go:261: events plan:         Buffers: shared hit=7
    feedback_capacity_test.go:261: events plan: Planning Time: 0.012 ms
    feedback_capacity_test.go:261: events plan: Execution Time: 0.017 ms
    feedback_capacity_test.go:272: tickets=1000 events=10000 init=1.637682333s largest_operation=191.013791ms status_race_successes=1
=== RUN   TestFeedbackCapacity/missing_feedback_migration_keeps_old_learning
=== RUN   TestFeedbackCapacity/nonempty_learning_facts_unchanged
--- PASS: TestFeedbackCapacity (10.86s)
    --- PASS: TestFeedbackCapacity/historical_volume (8.78s)
    --- PASS: TestFeedbackCapacity/missing_feedback_migration_keeps_old_learning (0.87s)
    --- PASS: TestFeedbackCapacity/nonempty_learning_facts_unchanged (1.20s)
PASS
ok  	github.com/yyl1212/math_master/backend/internal/store	11.217s
