✔ freezes source bytes and finds changes without changing the prior snapshot (57.904833ms)
✔ unchanged sources produce no repeated changes and never overwrite a snapshot (76.7335ms)
✔ rejects index paths escaping the source folder (22.666917ms)
✔ reports missing files as a review item without modifying the previous snapshot (49.345041ms)
✔ private snapshots retain owner-only permissions under a permissive umask (28.782667ms)
✔ new correction CI is executable, classified once and keeps every original batch and deadline (7.581958ms)
✔ deleting any of the 20 browser batches is rejected (6.09075ms)
✔ step labels and echo commands cannot stand in for actual browser execution (0.930416ms)
✔ all five capacity commands must remain executable and separate (4.93625ms)
✔ extra skips, duplicate classification and omitted notification/CLI tests are rejected (2.3055ms)
✔ Go, job, browser and wrapper time limits cannot be expanded or disguised with duplicate flags (1.264458ms)
✔ new capacity names inside an echo are rejected (0.31625ms)
✔ a second actual new test classification in the original job is rejected (1.003875ms)
✔ required correction Go and browser steps cannot be declared but conditionally disabled (0.365083ms)
✔ P5a product baseline retains 88 paths, 220 schemas, 32 responses and three security schemes with only approved pointers (12.276041ms)
✔ all seven original migrations retain exact bytes (0.552042ms)
✔ all existing mathematical digest purposes retain their exact sets (1.441667ms)
✔ removing an old path is rejected (9.077584ms)
✔ an unapproved field is never normalized away (11.2975ms)
✔ changed fixed mathematics and bounds are rejected (25.555458ms)
✔ approved fields require their exact new shape before inverse normalization (19.128292ms)
✔ inverse normalization leaves the source document unchanged (4.689125ms)
✔ a changed original migration fails protection (0.54975ms)
✔ a changed original purpose fails protection (0.335375ms)
✔ all result variants and additional properties survive old full-schema checks (25.857125ms)
✔ actual CI preserves old batches and executes every new feedback batch within original limits (2.608208ms)
✔ deleting an original browser batch is detected (1.0645ms)
✔ adding browser skip selection or retries is detected (0.7445ms)
✔ deleting a capacity batch or skipping extra old store tests is detected (1.015916ms)
✔ no browser suite or case is silently skipped, focused or retried (0.962292ms)
✔ active command parser handles split and equals options without counting step labels (0.210542ms)
✔ approved master preserves all 75 paths, 192 schemas, 32 responses and three security schemes (10.516292ms)
✔ a changed original Learning field is detected (12.957083ms)
✔ all original migrations 00001 through 00006 retain their exact bytes (0.474041ms)
✔ changing an original migration is detected (0.203292ms)
✔ original mathematical digest purposes retain their exact sets (1.180416ms)
✔ all 54 old paths, 147 schemas, 22 responses and three security schemes retain exact values (4.1085ms)
✔ one deliberately changed old field is detected (8.795833ms)
✔ original migrations and mathematical purposes remain unchanged (1.45375ms)
✔ all 21 learning operations have named strict contracts and fixed response bounds (0.212833ms)
✔ keeps success and failure exit codes (84.931916ms)
✔ terminates commands on timeout (74.885208ms)
✔ rejects timeouts above the test ceiling (19.79325ms)
✔ kills remaining process group after its leader exits on timeout (5325.7515ms)
ℹ tests 44
ℹ suites 0
ℹ pass 44
ℹ fail 0
ℹ cancelled 0
ℹ skipped 0
ℹ todo 0
ℹ duration_ms 5544.345291
