=== RUN   TestFeedbackCapacity
=== RUN   TestFeedbackCapacity/historical_volume
    feedback_capacity_test.go:132: list learner_a: 167.91875ms, 24013 bytes
    feedback_capacity_test.go:132: list learner_a: 156.7555ms, 24012 bytes
    feedback_capacity_test.go:132: list learner_a: 155.354834ms, 24012 bytes
    feedback_capacity_test.go:132: list learner_a: 155.932208ms, 24013 bytes
    feedback_capacity_test.go:132: list learner_a: 155.94475ms, 24016 bytes
    feedback_capacity_test.go:132: list learner_a: 157.85475ms, 24011 bytes
    feedback_capacity_test.go:132: list learner_a: 156.7205ms, 24013 bytes
    feedback_capacity_test.go:132: list learner_a: 155.666458ms, 24013 bytes
    feedback_capacity_test.go:132: list learner_a: 156.027584ms, 24012 bytes
    feedback_capacity_test.go:132: list learner_a: 154.488ms, 23881 bytes
    feedback_capacity_test.go:132: list learner_b: 154.829375ms, 24012 bytes
    feedback_capacity_test.go:132: list learner_b: 157.201583ms, 24015 bytes
    feedback_capacity_test.go:132: list learner_b: 154.651041ms, 24014 bytes
    feedback_capacity_test.go:132: list learner_b: 154.621291ms, 24011 bytes
    feedback_capacity_test.go:132: list learner_b: 154.918875ms, 24013 bytes
    feedback_capacity_test.go:132: list learner_b: 154.798875ms, 24012 bytes
    feedback_capacity_test.go:132: list learner_b: 155.151083ms, 24016 bytes
    feedback_capacity_test.go:132: list learner_b: 155.269833ms, 24013 bytes
    feedback_capacity_test.go:132: list learner_b: 157.797917ms, 24013 bytes
    feedback_capacity_test.go:132: list learner_b: 156.924375ms, 23876 bytes
    feedback_capacity_test.go:132: list reviewer_a: 154.847333ms, 23962 bytes
    feedback_capacity_test.go:132: list reviewer_a: 155.860791ms, 23963 bytes
    feedback_capacity_test.go:132: list reviewer_a: 158.8675ms, 23963 bytes
    feedback_capacity_test.go:132: list reviewer_a: 156.00675ms, 23964 bytes
    feedback_capacity_test.go:132: list reviewer_a: 155.758542ms, 23966 bytes
    feedback_capacity_test.go:132: list reviewer_a: 155.828833ms, 23961 bytes
    feedback_capacity_test.go:132: list reviewer_a: 156.660541ms, 23962 bytes
    feedback_capacity_test.go:132: list reviewer_a: 160.227792ms, 23961 bytes
    feedback_capacity_test.go:132: list reviewer_a: 161.904459ms, 23964 bytes
    feedback_capacity_test.go:132: list reviewer_a: 154.97475ms, 23965 bytes
    feedback_capacity_test.go:132: list reviewer_a: 155.194ms, 23960 bytes
    feedback_capacity_test.go:132: list reviewer_a: 158.894708ms, 23964 bytes
    feedback_capacity_test.go:132: list reviewer_a: 154.998167ms, 23964 bytes
    feedback_capacity_test.go:132: list reviewer_a: 156.865292ms, 23965 bytes
    feedback_capacity_test.go:132: list reviewer_a: 156.245875ms, 23960 bytes
    feedback_capacity_test.go:132: list reviewer_a: 153.577834ms, 23965 bytes
    feedback_capacity_test.go:132: list reviewer_a: 153.7375ms, 23962 bytes
    feedback_capacity_test.go:132: list reviewer_a: 153.441916ms, 23963 bytes
    feedback_capacity_test.go:132: list reviewer_a: 153.269709ms, 23960 bytes
    feedback_capacity_test.go:132: list reviewer_a: 152.84875ms, 23827 bytes
    feedback_capacity_test.go:156: cross-actor boundary: 155.072458ms, 24015 bytes
    feedback_capacity_test.go:168: discussion: 12.286375ms, 607731 bytes
    feedback_capacity_test.go:168: discussion: 10.316125ms, 607708 bytes
    feedback_capacity_test.go:191: reply beyond 50: 13.127084ms, 558 bytes
    feedback_capacity_test.go:213: concurrent transition: 19.588834ms, 2 bytes
    feedback_capacity_test.go:219: resolve long thread: 23.4945ms, 569 bytes
    feedback_capacity_test.go:222: reopen: 11.094209ms, 564 bytes
    feedback_capacity_test.go:226: original receipt after advancement: 4.949375ms, 558 bytes
    feedback_capacity_test.go:235: close long thread: 16.381667ms, 576 bytes
    feedback_capacity_test.go:240: private discussion with committed exposure: 10.965459ms, 342 bytes
    feedback_capacity_test.go:261: owner plan: Limit  (cost=4.98..201.60 rows=51 width=40) (actual time=0.100..0.457 rows=51 loops=1)
    feedback_capacity_test.go:261: owner plan:   Buffers: shared hit=1125
    feedback_capacity_test.go:261: owner plan:   ->  Incremental Sort  (cost=4.98..317.26 rows=81 width=40) (actual time=0.100..0.455 rows=51 loops=1)
    feedback_capacity_test.go:261: owner plan:         Sort Key: created_at DESC, ((id)::text) DESC
    feedback_capacity_test.go:261: owner plan:         Presorted Key: created_at
    feedback_capacity_test.go:261: owner plan:         Full-sort Groups: 1  Sort Method: quicksort  Average Memory: 29kB  Peak Memory: 29kB
    feedback_capacity_test.go:261: owner plan:         Pre-sorted Groups: 2  Sort Methods: top-N heapsort, quicksort  Average Memory: 25kB  Peak Memory: 25kB
    feedback_capacity_test.go:261: owner plan:         Buffers: shared hit=1125
    feedback_capacity_test.go:261: owner plan:         ->  Index Only Scan using feedback_owner_list on feedback_tickets  (cost=0.29..314.11 rows=81 width=40) (actual time=0.006..0.401 rows=501 loops=1)
    feedback_capacity_test.go:261: owner plan:               Index Cond: (owner_user_id = '158f1165-e524-4d6b-b34b-aa4fce296c62'::uuid)
    feedback_capacity_test.go:261: owner plan:               Heap Fetches: 1117
    feedback_capacity_test.go:261: owner plan:               Buffers: shared hit=1122
    feedback_capacity_test.go:261: owner plan: Planning:
    feedback_capacity_test.go:261: owner plan:   Buffers: shared hit=5
    feedback_capacity_test.go:261: owner plan: Planning Time: 0.018 ms
    feedback_capacity_test.go:261: owner plan: Execution Time: 0.462 ms
    feedback_capacity_test.go:261: review plan: Limit  (cost=8.32..8.37 rows=2 width=40) (actual time=0.051..0.537 rows=51 loops=1)
    feedback_capacity_test.go:261: review plan:   Buffers: shared hit=2521
    feedback_capacity_test.go:261: review plan:   ->  Incremental Sort  (cost=8.32..8.37 rows=2 width=40) (actual time=0.051..0.535 rows=51 loops=1)
    feedback_capacity_test.go:261: review plan:         Sort Key: created_at DESC, ((id)::text) DESC
    feedback_capacity_test.go:261: review plan:         Presorted Key: created_at
    feedback_capacity_test.go:261: review plan:         Full-sort Groups: 1  Sort Method: quicksort  Average Memory: 29kB  Peak Memory: 29kB
    feedback_capacity_test.go:261: review plan:         Pre-sorted Groups: 2  Sort Methods: top-N heapsort, quicksort  Average Memory: 25kB  Peak Memory: 25kB
    feedback_capacity_test.go:261: review plan:         Buffers: shared hit=2521
    feedback_capacity_test.go:261: review plan:         ->  Index Only Scan using feedback_queue_list on feedback_tickets  (cost=0.29..8.31 rows=1 width=40) (actual time=0.006..0.450 rows=1000 loops=1)
    feedback_capacity_test.go:261: review plan:               Index Cond: ((status = 'new'::text) AND (category = 'math_error'::text))
    feedback_capacity_test.go:261: review plan:               Heap Fetches: 2507
    feedback_capacity_test.go:261: review plan:               Buffers: shared hit=2521
    feedback_capacity_test.go:261: review plan: Planning Time: 0.018 ms
    feedback_capacity_test.go:261: review plan: Execution Time: 0.542 ms
    feedback_capacity_test.go:261: events plan: Limit  (cost=31.62..31.64 rows=8 width=208) (actual time=0.022..0.026 rows=51 loops=1)
    feedback_capacity_test.go:261: events plan:   Buffers: shared hit=7
    feedback_capacity_test.go:261: events plan:   ->  Sort  (cost=31.62..31.64 rows=8 width=208) (actual time=0.022..0.023 rows=51 loops=1)
    feedback_capacity_test.go:261: events plan:         Sort Key: sequence
    feedback_capacity_test.go:261: events plan:         Sort Method: quicksort  Memory: 38kB
    feedback_capacity_test.go:261: events plan:         Buffers: shared hit=7
    feedback_capacity_test.go:261: events plan:         ->  Bitmap Heap Scan on feedback_events  (cost=4.36..31.50 rows=8 width=208) (actual time=0.007..0.015 rows=55 loops=1)
    feedback_capacity_test.go:261: events plan:               Recheck Cond: ((ticket_id = '65c9265b-e984-4ebf-97e0-9e8e8b0eea54'::uuid) AND (sequence > '50'::bigint))
    feedback_capacity_test.go:261: events plan:               Heap Blocks: exact=4
    feedback_capacity_test.go:261: events plan:               Buffers: shared hit=7
    feedback_capacity_test.go:261: events plan:               ->  Bitmap Index Scan on feedback_events_pkey  (cost=0.00..4.36 rows=8 width=0) (actual time=0.004..0.004 rows=55 loops=1)
    feedback_capacity_test.go:261: events plan:                     Index Cond: ((ticket_id = '65c9265b-e984-4ebf-97e0-9e8e8b0eea54'::uuid) AND (sequence > '50'::bigint))
    feedback_capacity_test.go:261: events plan:                     Buffers: shared hit=3
    feedback_capacity_test.go:261: events plan: Planning Time: 0.014 ms
    feedback_capacity_test.go:261: events plan: Execution Time: 0.031 ms
    feedback_capacity_test.go:272: tickets=1000 events=10000 init=1.623294125s largest_operation=167.91875ms status_race_successes=1
=== RUN   TestFeedbackCapacity/missing_feedback_migration_keeps_old_learning
=== RUN   TestFeedbackCapacity/nonempty_learning_facts_unchanged
--- PASS: TestFeedbackCapacity (10.27s)
    --- PASS: TestFeedbackCapacity/historical_volume (8.24s)
    --- PASS: TestFeedbackCapacity/missing_feedback_migration_keeps_old_learning (0.83s)
    --- PASS: TestFeedbackCapacity/nonempty_learning_facts_unchanged (1.20s)
PASS
ok  	github.com/yyl1212/math_master/backend/internal/store	10.844s
