✔ freezes source bytes and finds changes without changing the prior snapshot (55.718458ms)
✔ unchanged sources produce no repeated changes and never overwrite a snapshot (72.403375ms)
✔ rejects index paths escaping the source folder (22.775709ms)
✔ reports missing files as a review item without modifying the previous snapshot (47.803292ms)
✔ private snapshots retain owner-only permissions under a permissive umask (23.635833ms)
✔ new correction CI is executable, classified once and keeps every original batch and deadline (6.846916ms)
✔ deleting any of the 20 browser batches is rejected (5.770125ms)
✔ step labels and echo commands cannot stand in for actual browser execution (0.622041ms)
✔ all five capacity commands must remain executable and separate (3.698625ms)
✔ extra skips, duplicate classification and omitted notification/CLI tests are rejected (1.820667ms)
✔ Go, job, browser and wrapper time limits cannot be expanded or disguised with duplicate flags (1.260333ms)
✔ new capacity names inside an echo are rejected (0.4985ms)
✔ a second actual new test classification in the original job is rejected (1.240041ms)
✔ required correction Go and browser steps cannot be declared but conditionally disabled (0.342417ms)
✔ P5a product baseline retains 88 paths, 220 schemas, 32 responses and three security schemes with only approved pointers (10.33475ms)
✔ all seven original migrations retain exact bytes (0.503708ms)
✔ all existing mathematical digest purposes retain their exact sets (1.199625ms)
✔ removing an old path is rejected (8.805042ms)
✔ an unapproved field is never normalized away (10.845875ms)
✔ changed fixed mathematics and bounds are rejected (25.842792ms)
✔ approved fields require their exact new shape before inverse normalization (19.170959ms)
✔ inverse normalization leaves the source document unchanged (4.594417ms)
✔ a changed original migration fails protection (0.534667ms)
✔ a changed original purpose fails protection (0.315167ms)
✔ all result variants and additional properties survive old full-schema checks (25.654792ms)
✔ actual CI preserves old batches and executes every new feedback batch within original limits (2.363958ms)
✔ deleting an original browser batch is detected (0.91ms)
✔ adding browser skip selection or retries is detected (0.754125ms)
✔ deleting a capacity batch or skipping extra old store tests is detected (1.025084ms)
✔ no browser suite or case is silently skipped, focused or retried (1.098458ms)
✔ active command parser handles split and equals options without counting step labels (0.084958ms)
✔ approved master preserves all 75 paths, 192 schemas, 32 responses and three security schemes (8.940375ms)
✔ a changed original Learning field is detected (10.65675ms)
✔ all original migrations 00001 through 00006 retain their exact bytes (0.421959ms)
✔ changing an original migration is detected (0.13875ms)
✔ original mathematical digest purposes retain their exact sets (1.125958ms)
✔ all 54 old paths, 147 schemas, 22 responses and three security schemes retain exact values (3.545584ms)
✔ one deliberately changed old field is detected (7.528958ms)
✔ original migrations and mathematical purposes remain unchanged (1.103958ms)
✔ all 21 learning operations have named strict contracts and fixed response bounds (0.194333ms)
✔ keeps success and failure exit codes (80.064334ms)
✔ terminates commands on timeout (74.672333ms)
✔ rejects timeouts above the test ceiling (19.348416ms)
✔ kills remaining process group after its leader exits on timeout (5326.32525ms)
ℹ tests 44
ℹ suites 0
ℹ pass 44
ℹ fail 0
ℹ cancelled 0
ℹ skipped 0
ℹ todo 0
ℹ duration_ms 5535.365375
