✔ freezes source bytes and finds changes without changing the prior snapshot (57.007125ms)
✔ unchanged sources produce no repeated changes and never overwrite a snapshot (72.912625ms)
✔ rejects index paths escaping the source folder (21.987667ms)
✔ reports missing files as a review item without modifying the previous snapshot (44.96175ms)
✔ private snapshots retain owner-only permissions under a permissive umask (23.642667ms)
✔ new correction CI is executable, classified once and keeps every original batch and deadline (8.054333ms)
✔ deleting any of the 20 browser batches is rejected (6.002417ms)
✔ step labels and echo commands cannot stand in for actual browser execution (0.570166ms)
✔ all five capacity commands must remain executable and separate (4.317042ms)
✔ extra skips, duplicate classification and omitted notification/CLI tests are rejected (1.934041ms)
✔ Go, job, browser and wrapper time limits cannot be expanded or disguised with duplicate flags (1.338458ms)
✔ new capacity names inside an echo are rejected (0.425ms)
✔ a second actual new test classification in the original job is rejected (0.9725ms)
✔ required correction Go and browser steps cannot be declared but conditionally disabled (0.324417ms)
✔ P5a product baseline retains 88 paths, 220 schemas, 32 responses and three security schemes with only approved pointers (10.899583ms)
✔ all seven original migrations retain exact bytes (0.508583ms)
✔ all existing mathematical digest purposes retain their exact sets (1.202709ms)
✔ removing an old path is rejected (9.230083ms)
✔ an unapproved field is never normalized away (10.49475ms)
✔ changed fixed mathematics and bounds are rejected (25.44225ms)
✔ approved fields require their exact new shape before inverse normalization (18.896708ms)
✔ inverse normalization leaves the source document unchanged (4.585542ms)
✔ a changed original migration fails protection (0.52175ms)
✔ a changed original purpose fails protection (0.32175ms)
✔ all result variants and additional properties survive old full-schema checks (25.682333ms)
✔ actual CI preserves old batches and executes every new feedback batch within original limits (2.747417ms)
✔ deleting an original browser batch is detected (0.994292ms)
✔ adding browser skip selection or retries is detected (0.840958ms)
✔ deleting a capacity batch or skipping extra old store tests is detected (0.969041ms)
✔ no browser suite or case is silently skipped, focused or retried (1.253958ms)
✔ active command parser handles split and equals options without counting step labels (0.091291ms)
✔ approved master preserves all 75 paths, 192 schemas, 32 responses and three security schemes (9.378459ms)
✔ a changed original Learning field is detected (11.719291ms)
✔ all original migrations 00001 through 00006 retain their exact bytes (0.41725ms)
✔ changing an original migration is detected (0.143083ms)
✔ original mathematical digest purposes retain their exact sets (1.149417ms)
✔ all 54 old paths, 147 schemas, 22 responses and three security schemes retain exact values (4.530209ms)
✔ one deliberately changed old field is detected (8.197542ms)
✔ original migrations and mathematical purposes remain unchanged (1.129209ms)
✔ all 21 learning operations have named strict contracts and fixed response bounds (0.191459ms)
✔ keeps success and failure exit codes (78.8625ms)
✔ terminates commands on timeout (74.035375ms)
✔ rejects timeouts above the test ceiling (18.291333ms)
✔ kills remaining process group after its leader exits on timeout (5331.182ms)
ℹ tests 44
ℹ suites 0
ℹ pass 44
ℹ fail 0
ℹ cancelled 0
ℹ skipped 0
ℹ todo 0
ℹ duration_ms 5543.461875
