✔ freezes source bytes and finds changes without changing the prior snapshot (53.567708ms)
✔ unchanged sources produce no repeated changes and never overwrite a snapshot (71.175ms)
✔ rejects index paths escaping the source folder (22.155417ms)
✔ reports missing files as a review item without modifying the previous snapshot (46.291208ms)
✔ private snapshots retain owner-only permissions under a permissive umask (25.170625ms)
✔ new correction CI is executable, classified once and keeps every original batch and deadline (7.697542ms)
✔ deleting any of the 20 browser batches is rejected (5.771708ms)
✔ step labels and echo commands cannot stand in for actual browser execution (0.79025ms)
✔ all five capacity commands must remain executable and separate (4.353125ms)
✔ extra skips, duplicate classification and omitted notification/CLI tests are rejected (2.0225ms)
✔ Go, job, browser and wrapper time limits cannot be expanded or disguised with duplicate flags (1.184833ms)
✔ new capacity names inside an echo are rejected (0.443583ms)
✔ a second actual new test classification in the original job is rejected (1.199875ms)
✔ required correction Go and browser steps cannot be declared but conditionally disabled (0.327292ms)
✔ P5a product baseline retains 88 paths, 220 schemas, 32 responses and three security schemes with only approved pointers (9.672375ms)
✔ all seven original migrations retain exact bytes (0.513583ms)
✔ all existing mathematical digest purposes retain their exact sets (1.276542ms)
✔ removing an old path is rejected (10.077375ms)
✔ an unapproved field is never normalized away (10.349875ms)
✔ changed fixed mathematics and bounds are rejected (25.666291ms)
✔ approved fields require their exact new shape before inverse normalization (18.884583ms)
✔ inverse normalization leaves the source document unchanged (4.607791ms)
✔ a changed original migration fails protection (0.537708ms)
✔ a changed original purpose fails protection (0.328791ms)
✔ all result variants and additional properties survive old full-schema checks (25.564541ms)
✔ actual CI preserves old batches and executes every new feedback batch within original limits (2.438583ms)
✔ deleting an original browser batch is detected (0.965583ms)
✔ adding browser skip selection or retries is detected (0.717125ms)
✔ deleting a capacity batch or skipping extra old store tests is detected (0.925584ms)
✔ no browser suite or case is silently skipped, focused or retried (1.232917ms)
✔ active command parser handles split and equals options without counting step labels (0.087042ms)
✔ approved master preserves all 75 paths, 192 schemas, 32 responses and three security schemes (9.420667ms)
✔ a changed original Learning field is detected (11.125666ms)
✔ all original migrations 00001 through 00006 retain their exact bytes (0.414ms)
✔ changing an original migration is detected (0.13575ms)
✔ original mathematical digest purposes retain their exact sets (1.137209ms)
✔ all 54 old paths, 147 schemas, 22 responses and three security schemes retain exact values (3.900834ms)
✔ one deliberately changed old field is detected (6.780375ms)
✔ original migrations and mathematical purposes remain unchanged (0.874042ms)
✔ all 21 learning operations have named strict contracts and fixed response bounds (0.152416ms)
✔ keeps success and failure exit codes (81.415125ms)
✔ terminates commands on timeout (74.080708ms)
✔ rejects timeouts above the test ceiling (19.698792ms)
✔ kills remaining process group after its leader exits on timeout (5330.276042ms)
ℹ tests 44
ℹ suites 0
ℹ pass 44
ℹ fail 0
ℹ cancelled 0
ℹ skipped 0
ℹ todo 0
ℹ duration_ms 5545.684291
