✔ freezes source bytes and finds changes without changing the prior snapshot (53.413833ms)
✔ unchanged sources produce no repeated changes and never overwrite a snapshot (72.310042ms)
✔ rejects index paths escaping the source folder (20.540833ms)
✔ reports missing files as a review item without modifying the previous snapshot (46.898ms)
✔ private snapshots retain owner-only permissions under a permissive umask (23.218958ms)
✔ new correction CI is executable, classified once and keeps every original batch and deadline (8.122166ms)
✔ deleting any of the 20 browser batches is rejected (5.786875ms)
✔ step labels and echo commands cannot stand in for actual browser execution (0.922917ms)
✔ all five capacity commands must remain executable and separate (4.446ms)
✔ extra skips, duplicate classification and omitted notification/CLI tests are rejected (2.234625ms)
✔ Go, job, browser and wrapper time limits cannot be expanded or disguised with duplicate flags (1.534208ms)
✔ new capacity names inside an echo are rejected (0.451375ms)
✔ a second actual new test classification in the original job is rejected (1.24675ms)
✔ required correction Go and browser steps cannot be declared but conditionally disabled (0.377875ms)
✔ P5a product baseline retains 88 paths, 220 schemas, 32 responses and three security schemes with only approved pointers (9.964792ms)
✔ all seven original migrations retain exact bytes (0.684208ms)
✔ all existing mathematical digest purposes retain their exact sets (2.298083ms)
✔ removing an old path is rejected (8.871625ms)
✔ an unapproved field is never normalized away (10.152042ms)
✔ changed fixed mathematics and bounds are rejected (25.488459ms)
✔ approved fields require their exact new shape before inverse normalization (18.489ms)
✔ inverse normalization leaves the source document unchanged (4.57525ms)
✔ a changed original migration fails protection (0.534ms)
✔ a changed original purpose fails protection (0.322708ms)
✔ all result variants and additional properties survive old full-schema checks (25.291583ms)
✔ actual CI preserves old batches and executes every new feedback batch within original limits (2.980208ms)
✔ deleting an original browser batch is detected (1.171625ms)
✔ adding browser skip selection or retries is detected (0.829792ms)
✔ deleting a capacity batch or skipping extra old store tests is detected (1.097083ms)
✔ no browser suite or case is silently skipped, focused or retried (1.871208ms)
✔ active command parser handles split and equals options without counting step labels (0.098792ms)
✔ approved master preserves all 75 paths, 192 schemas, 32 responses and three security schemes (9.131666ms)
✔ a changed original Learning field is detected (11.470792ms)
✔ all original migrations 00001 through 00006 retain their exact bytes (0.411917ms)
✔ changing an original migration is detected (0.142625ms)
✔ original mathematical digest purposes retain their exact sets (1.140708ms)
✔ all 54 old paths, 147 schemas, 22 responses and three security schemes retain exact values (3.941125ms)
✔ one deliberately changed old field is detected (7.283958ms)
✔ original migrations and mathematical purposes remain unchanged (1.552ms)
✔ all 21 learning operations have named strict contracts and fixed response bounds (0.165834ms)
✔ keeps success and failure exit codes (80.949292ms)
✔ terminates commands on timeout (72.774291ms)
✔ rejects timeouts above the test ceiling (19.442916ms)
✔ kills remaining process group after its leader exits on timeout (5326.98675ms)
ℹ tests 44
ℹ suites 0
ℹ pass 44
ℹ fail 0
ℹ cancelled 0
ℹ skipped 0
ℹ todo 0
ℹ duration_ms 5537.652125
