✔ freezes source bytes and finds changes without changing the prior snapshot (55.563042ms)
✔ unchanged sources produce no repeated changes and never overwrite a snapshot (71.849ms)
✔ rejects index paths escaping the source folder (21.39325ms)
✔ reports missing files as a review item without modifying the previous snapshot (47.361333ms)
✔ private snapshots retain owner-only permissions under a permissive umask (23.07575ms)
✔ new correction CI is executable, classified once and keeps every original batch and deadline (7.463416ms)
✔ deleting any of the 20 browser batches is rejected (5.450083ms)
✔ step labels and echo commands cannot stand in for actual browser execution (0.650291ms)
✔ all five capacity commands must remain executable and separate (3.929416ms)
✔ extra skips, duplicate classification and omitted notification/CLI tests are rejected (2.249709ms)
✔ Go, job, browser and wrapper time limits cannot be expanded or disguised with duplicate flags (1.394875ms)
✔ new capacity names inside an echo are rejected (0.324875ms)
✔ a second actual new test classification in the original job is rejected (0.999208ms)
✔ required correction Go and browser steps cannot be declared but conditionally disabled (0.305292ms)
✔ P5a product baseline retains 88 paths, 220 schemas, 32 responses and three security schemes with only approved pointers (10.442083ms)
✔ all seven original migrations retain exact bytes (0.508375ms)
✔ all existing mathematical digest purposes retain their exact sets (1.377875ms)
✔ removing an old path is rejected (9.022791ms)
✔ an unapproved field is never normalized away (10.073209ms)
✔ changed fixed mathematics and bounds are rejected (25.635667ms)
✔ approved fields require their exact new shape before inverse normalization (18.962083ms)
✔ inverse normalization leaves the source document unchanged (4.555583ms)
✔ a changed original migration fails protection (0.521208ms)
✔ a changed original purpose fails protection (0.329459ms)
✔ all result variants and additional properties survive old full-schema checks (25.528792ms)
✔ actual CI preserves old batches and executes every new feedback batch within original limits (2.593625ms)
✔ deleting an original browser batch is detected (0.951667ms)
✔ adding browser skip selection or retries is detected (0.850333ms)
✔ deleting a capacity batch or skipping extra old store tests is detected (1.1575ms)
✔ no browser suite or case is silently skipped, focused or retried (1.503ms)
✔ active command parser handles split and equals options without counting step labels (0.100083ms)
✔ approved master preserves all 75 paths, 192 schemas, 32 responses and three security schemes (9.781417ms)
✔ a changed original Learning field is detected (11.735792ms)
✔ all original migrations 00001 through 00006 retain their exact bytes (0.423542ms)
✔ changing an original migration is detected (0.157583ms)
✔ original mathematical digest purposes retain their exact sets (1.185458ms)
✔ all 54 old paths, 147 schemas, 22 responses and three security schemes retain exact values (3.68725ms)
✔ one deliberately changed old field is detected (7.603208ms)
✔ original migrations and mathematical purposes remain unchanged (1.141667ms)
✔ all 21 learning operations have named strict contracts and fixed response bounds (0.160833ms)
✔ keeps success and failure exit codes (78.73075ms)
✔ terminates commands on timeout (73.358333ms)
✔ rejects timeouts above the test ceiling (18.705458ms)
✔ kills remaining process group after its leader exits on timeout (5331.856375ms)
ℹ tests 44
ℹ suites 0
ℹ pass 44
ℹ fail 0
ℹ cancelled 0
ℹ skipped 0
ℹ todo 0
ℹ duration_ms 5544.811917
