✔ freezes source bytes and finds changes without changing the prior snapshot (55.601958ms)
✔ unchanged sources produce no repeated changes and never overwrite a snapshot (71.955666ms)
✔ rejects index paths escaping the source folder (21.152333ms)
✔ reports missing files as a review item without modifying the previous snapshot (46.390083ms)
✔ private snapshots retain owner-only permissions under a permissive umask (26.640584ms)
✔ new correction CI is executable, classified once and keeps every original batch and deadline (7.373083ms)
✔ deleting any of the 20 browser batches is rejected (5.207417ms)
✔ step labels and echo commands cannot stand in for actual browser execution (0.600625ms)
✔ all five capacity commands must remain executable and separate (3.577625ms)
✔ extra skips, duplicate classification and omitted notification/CLI tests are rejected (2.0705ms)
✔ Go, job, browser and wrapper time limits cannot be expanded or disguised with duplicate flags (1.071708ms)
✔ new capacity names inside an echo are rejected (0.39175ms)
✔ a second actual new test classification in the original job is rejected (0.939125ms)
✔ required correction Go and browser steps cannot be declared but conditionally disabled (0.301542ms)
✔ P5a product baseline retains 88 paths, 220 schemas, 32 responses and three security schemes with only approved pointers (11.402875ms)
✔ all seven original migrations retain exact bytes (0.678416ms)
✔ all existing mathematical digest purposes retain their exact sets (1.862167ms)
✔ removing an old path is rejected (9.585375ms)
✔ an unapproved field is never normalized away (10.196875ms)
✔ changed fixed mathematics and bounds are rejected (25.692708ms)
✔ approved fields require their exact new shape before inverse normalization (18.705875ms)
✔ inverse normalization leaves the source document unchanged (4.579125ms)
✔ a changed original migration fails protection (0.510333ms)
✔ a changed original purpose fails protection (0.319208ms)
✔ all result variants and additional properties survive old full-schema checks (25.696917ms)
✔ actual CI preserves old batches and executes every new feedback batch within original limits (2.232375ms)
✔ deleting an original browser batch is detected (0.890166ms)
✔ adding browser skip selection or retries is detected (0.815958ms)
✔ deleting a capacity batch or skipping extra old store tests is detected (1.141333ms)
✔ no browser suite or case is silently skipped, focused or retried (1.35025ms)
✔ active command parser handles split and equals options without counting step labels (0.124458ms)
✔ approved master preserves all 75 paths, 192 schemas, 32 responses and three security schemes (9.385042ms)
✔ a changed original Learning field is detected (10.823667ms)
✔ all original migrations 00001 through 00006 retain their exact bytes (0.430417ms)
✔ changing an original migration is detected (0.140167ms)
✔ original mathematical digest purposes retain their exact sets (1.100541ms)
✔ all 54 old paths, 147 schemas, 22 responses and three security schemes retain exact values (4.0035ms)
✔ one deliberately changed old field is detected (7.389125ms)
✔ original migrations and mathematical purposes remain unchanged (1.146666ms)
✔ all 21 learning operations have named strict contracts and fixed response bounds (0.151709ms)
✔ keeps success and failure exit codes (81.484875ms)
✔ terminates commands on timeout (74.642541ms)
✔ rejects timeouts above the test ceiling (19.483291ms)
✔ kills remaining process group after its leader exits on timeout (5331.278042ms)
ℹ tests 44
ℹ suites 0
ℹ pass 44
ℹ fail 0
ℹ cancelled 0
ℹ skipped 0
ℹ todo 0
ℹ duration_ms 5547.510375
