=== RUN   TestCorrectionCompletionLaterGrantsAppendOnly
--- PASS: TestCorrectionCompletionLaterGrantsAppendOnly (1.01s)
=== RUN   TestCorrectionProcessAtomic
=== RUN   TestCorrectionProcessAtomic/result
=== RUN   TestCorrectionProcessAtomic/dependency
=== RUN   TestCorrectionProcessAtomic/dependency-last
=== RUN   TestCorrectionProcessAtomic/qualification
=== RUN   TestCorrectionProcessAtomic/notification
=== RUN   TestCorrectionProcessAtomic/cursor
--- PASS: TestCorrectionProcessAtomic (5.62s)
    --- PASS: TestCorrectionProcessAtomic/result (0.94s)
    --- PASS: TestCorrectionProcessAtomic/dependency (0.93s)
    --- PASS: TestCorrectionProcessAtomic/dependency-last (0.92s)
    --- PASS: TestCorrectionProcessAtomic/qualification (0.93s)
    --- PASS: TestCorrectionProcessAtomic/notification (0.94s)
    --- PASS: TestCorrectionProcessAtomic/cursor (0.95s)
=== RUN   TestCorrectionStaleLeaseNoEvidenceWrites
--- PASS: TestCorrectionStaleLeaseNoEvidenceWrites (0.90s)
=== RUN   TestCorrectionCrashResumeCursorAndNotificationDedup
--- PASS: TestCorrectionCrashResumeCursorAndNotificationDedup (1.67s)
=== RUN   TestCorrectionProcessRootActiveLateTerminalAfterDone
--- PASS: TestCorrectionProcessRootActiveLateTerminalAfterDone (0.99s)
=== RUN   TestCorrectionCumulativeResultsOtherCaseStillRestricts
--- PASS: TestCorrectionCumulativeResultsOtherCaseStillRestricts (1.02s)
=== RUN   TestCorrectionProcessWithdrawalWithoutMappingRetake
--- PASS: TestCorrectionProcessWithdrawalWithoutMappingRetake (0.95s)
=== RUN   TestCorrectionProcessThreeOfFiveStaysFailed
--- PASS: TestCorrectionProcessThreeOfFiveStaysFailed (0.91s)
=== RUN   TestCorrectionStaleLeaseAtFinalCommitFence
--- PASS: TestCorrectionStaleLeaseAtFinalCommitFence (0.93s)
=== RUN   TestCorrectionCumulativeResultsParentReplacementWithdrawn
--- PASS: TestCorrectionCumulativeResultsParentReplacementWithdrawn (1.59s)
=== RUN   TestCorrectionProcessPracticeNeverGrantsQualification
--- PASS: TestCorrectionProcessPracticeNeverGrantsQualification (0.91s)
=== RUN   TestCorrectionProcessAwaitingApprovalHasNoScore
--- PASS: TestCorrectionProcessAwaitingApprovalHasNoScore (0.85s)
=== RUN   TestCorrectionProcessCurrentAccountRecheckedNoPersonnelQuota
--- PASS: TestCorrectionProcessCurrentAccountRecheckedNoPersonnelQuota (0.90s)
=== RUN   TestCorrectionCumulativeResultsIncompatibleApprovedMappings
--- PASS: TestCorrectionCumulativeResultsIncompatibleApprovedMappings (1.53s)
=== RUN   TestCorrectionCumulativeResultsApprovedChildRetakeSupersedesPass
--- PASS: TestCorrectionCumulativeResultsApprovedChildRetakeSupersedesPass (1.58s)
=== RUN   TestCorrectionProjectionDiagnosticAllViewsOriginalBytes
--- PASS: TestCorrectionProjectionDiagnosticAllViewsOriginalBytes (0.91s)
=== RUN   TestCorrectionProcessDatabaseRejectsForeignScopeAndWithdrawnBasis
=== RUN   TestCorrectionProcessDatabaseRejectsForeignScopeAndWithdrawnBasis/foreign-scope
=== RUN   TestCorrectionProcessDatabaseRejectsForeignScopeAndWithdrawnBasis/withdrawn
--- PASS: TestCorrectionProcessDatabaseRejectsForeignScopeAndWithdrawnBasis (2.20s)
    --- PASS: TestCorrectionProcessDatabaseRejectsForeignScopeAndWithdrawnBasis/foreign-scope (1.10s)
    --- PASS: TestCorrectionProcessDatabaseRejectsForeignScopeAndWithdrawnBasis/withdrawn (1.10s)
=== RUN   TestCorrectionProcessDatabaseRequiresCompleteParentClosure
--- PASS: TestCorrectionProcessDatabaseRequiresCompleteParentClosure (0.89s)
=== RUN   TestCorrectionProcessDatabaseRequiresCompleteDependencies
=== RUN   TestCorrectionProcessDatabaseRequiresCompleteDependencies/audit
=== RUN   TestCorrectionProcessDatabaseRequiresCompleteDependencies/effective
--- PASS: TestCorrectionProcessDatabaseRequiresCompleteDependencies (1.71s)
    --- PASS: TestCorrectionProcessDatabaseRequiresCompleteDependencies/audit (0.86s)
    --- PASS: TestCorrectionProcessDatabaseRequiresCompleteDependencies/effective (0.85s)
=== RUN   TestCorrectionUnprocessedApprovedChain
--- PASS: TestCorrectionUnprocessedApprovedChain (1.57s)
=== RUN   TestCorrectionReplacementChainRejectsConflictsAndCycles
=== RUN   TestCorrectionReplacementChainRejectsConflictsAndCycles/conflict
=== RUN   TestCorrectionReplacementChainRejectsConflictsAndCycles/cycle
--- PASS: TestCorrectionReplacementChainRejectsConflictsAndCycles (3.41s)
    --- PASS: TestCorrectionReplacementChainRejectsConflictsAndCycles/conflict (1.79s)
    --- PASS: TestCorrectionReplacementChainRejectsConflictsAndCycles/cycle (1.62s)
=== RUN   TestCorrectionReplacementChainIgnoresUnrelatedFork
--- PASS: TestCorrectionReplacementChainIgnoresUnrelatedFork (2.01s)
=== RUN   TestCorrectionProcessMaterialAndPathStaticNotices
=== RUN   TestCorrectionProcessMaterialAndPathStaticNotices/unit
=== RUN   TestCorrectionProcessMaterialAndPathStaticNotices/path
--- PASS: TestCorrectionProcessMaterialAndPathStaticNotices (1.93s)
    --- PASS: TestCorrectionProcessMaterialAndPathStaticNotices/unit (0.85s)
    --- PASS: TestCorrectionProcessMaterialAndPathStaticNotices/path (1.08s)
PASS
ok  	github.com/yyl1212/math_master/backend/internal/store	36.261s
