=== RUN   TestCorrectionProjectionInvalidation
--- PASS: TestCorrectionProjectionInvalidation (0.00s)
=== RUN   TestCorrectionSlidingBoundaryAndAllScopes
=== RUN   TestCorrectionSlidingBoundaryAndAllScopes/create
=== RUN   TestCorrectionSlidingBoundaryAndAllScopes/process
=== RUN   TestCorrectionSlidingBoundaryAndAllScopes/retry
=== RUN   TestCorrectionSlidingBoundaryAndAllScopes/notification-read
--- PASS: TestCorrectionSlidingBoundaryAndAllScopes (0.88s)
    --- PASS: TestCorrectionSlidingBoundaryAndAllScopes/create (0.20s)
    --- PASS: TestCorrectionSlidingBoundaryAndAllScopes/process (0.20s)
    --- PASS: TestCorrectionSlidingBoundaryAndAllScopes/retry (0.18s)
    --- PASS: TestCorrectionSlidingBoundaryAndAllScopes/notification-read (0.29s)
=== RUN   TestCorrectionPlanUnknownRuleRemainsClosed
--- PASS: TestCorrectionPlanUnknownRuleRemainsClosed (0.15s)
=== RUN   TestCorrectionOwnResponseSize
--- PASS: TestCorrectionOwnResponseSize (0.00s)
=== RUN   TestCorrectionLateTerminalAfterRootDone
--- PASS: TestCorrectionLateTerminalAfterRootDone (0.87s)
=== RUN   TestCorrectionLegacyTerminalBackfillAndStableLowKey
--- PASS: TestCorrectionLegacyTerminalBackfillAndStableLowKey (0.89s)
=== RUN   TestCorrectionRotatingBackfillDoesNotStarveCases
--- PASS: TestCorrectionRotatingBackfillDoesNotStarveCases (0.95s)
=== RUN   TestCorrectionLegacyTerminalBackfillRootPlanSharedBudget
--- PASS: TestCorrectionLegacyTerminalBackfillRootPlanSharedBudget (0.89s)
=== RUN   TestCorrectionWorkerAccountFreshRoleAfterWait
--- PASS: TestCorrectionWorkerAccountFreshRoleAfterWait (0.77s)
=== RUN   TestCorrectionWorkerAccountCancelledBatchRecovery
--- PASS: TestCorrectionWorkerAccountCancelledBatchRecovery (0.76s)
=== RUN   TestCorrectionCasesImmediateRestrictionAndReplay
--- PASS: TestCorrectionCasesImmediateRestrictionAndReplay (0.91s)
=== RUN   TestCorrectionCutoffLateSubmissionAndNewAttempt
--- PASS: TestCorrectionCutoffLateSubmissionAndNewAttempt (0.85s)
=== RUN   TestCorrectionCasesScopeAndUnknownRule
--- PASS: TestCorrectionCasesScopeAndUnknownRule (1.12s)
=== RUN   TestCorrectionCompatibilityRequiredGuardsFailClosed
=== RUN   TestCorrectionCompatibilityRequiredGuardsFailClosed/check
=== RUN   TestCorrectionCompatibilityRequiredGuardsFailClosed/foreign-key
=== RUN   TestCorrectionCompatibilityRequiredGuardsFailClosed/unique
=== RUN   TestCorrectionCompatibilityRequiredGuardsFailClosed/function
=== RUN   TestCorrectionCompatibilityRequiredGuardsFailClosed/trigger-table
=== RUN   TestCorrectionCompatibilityRequiredGuardsFailClosed/disabled-trigger
=== RUN   TestCorrectionCompatibilityRequiredGuardsFailClosed/weakened-check
=== RUN   TestCorrectionCompatibilityRequiredGuardsFailClosed/unvalidated-fk
=== RUN   TestCorrectionCompatibilityRequiredGuardsFailClosed/unique-index
=== RUN   TestCorrectionCompatibilityRequiredGuardsFailClosed/trigger-function
--- PASS: TestCorrectionCompatibilityRequiredGuardsFailClosed (7.53s)
    --- PASS: TestCorrectionCompatibilityRequiredGuardsFailClosed/check (0.76s)
    --- PASS: TestCorrectionCompatibilityRequiredGuardsFailClosed/foreign-key (0.75s)
    --- PASS: TestCorrectionCompatibilityRequiredGuardsFailClosed/unique (0.76s)
    --- PASS: TestCorrectionCompatibilityRequiredGuardsFailClosed/function (0.75s)
    --- PASS: TestCorrectionCompatibilityRequiredGuardsFailClosed/trigger-table (0.76s)
    --- PASS: TestCorrectionCompatibilityRequiredGuardsFailClosed/disabled-trigger (0.75s)
    --- PASS: TestCorrectionCompatibilityRequiredGuardsFailClosed/weakened-check (0.75s)
    --- PASS: TestCorrectionCompatibilityRequiredGuardsFailClosed/unvalidated-fk (0.75s)
    --- PASS: TestCorrectionCompatibilityRequiredGuardsFailClosed/unique-index (0.75s)
    --- PASS: TestCorrectionCompatibilityRequiredGuardsFailClosed/trigger-function (0.75s)
=== RUN   TestCorrectionCompatibilityOriginalFailedReceiptAndRollback
--- PASS: TestCorrectionCompatibilityOriginalFailedReceiptAndRollback (1.01s)
=== RUN   TestCorrectionBroadRuleExposure
--- PASS: TestCorrectionBroadRuleExposure (1.00s)
=== RUN   TestCorrectionReplacementTemplateExposure
--- PASS: TestCorrectionReplacementTemplateExposure (1.24s)
=== RUN   TestCorrectionOwnExposureFailureClosedAndExpired
--- PASS: TestCorrectionOwnExposureFailureClosedAndExpired (0.98s)
=== RUN   TestCorrectionBroadCandidateQueryIsExecutable
--- PASS: TestCorrectionBroadCandidateQueryIsExecutable (0.76s)
=== RUN   TestCorrectionCompletionLaterGrantsAppendOnly
--- PASS: TestCorrectionCompletionLaterGrantsAppendOnly (0.94s)
=== RUN   TestCorrectionReplaySameKeyDifferentResourceConsumesTwice
--- PASS: TestCorrectionReplaySameKeyDifferentResourceConsumesTwice (0.79s)
=== RUN   TestCorrectionPlanCreateQuotaRollsBackAndReplayFree
--- PASS: TestCorrectionPlanCreateQuotaRollsBackAndReplayFree (0.98s)
=== RUN   TestCorrectionEnqueueWithdrawalAtomicReplayAndRollback
=== RUN   TestCorrectionEnqueueWithdrawalAtomicReplayAndRollback/question
=== RUN   TestCorrectionEnqueueWithdrawalAtomicReplayAndRollback/content
--- PASS: TestCorrectionEnqueueWithdrawalAtomicReplayAndRollback (2.30s)
    --- PASS: TestCorrectionEnqueueWithdrawalAtomicReplayAndRollback/question (0.77s)
    --- PASS: TestCorrectionEnqueueWithdrawalAtomicReplayAndRollback/content (0.77s)
=== RUN   TestCorrectionEnqueueTerminalRollbackAndReplay
--- PASS: TestCorrectionEnqueueTerminalRollbackAndReplay (0.87s)
=== RUN   TestCorrectionLeaseClaimRenewAndExpiredFence
--- PASS: TestCorrectionLeaseClaimRenewAndExpiredFence (0.79s)
=== RUN   TestCorrectionRetryEpochEightAttemptsAndContinuation
--- PASS: TestCorrectionRetryEpochEightAttemptsAndContinuation (0.85s)
=== RUN   TestCorrectionRetryEpochPreservesCursorAndCurrentAuthority
--- PASS: TestCorrectionRetryEpochPreservesCursorAndCurrentAuthority (0.79s)
=== RUN   TestCorrectionLeaseClaimSkipsLockedOtherJob
--- PASS: TestCorrectionLeaseClaimSkipsLockedOtherJob (0.78s)
=== RUN   TestCorrectionEnqueueWithdrawalTerminalOwnerFence
--- PASS: TestCorrectionEnqueueWithdrawalTerminalOwnerFence (0.88s)
=== RUN   TestCorrectionMigrationEmptyDownAndMarker
--- PASS: TestCorrectionMigrationEmptyDownAndMarker (0.18s)
=== RUN   TestCorrectionMigrationNonemptyDown
--- PASS: TestCorrectionMigrationNonemptyDown (0.76s)
=== RUN   TestCorrectionMigrationQuotaAloneProtectsDown
--- PASS: TestCorrectionMigrationQuotaAloneProtectsDown (0.74s)
=== RUN   TestCorrectionPlanVersionFreezesAndRejectCreatesChild
--- PASS: TestCorrectionPlanVersionFreezesAndRejectCreatesChild (0.84s)
=== RUN   TestCorrectionIndependentReviewAllSourcesAndOldCutoff
--- PASS: TestCorrectionIndependentReviewAllSourcesAndOldCutoff (0.98s)
=== RUN   TestCorrectionReplayAfterAdvanceOriginalReceipt
--- PASS: TestCorrectionReplayAfterAdvanceOriginalReceipt (0.83s)
=== RUN   TestCorrectionPlanAdminMayEditWithoutChangingCreator
--- PASS: TestCorrectionPlanAdminMayEditWithoutChangingCreator (0.81s)
=== RUN   TestCorrectionProcessAtomic
=== RUN   TestCorrectionProcessAtomic/result
=== RUN   TestCorrectionProcessAtomic/dependency
=== RUN   TestCorrectionProcessAtomic/dependency-last
=== RUN   TestCorrectionProcessAtomic/qualification
=== RUN   TestCorrectionProcessAtomic/notification
=== RUN   TestCorrectionProcessAtomic/cursor
--- PASS: TestCorrectionProcessAtomic (5.57s)
    --- PASS: TestCorrectionProcessAtomic/result (0.93s)
    --- PASS: TestCorrectionProcessAtomic/dependency (0.92s)
    --- PASS: TestCorrectionProcessAtomic/dependency-last (0.92s)
    --- PASS: TestCorrectionProcessAtomic/qualification (0.93s)
    --- PASS: TestCorrectionProcessAtomic/notification (0.93s)
    --- PASS: TestCorrectionProcessAtomic/cursor (0.93s)
=== RUN   TestCorrectionStaleLeaseNoEvidenceWrites
--- PASS: TestCorrectionStaleLeaseNoEvidenceWrites (0.88s)
=== RUN   TestCorrectionCrashResumeCursorAndNotificationDedup
--- PASS: TestCorrectionCrashResumeCursorAndNotificationDedup (1.63s)
=== RUN   TestCorrectionProcessRootActiveLateTerminalAfterDone
--- PASS: TestCorrectionProcessRootActiveLateTerminalAfterDone (0.99s)
=== RUN   TestCorrectionCumulativeResultsOtherCaseStillRestricts
--- PASS: TestCorrectionCumulativeResultsOtherCaseStillRestricts (1.01s)
=== RUN   TestCorrectionProcessWithdrawalWithoutMappingRetake
--- PASS: TestCorrectionProcessWithdrawalWithoutMappingRetake (0.95s)
=== RUN   TestCorrectionProcessThreeOfFiveStaysFailed
--- PASS: TestCorrectionProcessThreeOfFiveStaysFailed (0.91s)
=== RUN   TestCorrectionStaleLeaseAtFinalCommitFence
--- PASS: TestCorrectionStaleLeaseAtFinalCommitFence (0.92s)
=== RUN   TestCorrectionWithdrawalCommitRace
=== RUN   TestCorrectionWithdrawalCommitRace/withdrawal-first
=== RUN   TestCorrectionWithdrawalCommitRace/correction-first
--- PASS: TestCorrectionWithdrawalCommitRace (2.53s)
    --- PASS: TestCorrectionWithdrawalCommitRace/withdrawal-first (1.24s)
    --- PASS: TestCorrectionWithdrawalCommitRace/correction-first (1.30s)
=== RUN   TestCorrectionCumulativeResultsParentReplacementWithdrawn
--- PASS: TestCorrectionCumulativeResultsParentReplacementWithdrawn (1.59s)
=== RUN   TestCorrectionProcessPracticeNeverGrantsQualification
--- PASS: TestCorrectionProcessPracticeNeverGrantsQualification (0.91s)
=== RUN   TestCorrectionProcessAwaitingApprovalHasNoScore
--- PASS: TestCorrectionProcessAwaitingApprovalHasNoScore (0.84s)
=== RUN   TestCorrectionProcessCurrentAccountRecheckedNoPersonnelQuota
--- PASS: TestCorrectionProcessCurrentAccountRecheckedNoPersonnelQuota (0.91s)
=== RUN   TestCorrectionCumulativeResultsIncompatibleApprovedMappings
--- PASS: TestCorrectionCumulativeResultsIncompatibleApprovedMappings (1.52s)
=== RUN   TestCorrectionCumulativeResultsApprovedChildRetakeSupersedesPass
--- PASS: TestCorrectionCumulativeResultsApprovedChildRetakeSupersedesPass (1.56s)
=== RUN   TestCorrectionProjectionDiagnosticAllViewsOriginalBytes
--- PASS: TestCorrectionProjectionDiagnosticAllViewsOriginalBytes (0.92s)
=== RUN   TestCorrectionOtherCaseStillRestricts
--- PASS: TestCorrectionOtherCaseStillRestricts (0.92s)
=== RUN   TestCorrectionProjectionSupersededPassNotFallback
--- PASS: TestCorrectionProjectionSupersededPassNotFallback (0.96s)
=== RUN   TestCorrectionProjectionOriginalFailedFourDoesNotForgeOldQualification
--- PASS: TestCorrectionProjectionOriginalFailedFourDoesNotForgeOldQualification (0.85s)
=== RUN   TestCorrectionProjectionIncompatibleApprovedLeavesRestrict
--- PASS: TestCorrectionProjectionIncompatibleApprovedLeavesRestrict (0.89s)
=== RUN   TestCorrectionOwnPrivacy
--- PASS: TestCorrectionOwnPrivacy (0.98s)
=== RUN   TestCorrectionResultPagination
--- PASS: TestCorrectionResultPagination (1.56s)
=== RUN   TestCorrectionResultPaginationPlanVersionsShareClock
--- PASS: TestCorrectionResultPaginationPlanVersionsShareClock (0.79s)
=== RUN   TestCorrectionOwnCurrentPracticeAndKnowledgeValidity
=== RUN   TestCorrectionOwnCurrentPracticeAndKnowledgeValidity/practice-second-rule
=== RUN   TestCorrectionOwnCurrentPracticeAndKnowledgeValidity/knowledge-update
--- PASS: TestCorrectionOwnCurrentPracticeAndKnowledgeValidity (1.89s)
    --- PASS: TestCorrectionOwnCurrentPracticeAndKnowledgeValidity/practice-second-rule (0.91s)
    --- PASS: TestCorrectionOwnCurrentPracticeAndKnowledgeValidity/knowledge-update (0.98s)
=== RUN   TestCorrectionCasesPracticeStopsGradingAllowsAbandon
--- PASS: TestCorrectionCasesPracticeStopsGradingAllowsAbandon (0.83s)
=== RUN   TestCorrectionPartialConfigNeverEnabledLegacy
--- PASS: TestCorrectionPartialConfigNeverEnabledLegacy (0.22s)
=== RUN   TestCorrectionCutoffRegistrationCommitFence
=== RUN   TestCorrectionCutoffRegistrationCommitFence/registration-first
=== RUN   TestCorrectionCutoffRegistrationCommitFence/learner-first
--- PASS: TestCorrectionCutoffRegistrationCommitFence (1.79s)
    --- PASS: TestCorrectionCutoffRegistrationCommitFence/registration-first (0.89s)
    --- PASS: TestCorrectionCutoffRegistrationCommitFence/learner-first (0.91s)
=== RUN   TestCorrectionCommitIdentityRoleRevokedDuringLockWait
--- PASS: TestCorrectionCommitIdentityRoleRevokedDuringLockWait (0.76s)
=== RUN   TestCorrectionTerminalSourceApproved
--- PASS: TestCorrectionTerminalSourceApproved (0.86s)
=== RUN   TestCorrectionProcessDatabaseRejectsForeignScopeAndWithdrawnBasis
=== RUN   TestCorrectionProcessDatabaseRejectsForeignScopeAndWithdrawnBasis/foreign-scope
=== RUN   TestCorrectionProcessDatabaseRejectsForeignScopeAndWithdrawnBasis/withdrawn
--- PASS: TestCorrectionProcessDatabaseRejectsForeignScopeAndWithdrawnBasis (2.19s)
    --- PASS: TestCorrectionProcessDatabaseRejectsForeignScopeAndWithdrawnBasis/foreign-scope (1.10s)
    --- PASS: TestCorrectionProcessDatabaseRejectsForeignScopeAndWithdrawnBasis/withdrawn (1.09s)
=== RUN   TestCorrectionProcessDatabaseRequiresCompleteParentClosure
--- PASS: TestCorrectionProcessDatabaseRequiresCompleteParentClosure (0.89s)
=== RUN   TestCorrectionProcessDatabaseRequiresCompleteDependencies
=== RUN   TestCorrectionProcessDatabaseRequiresCompleteDependencies/audit
=== RUN   TestCorrectionProcessDatabaseRequiresCompleteDependencies/effective
--- PASS: TestCorrectionProcessDatabaseRequiresCompleteDependencies (1.72s)
    --- PASS: TestCorrectionProcessDatabaseRequiresCompleteDependencies/audit (0.86s)
    --- PASS: TestCorrectionProcessDatabaseRequiresCompleteDependencies/effective (0.86s)
=== RUN   TestCorrectionUnprocessedApprovedChain
--- PASS: TestCorrectionUnprocessedApprovedChain (1.56s)
=== RUN   TestCorrectionResultAssetsUseEffectiveBasis
--- PASS: TestCorrectionResultAssetsUseEffectiveBasis (1.29s)
=== RUN   TestCorrectionReplacementChainRejectsConflictsAndCycles
=== RUN   TestCorrectionReplacementChainRejectsConflictsAndCycles/conflict
=== RUN   TestCorrectionReplacementChainRejectsConflictsAndCycles/cycle
--- PASS: TestCorrectionReplacementChainRejectsConflictsAndCycles (3.40s)
    --- PASS: TestCorrectionReplacementChainRejectsConflictsAndCycles/conflict (1.76s)
    --- PASS: TestCorrectionReplacementChainRejectsConflictsAndCycles/cycle (1.64s)
=== RUN   TestCorrectionAssetExposureAndCooldown
--- PASS: TestCorrectionAssetExposureAndCooldown (0.99s)
=== RUN   TestCorrectionReplacementChainIgnoresUnrelatedFork
--- PASS: TestCorrectionReplacementChainIgnoresUnrelatedFork (1.96s)
=== RUN   TestCorrectionSourceProofExactFrozenInstances
=== RUN   TestCorrectionSourceProofExactFrozenInstances/sha
=== RUN   TestCorrectionSourceProofExactFrozenInstances/publication
=== RUN   TestCorrectionSourceProofExactFrozenInstances/knowledge
--- PASS: TestCorrectionSourceProofExactFrozenInstances (1.17s)
    --- PASS: TestCorrectionSourceProofExactFrozenInstances/sha (0.01s)
    --- PASS: TestCorrectionSourceProofExactFrozenInstances/publication (0.01s)
    --- PASS: TestCorrectionSourceProofExactFrozenInstances/knowledge (0.02s)
=== RUN   TestCorrectionIndependentRoleRevocationDuringPlanWait
--- PASS: TestCorrectionIndependentRoleRevocationDuringPlanWait (0.80s)
=== RUN   TestCorrectionSourceProofReplacementKeepsActualParameters
--- PASS: TestCorrectionSourceProofReplacementKeepsActualParameters (1.03s)
=== RUN   TestCorrectionIndependentFeedbackResolvedIsNotApproval
--- PASS: TestCorrectionIndependentFeedbackResolvedIsNotApproval (0.85s)
=== RUN   TestCorrectionIndependentRevokeAtCommitAfterCaseWait
--- PASS: TestCorrectionIndependentRevokeAtCommitAfterCaseWait (0.83s)
=== RUN   TestCorrectionIndependentBoundContentAuthorWithoutMapping
--- PASS: TestCorrectionIndependentBoundContentAuthorWithoutMapping (0.93s)
=== RUN   TestCorrectionProcessOwnerPasswordChangedDuringWait
--- PASS: TestCorrectionProcessOwnerPasswordChangedDuringWait (0.88s)
=== RUN   TestCorrectionProcessFinalAccountRecheckedBeforeCursor
--- PASS: TestCorrectionProcessFinalAccountRecheckedBeforeCursor (0.90s)
=== RUN   TestCorrectionSchemaImmutable
--- PASS: TestCorrectionSchemaImmutable (0.76s)
=== RUN   TestCorrectionSchemaDirectApprovalRejected
--- PASS: TestCorrectionSchemaDirectApprovalRejected (0.76s)
=== RUN   TestCorrectionSchemaOwnership
--- PASS: TestCorrectionSchemaOwnership (0.79s)
=== RUN   TestCorrectionSchemaUnapprovedPassRejected
--- PASS: TestCorrectionSchemaUnapprovedPassRejected (0.76s)
=== RUN   TestCorrectionSchemaLegalResultAndAudit
--- PASS: TestCorrectionSchemaLegalResultAndAudit (0.88s)
=== RUN   TestCorrectionSchemaReplacementSHA
--- PASS: TestCorrectionSchemaReplacementSHA (0.85s)
=== RUN   TestCorrectionSchemaPassingKnowledgeRequired
--- PASS: TestCorrectionSchemaPassingKnowledgeRequired (0.87s)
=== RUN   TestCorrectionSchemaUnmappedReplacementRejected
--- PASS: TestCorrectionSchemaUnmappedReplacementRejected (1.00s)
=== RUN   TestCorrectionWithdrawalFenceRealSource
--- PASS: TestCorrectionWithdrawalFenceRealSource (0.88s)
=== RUN   TestCorrectionWithdrawalFenceExactSHAAndSharedAsset
=== RUN   TestCorrectionWithdrawalFenceExactSHAAndSharedAsset/instance
=== RUN   TestCorrectionWithdrawalFenceExactSHAAndSharedAsset/asset
--- PASS: TestCorrectionWithdrawalFenceExactSHAAndSharedAsset (1.73s)
    --- PASS: TestCorrectionWithdrawalFenceExactSHAAndSharedAsset/instance (0.86s)
    --- PASS: TestCorrectionWithdrawalFenceExactSHAAndSharedAsset/asset (0.86s)
=== RUN   TestCorrectionSystemEntryOrderedLocks
=== RUN   TestCorrectionSystemEntryOrderedLocks/0
=== RUN   TestCorrectionSystemEntryOrderedLocks/1
=== RUN   TestCorrectionSystemEntryOrderedLocks/2
--- PASS: TestCorrectionSystemEntryOrderedLocks (2.30s)
    --- PASS: TestCorrectionSystemEntryOrderedLocks/0 (0.77s)
    --- PASS: TestCorrectionSystemEntryOrderedLocks/1 (0.76s)
    --- PASS: TestCorrectionSystemEntryOrderedLocks/2 (0.76s)
=== RUN   TestCorrectionSystemEntryWithoutContentLocks
--- PASS: TestCorrectionSystemEntryWithoutContentLocks (0.76s)
=== RUN   TestCorrectionJobClockAfterRowWait
--- PASS: TestCorrectionJobClockAfterRowWait (0.77s)
=== RUN   TestCorrectionCombinedDependenciesExactSources
=== RUN   TestCorrectionCombinedDependenciesExactSources/nil
=== RUN   TestCorrectionCombinedDependenciesExactSources/empty
=== RUN   TestCorrectionCombinedDependenciesExactSources/missing-knowledge
=== RUN   TestCorrectionCombinedDependenciesExactSources/missing-unit
--- PASS: TestCorrectionCombinedDependenciesExactSources (0.75s)
    --- PASS: TestCorrectionCombinedDependenciesExactSources/nil (0.00s)
    --- PASS: TestCorrectionCombinedDependenciesExactSources/empty (0.00s)
    --- PASS: TestCorrectionCombinedDependenciesExactSources/missing-knowledge (0.00s)
    --- PASS: TestCorrectionCombinedDependenciesExactSources/missing-unit (0.00s)
=== RUN   TestCorrectionCommitIdentityFreshReplay
=== RUN   TestCorrectionCommitIdentityFreshReplay/role
=== RUN   TestCorrectionCommitIdentityFreshReplay/credential
=== RUN   TestCorrectionCommitIdentityFreshReplay/password
=== RUN   TestCorrectionCommitIdentityFreshReplay/csrf
--- PASS: TestCorrectionCommitIdentityFreshReplay (3.05s)
    --- PASS: TestCorrectionCommitIdentityFreshReplay/role (0.76s)
    --- PASS: TestCorrectionCommitIdentityFreshReplay/credential (0.76s)
    --- PASS: TestCorrectionCommitIdentityFreshReplay/password (0.77s)
    --- PASS: TestCorrectionCommitIdentityFreshReplay/csrf (0.76s)
=== RUN   TestCorrectionPartialConfigFailsClosed
=== RUN   TestCorrectionPartialConfigFailsClosed/table
=== RUN   TestCorrectionPartialConfigFailsClosed/version
=== RUN   TestCorrectionPartialConfigFailsClosed/column
=== RUN   TestCorrectionPartialConfigFailsClosed/trigger
=== RUN   TestCorrectionPartialConfigFailsClosed/empty-down
--- PASS: TestCorrectionPartialConfigFailsClosed (3.79s)
    --- PASS: TestCorrectionPartialConfigFailsClosed/table (0.75s)
    --- PASS: TestCorrectionPartialConfigFailsClosed/version (0.75s)
    --- PASS: TestCorrectionPartialConfigFailsClosed/column (0.75s)
    --- PASS: TestCorrectionPartialConfigFailsClosed/trigger (0.77s)
    --- PASS: TestCorrectionPartialConfigFailsClosed/empty-down (0.77s)
=== RUN   TestCorrectionWorkerDisabledKeepsRestriction
--- PASS: TestCorrectionWorkerDisabledKeepsRestriction (0.87s)
=== RUN   TestCorrectionWorkerSchemaStateRealDatabase
--- PASS: TestCorrectionWorkerSchemaStateRealDatabase (0.16s)
=== RUN   TestNotificationCursorIsolation
--- PASS: TestNotificationCursorIsolation (1.01s)
=== RUN   TestNotificationReadReplay
--- PASS: TestNotificationReadReplay (0.97s)
=== RUN   TestNotificationRateAndRollback
--- PASS: TestNotificationRateAndRollback (1.03s)
=== RUN   TestNotificationReadCSRFAndCurrentSession
--- PASS: TestNotificationReadCSRFAndCurrentSession (0.95s)
=== RUN   TestCorrectionProcessMaterialAndPathStaticNotices
=== RUN   TestCorrectionProcessMaterialAndPathStaticNotices/unit
=== RUN   TestCorrectionProcessMaterialAndPathStaticNotices/path
--- PASS: TestCorrectionProcessMaterialAndPathStaticNotices (1.90s)
    --- PASS: TestCorrectionProcessMaterialAndPathStaticNotices/unit (0.83s)
    --- PASS: TestCorrectionProcessMaterialAndPathStaticNotices/path (1.07s)
PASS
ok  	github.com/yyl1212/math_master/backend/internal/store	123.056s
=== RUN   TestCorrectionCLIArgumentsAndSafeErrors
--- PASS: TestCorrectionCLIArgumentsAndSafeErrors (0.00s)
=== RUN   TestCorrectionCLIRandomDatabaseFiniteBatch
--- PASS: TestCorrectionCLIRandomDatabaseFiniteBatch (0.17s)
=== RUN   TestCorrectionCLINeverEnabledIsExplicit
--- PASS: TestCorrectionCLINeverEnabledIsExplicit (0.25s)
PASS
ok  	github.com/yyl1212/math_master/backend/internal/cli	1.319s
