✔ freezes source bytes and finds changes without changing the prior snapshot (58.922041ms)
✔ unchanged sources produce no repeated changes and never overwrite a snapshot (92.445917ms)
✔ rejects index paths escaping the source folder (23.045792ms)
✔ reports missing files as a review item without modifying the previous snapshot (48.725875ms)
✔ private snapshots retain owner-only permissions under a permissive umask (24.858458ms)
✔ new correction CI is executable, classified once and keeps every original batch and deadline (9.46575ms)
✔ deleting any of the 20 browser batches is rejected (5.028125ms)
✔ step labels and echo commands cannot stand in for actual browser execution (0.614458ms)
✔ all five capacity commands must remain executable and separate (3.764167ms)
✔ extra skips, duplicate classification and omitted notification/CLI tests are rejected (2.41575ms)
✔ Go, job, browser and wrapper time limits cannot be expanded or disguised with duplicate flags (1.3855ms)
✔ new capacity names inside an echo are rejected (0.454167ms)
✔ a second actual new test classification in the original job is rejected (1.117333ms)
✔ required correction Go and browser steps cannot be declared but conditionally disabled (0.300792ms)
✔ P5a product baseline retains 88 paths, 220 schemas, 32 responses and three security schemes with only approved pointers (11.406875ms)
✔ all seven original migrations retain exact bytes (0.77075ms)
✔ all existing mathematical digest purposes retain their exact sets (2.461917ms)
✔ removing an old path is rejected (10.100291ms)
✔ an unapproved field is never normalized away (10.503542ms)
✔ changed fixed mathematics and bounds are rejected (25.687958ms)
✔ approved fields require their exact new shape before inverse normalization (21.459666ms)
✔ inverse normalization leaves the source document unchanged (6.074167ms)
✔ a changed original migration fails protection (1.085291ms)
✔ a changed original purpose fails protection (0.985792ms)
✔ all result variants and additional properties survive old full-schema checks (28.91625ms)
✔ actual CI preserves old batches and executes every new feedback batch within original limits (2.88275ms)
✔ deleting an original browser batch is detected (1.003416ms)
✔ adding browser skip selection or retries is detected (0.652291ms)
✔ deleting a capacity batch or skipping extra old store tests is detected (1.141667ms)
✔ no browser suite or case is silently skipped, focused or retried (1.291625ms)
✔ active command parser handles split and equals options without counting step labels (0.100375ms)
✔ approved master preserves all 75 paths, 192 schemas, 32 responses and three security schemes (9.478583ms)
✔ a changed original Learning field is detected (11.599042ms)
✔ all original migrations 00001 through 00006 retain their exact bytes (0.446625ms)
✔ changing an original migration is detected (0.149875ms)
✔ original mathematical digest purposes retain their exact sets (1.299834ms)
✔ all 54 old paths, 147 schemas, 22 responses and three security schemes retain exact values (5.294833ms)
✔ one deliberately changed old field is detected (7.403125ms)
✔ original migrations and mathematical purposes remain unchanged (1.218584ms)
✔ all 21 learning operations have named strict contracts and fixed response bounds (0.151625ms)
✔ keeps success and failure exit codes (93.092833ms)
✔ terminates commands on timeout (76.492416ms)
✔ rejects timeouts above the test ceiling (21.321875ms)
✔ kills remaining process group after its leader exits on timeout (5327.038125ms)
ℹ tests 44
ℹ suites 0
ℹ pass 44
ℹ fail 0
ℹ cancelled 0
ℹ skipped 0
ℹ todo 0
ℹ duration_ms 5556.759167
