=== RUN   TestCorrectionMigrationEmptyDownAndMarker
--- PASS: TestCorrectionMigrationEmptyDownAndMarker (0.22s)
=== RUN   TestCorrectionMigrationNonemptyDown
--- PASS: TestCorrectionMigrationNonemptyDown (0.78s)
=== RUN   TestCorrectionMigrationQuotaAloneProtectsDown
--- PASS: TestCorrectionMigrationQuotaAloneProtectsDown (0.76s)
=== RUN   TestCorrectionSchemaImmutable
--- PASS: TestCorrectionSchemaImmutable (0.77s)
=== RUN   TestCorrectionSchemaDirectApprovalRejected
--- PASS: TestCorrectionSchemaDirectApprovalRejected (0.77s)
=== RUN   TestCorrectionSchemaOwnership
--- PASS: TestCorrectionSchemaOwnership (0.80s)
=== RUN   TestCorrectionSchemaUnapprovedPassRejected
--- PASS: TestCorrectionSchemaUnapprovedPassRejected (0.76s)
=== RUN   TestFeedbackMigrationEmptyRoundTrip
--- PASS: TestFeedbackMigrationEmptyRoundTrip (0.19s)
=== RUN   TestFeedbackMigrationNonemptyGuard
=== RUN   TestFeedbackMigrationNonemptyGuard/ticket
=== RUN   TestFeedbackMigrationNonemptyGuard/events
=== RUN   TestFeedbackMigrationNonemptyGuard/receipt
=== RUN   TestFeedbackMigrationNonemptyGuard/quota
--- PASS: TestFeedbackMigrationNonemptyGuard (3.09s)
    --- PASS: TestFeedbackMigrationNonemptyGuard/ticket (0.78s)
    --- PASS: TestFeedbackMigrationNonemptyGuard/events (0.77s)
    --- PASS: TestFeedbackMigrationNonemptyGuard/receipt (0.78s)
    --- PASS: TestFeedbackMigrationNonemptyGuard/quota (0.76s)
PASS
ok  	github.com/yyl1212/math_master/backend/internal/store	8.826s
