=== RUN   TestCorrectionCasesImmediateRestrictionAndReplay
--- PASS: TestCorrectionCasesImmediateRestrictionAndReplay (1.02s)
=== RUN   TestCorrectionCutoffLateSubmissionAndNewAttempt
--- PASS: TestCorrectionCutoffLateSubmissionAndNewAttempt (0.87s)
=== RUN   TestCorrectionCasesScopeAndUnknownRule
--- PASS: TestCorrectionCasesScopeAndUnknownRule (1.16s)
=== RUN   TestCorrectionCasesPracticeStopsGradingAllowsAbandon
    correction_restriction_test.go:25: practice graded under issue account service unavailable
--- FAIL: TestCorrectionCasesPracticeStopsGradingAllowsAbandon (0.84s)
=== RUN   TestCorrectionPartialConfigNeverEnabledLegacy
--- PASS: TestCorrectionPartialConfigNeverEnabledLegacy (0.22s)
=== RUN   TestCorrectionCutoffRegistrationCommitFence
=== RUN   TestCorrectionCutoffRegistrationCommitFence/registration-first
=== RUN   TestCorrectionCutoffRegistrationCommitFence/learner-first
--- PASS: TestCorrectionCutoffRegistrationCommitFence (1.85s)
    --- PASS: TestCorrectionCutoffRegistrationCommitFence/registration-first (0.91s)
    --- PASS: TestCorrectionCutoffRegistrationCommitFence/learner-first (0.94s)
=== RUN   TestCorrectionCommitIdentityRoleRevokedDuringLockWait
--- PASS: TestCorrectionCommitIdentityRoleRevokedDuringLockWait (0.78s)
=== RUN   TestCorrectionWithdrawalFenceRealSource
--- PASS: TestCorrectionWithdrawalFenceRealSource (0.93s)
=== RUN   TestCorrectionCommitIdentityFreshReplay
=== RUN   TestCorrectionCommitIdentityFreshReplay/role
=== RUN   TestCorrectionCommitIdentityFreshReplay/credential
=== RUN   TestCorrectionCommitIdentityFreshReplay/password
=== RUN   TestCorrectionCommitIdentityFreshReplay/csrf
--- PASS: TestCorrectionCommitIdentityFreshReplay (3.13s)
    --- PASS: TestCorrectionCommitIdentityFreshReplay/role (0.79s)
    --- PASS: TestCorrectionCommitIdentityFreshReplay/credential (0.78s)
    --- PASS: TestCorrectionCommitIdentityFreshReplay/password (0.78s)
    --- PASS: TestCorrectionCommitIdentityFreshReplay/csrf (0.78s)
=== RUN   TestCorrectionPartialConfigFailsClosed
=== RUN   TestCorrectionPartialConfigFailsClosed/table
=== RUN   TestCorrectionPartialConfigFailsClosed/version
=== RUN   TestCorrectionPartialConfigFailsClosed/column
=== RUN   TestCorrectionPartialConfigFailsClosed/trigger
=== RUN   TestCorrectionPartialConfigFailsClosed/empty-down
--- PASS: TestCorrectionPartialConfigFailsClosed (3.82s)
    --- PASS: TestCorrectionPartialConfigFailsClosed/table (0.77s)
    --- PASS: TestCorrectionPartialConfigFailsClosed/version (0.75s)
    --- PASS: TestCorrectionPartialConfigFailsClosed/column (0.76s)
    --- PASS: TestCorrectionPartialConfigFailsClosed/trigger (0.77s)
    --- PASS: TestCorrectionPartialConfigFailsClosed/empty-down (0.77s)
FAIL
FAIL	github.com/yyl1212/math_master/backend/internal/store	16.491s
FAIL
