✔ freezes source bytes and finds changes without changing the prior snapshot (56.339375ms)
✔ unchanged sources produce no repeated changes and never overwrite a snapshot (71.252292ms)
✔ rejects index paths escaping the source folder (23.7265ms)
✔ reports missing files as a review item without modifying the previous snapshot (46.52625ms)
✔ private snapshots retain owner-only permissions under a permissive umask (23.571708ms)
✔ new correction CI is executable, classified once and keeps every original batch and deadline (6.470834ms)
✔ deleting any of the 20 browser batches is rejected (5.757083ms)
✔ step labels and echo commands cannot stand in for actual browser execution (0.622458ms)
✔ all five capacity commands must remain executable and separate (4.105167ms)
✔ extra skips, duplicate classification and omitted notification/CLI tests are rejected (2.405792ms)
✔ Go, job, browser and wrapper time limits cannot be expanded or disguised with duplicate flags (1.506333ms)
✔ new capacity names inside an echo are rejected (0.509375ms)
✔ a second actual new test classification in the original job is rejected (1.067292ms)
✔ required correction Go and browser steps cannot be declared but conditionally disabled (0.355458ms)
✔ P5a product baseline retains 88 paths, 220 schemas, 32 responses and three security schemes with only approved pointers (10.467041ms)
✔ all seven original migrations retain exact bytes (0.582ms)
✔ all existing mathematical digest purposes retain their exact sets (1.215834ms)
✔ removing an old path is rejected (9.442667ms)
✔ an unapproved field is never normalized away (10.277458ms)
✔ changed fixed mathematics and bounds are rejected (25.104584ms)
✔ approved fields require their exact new shape before inverse normalization (18.379416ms)
✔ inverse normalization leaves the source document unchanged (4.644292ms)
✔ a changed original migration fails protection (0.544292ms)
✔ a changed original purpose fails protection (0.330541ms)
✔ all result variants and additional properties survive old full-schema checks (25.477666ms)
✔ actual CI preserves old batches and executes every new feedback batch within original limits (2.556208ms)
✔ deleting an original browser batch is detected (0.952208ms)
✔ adding browser skip selection or retries is detected (0.841958ms)
✔ deleting a capacity batch or skipping extra old store tests is detected (1.087792ms)
✔ no browser suite or case is silently skipped, focused or retried (1.485167ms)
✔ active command parser handles split and equals options without counting step labels (0.122917ms)
✔ approved master preserves all 75 paths, 192 schemas, 32 responses and three security schemes (9.311ms)
✔ a changed original Learning field is detected (10.562458ms)
✔ all original migrations 00001 through 00006 retain their exact bytes (0.422375ms)
✔ changing an original migration is detected (0.141833ms)
✔ original mathematical digest purposes retain their exact sets (1.156167ms)
✔ all 54 old paths, 147 schemas, 22 responses and three security schemes retain exact values (4.663833ms)
✔ one deliberately changed old field is detected (7.337542ms)
✔ original migrations and mathematical purposes remain unchanged (0.882459ms)
✔ all 21 learning operations have named strict contracts and fixed response bounds (0.151958ms)
✔ keeps success and failure exit codes (84.580333ms)
✔ terminates commands on timeout (72.678541ms)
✔ rejects timeouts above the test ceiling (20.485084ms)
✔ kills remaining process group after its leader exits on timeout (5329.428791ms)
ℹ tests 44
ℹ suites 0
ℹ pass 44
ℹ fail 0
ℹ cancelled 0
ℹ skipped 0
ℹ todo 0
ℹ duration_ms 5550.447542
