=== RUN   TestCorrectionProjectionInvalidation
--- PASS: TestCorrectionProjectionInvalidation (0.00s)
=== RUN   TestCorrectionCompletionLaterGrantsAppendOnly
--- PASS: TestCorrectionCompletionLaterGrantsAppendOnly (1.05s)
=== RUN   TestCorrectionProcessAtomic
=== RUN   TestCorrectionProcessAtomic/result
=== RUN   TestCorrectionProcessAtomic/dependency
=== RUN   TestCorrectionProcessAtomic/qualification
=== RUN   TestCorrectionProcessAtomic/notification
=== RUN   TestCorrectionProcessAtomic/cursor
--- PASS: TestCorrectionProcessAtomic (5.06s)
    --- PASS: TestCorrectionProcessAtomic/result (1.01s)
    --- PASS: TestCorrectionProcessAtomic/dependency (1.00s)
    --- PASS: TestCorrectionProcessAtomic/qualification (1.02s)
    --- PASS: TestCorrectionProcessAtomic/notification (1.01s)
    --- PASS: TestCorrectionProcessAtomic/cursor (1.01s)
=== RUN   TestCorrectionStaleLeaseNoEvidenceWrites
--- PASS: TestCorrectionStaleLeaseNoEvidenceWrites (0.92s)
=== RUN   TestCorrectionCrashResumeCursorAndNotificationDedup
--- PASS: TestCorrectionCrashResumeCursorAndNotificationDedup (2.53s)
=== RUN   TestCorrectionProcessRootActiveLateTerminalAfterDone
--- PASS: TestCorrectionProcessRootActiveLateTerminalAfterDone (1.08s)
=== RUN   TestCorrectionCumulativeResultsOtherCaseStillRestricts
--- PASS: TestCorrectionCumulativeResultsOtherCaseStillRestricts (1.12s)
=== RUN   TestCorrectionProcessWithdrawalWithoutMappingRetake
--- PASS: TestCorrectionProcessWithdrawalWithoutMappingRetake (1.00s)
=== RUN   TestCorrectionProcessThreeOfFiveStaysFailed
--- PASS: TestCorrectionProcessThreeOfFiveStaysFailed (0.96s)
=== RUN   TestCorrectionStaleLeaseAtFinalCommitFence
--- PASS: TestCorrectionStaleLeaseAtFinalCommitFence (0.98s)
=== RUN   TestCorrectionWithdrawalCommitRace
=== RUN   TestCorrectionWithdrawalCommitRace/withdrawal-first
=== RUN   TestCorrectionWithdrawalCommitRace/correction-first
--- PASS: TestCorrectionWithdrawalCommitRace (2.67s)
    --- PASS: TestCorrectionWithdrawalCommitRace/withdrawal-first (1.31s)
    --- PASS: TestCorrectionWithdrawalCommitRace/correction-first (1.36s)
=== RUN   TestCorrectionCumulativeResultsParentReplacementWithdrawn
--- PASS: TestCorrectionCumulativeResultsParentReplacementWithdrawn (1.71s)
=== RUN   TestCorrectionProcessPracticeNeverGrantsQualification
--- PASS: TestCorrectionProcessPracticeNeverGrantsQualification (0.96s)
=== RUN   TestCorrectionProcessAwaitingApprovalHasNoScore
--- PASS: TestCorrectionProcessAwaitingApprovalHasNoScore (0.90s)
=== RUN   TestCorrectionProcessCurrentAccountRecheckedNoPersonnelQuota
--- PASS: TestCorrectionProcessCurrentAccountRecheckedNoPersonnelQuota (0.98s)
=== RUN   TestCorrectionProjectionDiagnosticAllViewsOriginalBytes
--- PASS: TestCorrectionProjectionDiagnosticAllViewsOriginalBytes (0.93s)
=== RUN   TestCorrectionOtherCaseStillRestricts
--- PASS: TestCorrectionOtherCaseStillRestricts (0.94s)
=== RUN   TestCorrectionProjectionSupersededPassNotFallback
--- PASS: TestCorrectionProjectionSupersededPassNotFallback (0.99s)
=== RUN   TestCorrectionProjectionOriginalFailedFourDoesNotForgeOldQualification
--- PASS: TestCorrectionProjectionOriginalFailedFourDoesNotForgeOldQualification (0.85s)
=== RUN   TestCorrectionProjectionIncompatibleApprovedLeavesRestrict
--- PASS: TestCorrectionProjectionIncompatibleApprovedLeavesRestrict (0.89s)
=== RUN   TestCorrectionTerminalSourceApproved
--- PASS: TestCorrectionTerminalSourceApproved (0.88s)
=== RUN   TestCorrectionProcessMaterialAndPathStaticNotices
=== RUN   TestCorrectionProcessMaterialAndPathStaticNotices/unit
=== RUN   TestCorrectionProcessMaterialAndPathStaticNotices/path
--- PASS: TestCorrectionProcessMaterialAndPathStaticNotices (2.09s)
    --- PASS: TestCorrectionProcessMaterialAndPathStaticNotices/unit (0.87s)
    --- PASS: TestCorrectionProcessMaterialAndPathStaticNotices/path (1.22s)
PASS
ok  	github.com/yyl1212/math_master/backend/internal/store	31.305s
