✔ freezes source bytes and finds changes without changing the prior snapshot (56.123083ms)
✔ unchanged sources produce no repeated changes and never overwrite a snapshot (74.613625ms)
✔ rejects index paths escaping the source folder (23.602708ms)
✔ reports missing files as a review item without modifying the previous snapshot (50.37325ms)
✔ private snapshots retain owner-only permissions under a permissive umask (24.91225ms)
✔ new correction CI is executable, classified once and keeps every original batch and deadline (15.560667ms)
✔ deleting any of the 20 browser batches is rejected (5.313125ms)
✔ step labels and echo commands cannot stand in for actual browser execution (0.921584ms)
✔ all five capacity commands must remain executable and separate (4.74975ms)
✔ extra skips, duplicate classification and omitted notification/CLI tests are rejected (2.348958ms)
✔ Go, job, browser and wrapper time limits cannot be expanded or disguised with duplicate flags (1.486416ms)
✔ new capacity names inside an echo are rejected (0.347875ms)
✔ a second actual new test classification in the original job is rejected (0.892667ms)
✔ required correction Go and browser steps cannot be declared but conditionally disabled (0.296792ms)
✔ P5a product baseline retains 88 paths, 220 schemas, 32 responses and three security schemes with only approved pointers (10.575334ms)
✔ all seven original migrations retain exact bytes (1.953042ms)
✔ all existing mathematical digest purposes retain their exact sets (3.447875ms)
✔ removing an old path is rejected (8.700208ms)
✔ an unapproved field is never normalized away (10.116ms)
✔ changed fixed mathematics and bounds are rejected (25.444834ms)
✔ approved fields require their exact new shape before inverse normalization (19.300125ms)
✔ inverse normalization leaves the source document unchanged (4.565458ms)
✔ a changed original migration fails protection (0.532042ms)
✔ a changed original purpose fails protection (0.324083ms)
✔ all result variants and additional properties survive old full-schema checks (26.390333ms)
✔ actual CI preserves old batches and executes every new feedback batch within original limits (2.859875ms)
✔ deleting an original browser batch is detected (1.053166ms)
✔ adding browser skip selection or retries is detected (0.858583ms)
✔ deleting a capacity batch or skipping extra old store tests is detected (1.1815ms)
✔ no browser suite or case is silently skipped, focused or retried (2.904208ms)
✔ active command parser handles split and equals options without counting step labels (0.097292ms)
✔ approved master preserves all 75 paths, 192 schemas, 32 responses and three security schemes (9.845542ms)
✔ a changed original Learning field is detected (11.237ms)
✔ all original migrations 00001 through 00006 retain their exact bytes (0.398208ms)
✔ changing an original migration is detected (0.133625ms)
✔ original mathematical digest purposes retain their exact sets (1.108458ms)
✔ all 54 old paths, 147 schemas, 22 responses and three security schemes retain exact values (4.326709ms)
✔ one deliberately changed old field is detected (7.49975ms)
✔ original migrations and mathematical purposes remain unchanged (2.821708ms)
✔ all 21 learning operations have named strict contracts and fixed response bounds (0.24475ms)
✔ keeps success and failure exit codes (85.147792ms)
✔ terminates commands on timeout (72.847792ms)
✔ rejects timeouts above the test ceiling (19.452375ms)
✔ kills remaining process group after its leader exits on timeout (5329.4155ms)
ℹ tests 44
ℹ suites 0
ℹ pass 44
ℹ fail 0
ℹ cancelled 0
ℹ skipped 0
ℹ todo 0
ℹ duration_ms 5547.035667
