✔ P5a product baseline retains 88 paths, 220 schemas, 32 responses and three security schemes with only approved pointers (11.014916ms)
✔ all seven original migrations retain exact bytes (0.452ms)
✔ all existing mathematical digest purposes retain their exact sets (1.323083ms)
✔ removing an old path is rejected (8.975959ms)
✔ an unapproved field is never normalized away (10.2845ms)
✔ changed fixed mathematics and bounds are rejected (25.807666ms)
✔ approved fields require their exact new shape before inverse normalization (19.761375ms)
✔ inverse normalization leaves the source document unchanged (4.729958ms)
✔ a changed original migration fails protection (0.59075ms)
✔ a changed original purpose fails protection (0.330416ms)
✔ all result variants and additional properties survive old full-schema checks (26.713583ms)
✔ approved master preserves all 75 paths, 192 schemas, 32 responses and three security schemes (9.237625ms)
✔ a changed original Learning field is detected (10.519792ms)
✔ all original migrations 00001 through 00006 retain their exact bytes (0.450791ms)
✔ changing an original migration is detected (0.139083ms)
✔ original mathematical digest purposes retain their exact sets (1.148917ms)
✔ all 54 old paths, 147 schemas, 22 responses and three security schemes retain exact values (3.65975ms)
✔ one deliberately changed old field is detected (7.222292ms)
✔ original migrations and mathematical purposes remain unchanged (1.095459ms)
✔ all 21 learning operations have named strict contracts and fixed response bounds (0.141166ms)
ℹ tests 20
ℹ suites 0
ℹ pass 20
ℹ fail 0
ℹ cancelled 0
ℹ skipped 0
ℹ todo 0
ℹ duration_ms 151.875584
