=== RUN   TestCorrectionSlidingBoundaryAndAllScopes
=== RUN   TestCorrectionSlidingBoundaryAndAllScopes/create
=== RUN   TestCorrectionSlidingBoundaryAndAllScopes/process
=== RUN   TestCorrectionSlidingBoundaryAndAllScopes/retry
=== RUN   TestCorrectionSlidingBoundaryAndAllScopes/notification-read
--- PASS: TestCorrectionSlidingBoundaryAndAllScopes (0.85s)
    --- PASS: TestCorrectionSlidingBoundaryAndAllScopes/create (0.19s)
    --- PASS: TestCorrectionSlidingBoundaryAndAllScopes/process (0.21s)
    --- PASS: TestCorrectionSlidingBoundaryAndAllScopes/retry (0.16s)
    --- PASS: TestCorrectionSlidingBoundaryAndAllScopes/notification-read (0.29s)
=== RUN   TestCorrectionPlanUnknownRuleRemainsClosed
--- PASS: TestCorrectionPlanUnknownRuleRemainsClosed (0.15s)
=== RUN   TestCorrectionCasesImmediateRestrictionAndReplay
--- PASS: TestCorrectionCasesImmediateRestrictionAndReplay (0.99s)
=== RUN   TestCorrectionCutoffLateSubmissionAndNewAttempt
--- PASS: TestCorrectionCutoffLateSubmissionAndNewAttempt (0.88s)
=== RUN   TestCorrectionCasesScopeAndUnknownRule
--- PASS: TestCorrectionCasesScopeAndUnknownRule (1.16s)
=== RUN   TestCorrectionReplaySameKeyDifferentResourceConsumesTwice
--- PASS: TestCorrectionReplaySameKeyDifferentResourceConsumesTwice (0.83s)
=== RUN   TestCorrectionPlanCreateQuotaRollsBackAndReplayFree
--- PASS: TestCorrectionPlanCreateQuotaRollsBackAndReplayFree (1.05s)
=== RUN   TestCorrectionPlanVersionFreezesAndRejectCreatesChild
--- PASS: TestCorrectionPlanVersionFreezesAndRejectCreatesChild (0.87s)
=== RUN   TestCorrectionIndependentReviewAllSourcesAndOldCutoff
--- PASS: TestCorrectionIndependentReviewAllSourcesAndOldCutoff (1.00s)
=== RUN   TestCorrectionReplayAfterAdvanceOriginalReceipt
--- PASS: TestCorrectionReplayAfterAdvanceOriginalReceipt (0.87s)
=== RUN   TestCorrectionCasesPracticeStopsGradingAllowsAbandon
--- PASS: TestCorrectionCasesPracticeStopsGradingAllowsAbandon (0.86s)
=== RUN   TestCorrectionPartialConfigNeverEnabledLegacy
--- PASS: TestCorrectionPartialConfigNeverEnabledLegacy (0.22s)
=== RUN   TestCorrectionCutoffRegistrationCommitFence
=== RUN   TestCorrectionCutoffRegistrationCommitFence/registration-first
=== RUN   TestCorrectionCutoffRegistrationCommitFence/learner-first
--- PASS: TestCorrectionCutoffRegistrationCommitFence (1.86s)
    --- PASS: TestCorrectionCutoffRegistrationCommitFence/registration-first (0.92s)
    --- PASS: TestCorrectionCutoffRegistrationCommitFence/learner-first (0.93s)
=== RUN   TestCorrectionCommitIdentityRoleRevokedDuringLockWait
--- PASS: TestCorrectionCommitIdentityRoleRevokedDuringLockWait (0.79s)
=== RUN   TestCorrectionSourceProofExactFrozenInstances
=== RUN   TestCorrectionSourceProofExactFrozenInstances/sha
=== RUN   TestCorrectionSourceProofExactFrozenInstances/publication
=== RUN   TestCorrectionSourceProofExactFrozenInstances/knowledge
--- PASS: TestCorrectionSourceProofExactFrozenInstances (1.17s)
    --- PASS: TestCorrectionSourceProofExactFrozenInstances/sha (0.01s)
    --- PASS: TestCorrectionSourceProofExactFrozenInstances/publication (0.01s)
    --- PASS: TestCorrectionSourceProofExactFrozenInstances/knowledge (0.02s)
=== RUN   TestCorrectionIndependentRoleRevocationDuringPlanWait
--- PASS: TestCorrectionIndependentRoleRevocationDuringPlanWait (0.84s)
=== RUN   TestCorrectionSourceProofReplacementKeepsActualParameters
--- PASS: TestCorrectionSourceProofReplacementKeepsActualParameters (1.07s)
=== RUN   TestCorrectionIndependentFeedbackResolvedIsNotApproval
--- PASS: TestCorrectionIndependentFeedbackResolvedIsNotApproval (0.87s)
=== RUN   TestCorrectionIndependentRevokeAtCommitAfterCaseWait
--- PASS: TestCorrectionIndependentRevokeAtCommitAfterCaseWait (0.84s)
=== RUN   TestCorrectionIndependentBoundContentAuthorWithoutMapping
--- PASS: TestCorrectionIndependentBoundContentAuthorWithoutMapping (0.97s)
=== RUN   TestCorrectionWithdrawalFenceRealSource
--- PASS: TestCorrectionWithdrawalFenceRealSource (0.92s)
=== RUN   TestCorrectionWithdrawalFenceExactSHAAndSharedAsset
=== RUN   TestCorrectionWithdrawalFenceExactSHAAndSharedAsset/instance
=== RUN   TestCorrectionWithdrawalFenceExactSHAAndSharedAsset/asset
--- PASS: TestCorrectionWithdrawalFenceExactSHAAndSharedAsset (1.76s)
    --- PASS: TestCorrectionWithdrawalFenceExactSHAAndSharedAsset/instance (0.87s)
    --- PASS: TestCorrectionWithdrawalFenceExactSHAAndSharedAsset/asset (0.89s)
=== RUN   TestCorrectionCommitIdentityFreshReplay
=== RUN   TestCorrectionCommitIdentityFreshReplay/role
=== RUN   TestCorrectionCommitIdentityFreshReplay/credential
=== RUN   TestCorrectionCommitIdentityFreshReplay/password
=== RUN   TestCorrectionCommitIdentityFreshReplay/csrf
--- PASS: TestCorrectionCommitIdentityFreshReplay (3.12s)
    --- PASS: TestCorrectionCommitIdentityFreshReplay/role (0.79s)
    --- PASS: TestCorrectionCommitIdentityFreshReplay/credential (0.78s)
    --- PASS: TestCorrectionCommitIdentityFreshReplay/password (0.77s)
    --- PASS: TestCorrectionCommitIdentityFreshReplay/csrf (0.77s)
=== RUN   TestCorrectionPartialConfigFailsClosed
=== RUN   TestCorrectionPartialConfigFailsClosed/table
=== RUN   TestCorrectionPartialConfigFailsClosed/version
=== RUN   TestCorrectionPartialConfigFailsClosed/column
=== RUN   TestCorrectionPartialConfigFailsClosed/trigger
=== RUN   TestCorrectionPartialConfigFailsClosed/empty-down
--- PASS: TestCorrectionPartialConfigFailsClosed (3.82s)
    --- PASS: TestCorrectionPartialConfigFailsClosed/table (0.76s)
    --- PASS: TestCorrectionPartialConfigFailsClosed/version (0.76s)
    --- PASS: TestCorrectionPartialConfigFailsClosed/column (0.77s)
    --- PASS: TestCorrectionPartialConfigFailsClosed/trigger (0.77s)
    --- PASS: TestCorrectionPartialConfigFailsClosed/empty-down (0.77s)
PASS
ok  	github.com/yyl1212/math_master/backend/internal/store	28.310s
