
> math-master-frontend@0.1.0 e2e
> playwright test --config ../tests/e2e/playwright.config.ts catalogue.spec.ts reading.spec.ts


Running 16 tests using 1 worker

  ✓   1 [desktop] › ../tests/e2e/catalogue.spec.ts:3:5 › draftCatalogueShowsSixteenDomainsAndFiftySixTopics (1.1s)
  ✓   2 [desktop] › ../tests/e2e/catalogue.spec.ts:55:5 › englishChineseSearchAndHistoryWork (2.1s)
  ✓   3 [desktop] › ../tests/e2e/catalogue.spec.ts:87:5 › emptyAndUnavailableAreDistinct (679ms)
  ✓   4 [desktop] › ../tests/e2e/catalogue.spec.ts:110:5 › keyboardCanReachEveryDomain (594ms)
  ✓   5 [desktop] › ../tests/e2e/reading.spec.ts:3:5 › publishedFixtureCanBeReadWithMathAndOriginalSvg (1.7s)
  ✓   6 [desktop] › ../tests/e2e/reading.spec.ts:72:5 › withdrawalStopsNewReadsAndAssetRequests (9.1s)
  ✓   7 [desktop] › ../tests/e2e/reading.spec.ts:150:5 › longNamesAndMultiPrerequisitesFitBothViewports (1.1s)
  ✓   8 [desktop] › ../tests/e2e/reading.spec.ts:183:5 › clientResponsesDoNotExposeInternalConfiguration (280ms)
  ✓   9 [mobile] › ../tests/e2e/catalogue.spec.ts:3:5 › draftCatalogueShowsSixteenDomainsAndFiftySixTopics (1.1s)
  ✓  10 [mobile] › ../tests/e2e/catalogue.spec.ts:55:5 › englishChineseSearchAndHistoryWork (2.1s)
  ✓  11 [mobile] › ../tests/e2e/catalogue.spec.ts:87:5 › emptyAndUnavailableAreDistinct (662ms)
  ✓  12 [mobile] › ../tests/e2e/catalogue.spec.ts:110:5 › keyboardCanReachEveryDomain (1.4s)
  ✓  13 [mobile] › ../tests/e2e/reading.spec.ts:3:5 › publishedFixtureCanBeReadWithMathAndOriginalSvg (1.6s)
  ✓  14 [mobile] › ../tests/e2e/reading.spec.ts:72:5 › withdrawalStopsNewReadsAndAssetRequests (9.9s)
  ✓  15 [mobile] › ../tests/e2e/reading.spec.ts:150:5 › longNamesAndMultiPrerequisitesFitBothViewports (290ms)
  ✓  16 [mobile] › ../tests/e2e/reading.spec.ts:183:5 › clientResponsesDoNotExposeInternalConfiguration (263ms)

  16 passed (35.3s)
