=== RUN   TestCorrectionMigrationEmptyDownAndMarker
    correction_migration_test.go:25: partial migration error (type:sql,version:8): ERROR: operator is not unique: unknown - unknown (SQLSTATE 42725)
--- FAIL: TestCorrectionMigrationEmptyDownAndMarker (0.18s)
=== RUN   TestCorrectionMigrationNonemptyDown
    question_fixture_test.go:20: partial migration error (type:sql,version:8): ERROR: operator is not unique: unknown - unknown (SQLSTATE 42725)
--- FAIL: TestCorrectionMigrationNonemptyDown (0.15s)
=== RUN   TestCorrectionMigrationQuotaAloneProtectsDown
    question_fixture_test.go:20: partial migration error (type:sql,version:8): ERROR: operator is not unique: unknown - unknown (SQLSTATE 42725)
--- FAIL: TestCorrectionMigrationQuotaAloneProtectsDown (0.15s)
=== RUN   TestCorrectionSchemaImmutable
    question_fixture_test.go:20: partial migration error (type:sql,version:8): ERROR: operator is not unique: unknown - unknown (SQLSTATE 42725)
--- FAIL: TestCorrectionSchemaImmutable (0.15s)
=== RUN   TestCorrectionSchemaDirectApprovalRejected
    question_fixture_test.go:20: partial migration error (type:sql,version:8): ERROR: operator is not unique: unknown - unknown (SQLSTATE 42725)
--- FAIL: TestCorrectionSchemaDirectApprovalRejected (0.15s)
=== RUN   TestCorrectionSchemaOwnership
    question_fixture_test.go:20: partial migration error (type:sql,version:8): ERROR: operator is not unique: unknown - unknown (SQLSTATE 42725)
--- FAIL: TestCorrectionSchemaOwnership (0.15s)
=== RUN   TestCorrectionSchemaUnapprovedPassRejected
    question_fixture_test.go:20: partial migration error (type:sql,version:8): ERROR: operator is not unique: unknown - unknown (SQLSTATE 42725)
--- FAIL: TestCorrectionSchemaUnapprovedPassRejected (0.14s)
=== RUN   TestFeedbackMigrationEmptyRoundTrip
    feedback_migration_test.go:26: partial migration error (type:sql,version:8): ERROR: operator is not unique: unknown - unknown (SQLSTATE 42725)
--- FAIL: TestFeedbackMigrationEmptyRoundTrip (0.14s)
=== RUN   TestFeedbackMigrationNonemptyGuard
=== RUN   TestFeedbackMigrationNonemptyGuard/ticket
    question_fixture_test.go:20: partial migration error (type:sql,version:8): ERROR: operator is not unique: unknown - unknown (SQLSTATE 42725)
=== RUN   TestFeedbackMigrationNonemptyGuard/events
    question_fixture_test.go:20: partial migration error (type:sql,version:8): ERROR: operator is not unique: unknown - unknown (SQLSTATE 42725)
=== RUN   TestFeedbackMigrationNonemptyGuard/receipt
    question_fixture_test.go:20: partial migration error (type:sql,version:8): ERROR: operator is not unique: unknown - unknown (SQLSTATE 42725)
=== RUN   TestFeedbackMigrationNonemptyGuard/quota
    question_fixture_test.go:20: partial migration error (type:sql,version:8): ERROR: operator is not unique: unknown - unknown (SQLSTATE 42725)
--- FAIL: TestFeedbackMigrationNonemptyGuard (0.58s)
    --- FAIL: TestFeedbackMigrationNonemptyGuard/ticket (0.14s)
    --- FAIL: TestFeedbackMigrationNonemptyGuard/events (0.14s)
    --- FAIL: TestFeedbackMigrationNonemptyGuard/receipt (0.15s)
    --- FAIL: TestFeedbackMigrationNonemptyGuard/quota (0.14s)
FAIL
FAIL	github.com/yyl1212/math_master/backend/internal/store	2.697s
FAIL
