✔ freezes source bytes and finds changes without changing the prior snapshot (52.515833ms)
✔ unchanged sources produce no repeated changes and never overwrite a snapshot (73.601291ms)
✔ rejects index paths escaping the source folder (25.614583ms)
✔ reports missing files as a review item without modifying the previous snapshot (50.110791ms)
✔ private snapshots retain owner-only permissions under a permissive umask (25.282875ms)
✔ new correction CI is executable, classified once and keeps every original batch and deadline (6.430375ms)
✔ deleting any of the 20 browser batches is rejected (5.679875ms)
✔ step labels and echo commands cannot stand in for actual browser execution (0.7755ms)
✔ all five capacity commands must remain executable and separate (4.638583ms)
✔ extra skips, duplicate classification and omitted notification/CLI tests are rejected (2.638708ms)
✔ Go, job, browser and wrapper time limits cannot be expanded or disguised with duplicate flags (1.490583ms)
✔ new capacity names inside an echo are rejected (0.450292ms)
✔ a second actual new test classification in the original job is rejected (1.140041ms)
✔ required correction Go and browser steps cannot be declared but conditionally disabled (0.386083ms)
✔ P5a product baseline retains 88 paths, 220 schemas, 32 responses and three security schemes with only approved pointers (9.83375ms)
✔ all seven original migrations retain exact bytes (0.47675ms)
✔ all existing mathematical digest purposes retain their exact sets (1.526125ms)
✔ removing an old path is rejected (9.515167ms)
✔ an unapproved field is never normalized away (10.290416ms)
✔ changed fixed mathematics and bounds are rejected (25.876292ms)
✔ approved fields require their exact new shape before inverse normalization (19.122458ms)
✔ inverse normalization leaves the source document unchanged (4.72425ms)
✔ a changed original migration fails protection (0.546ms)
✔ a changed original purpose fails protection (0.329791ms)
✔ all result variants and additional properties survive old full-schema checks (26.522541ms)
✔ actual CI preserves old batches and executes every new feedback batch within original limits (2.420084ms)
✔ deleting an original browser batch is detected (0.954292ms)
✔ adding browser skip selection or retries is detected (0.820375ms)
✔ deleting a capacity batch or skipping extra old store tests is detected (0.992791ms)
✔ no browser suite or case is silently skipped, focused or retried (1.2295ms)
✔ active command parser handles split and equals options without counting step labels (0.094209ms)
✔ approved master preserves all 75 paths, 192 schemas, 32 responses and three security schemes (9.5505ms)
✔ a changed original Learning field is detected (11.407375ms)
✔ all original migrations 00001 through 00006 retain their exact bytes (0.410584ms)
✔ changing an original migration is detected (0.168459ms)
✔ original mathematical digest purposes retain their exact sets (1.2515ms)
✔ all 54 old paths, 147 schemas, 22 responses and three security schemes retain exact values (3.803875ms)
✔ one deliberately changed old field is detected (7.670916ms)
✔ original migrations and mathematical purposes remain unchanged (1.19425ms)
✔ all 21 learning operations have named strict contracts and fixed response bounds (0.223375ms)
✔ keeps success and failure exit codes (80.702792ms)
✔ terminates commands on timeout (73.355375ms)
✔ rejects timeouts above the test ceiling (20.56225ms)
✔ kills remaining process group after its leader exits on timeout (5328.638958ms)
ℹ tests 44
ℹ suites 0
ℹ pass 44
ℹ fail 0
ℹ cancelled 0
ℹ skipped 0
ℹ todo 0
ℹ duration_ms 5543.947958
