=== RUN   TestCorrectionCapacityDiagnostic
    correction_capacity_diagnostic_test.go:4: DIAG setup 33.188713042s
    correction_capacity_diagnostic_test.go:6: DIAG real500 5.591820125s
    correction_capacity_diagnostic_test.go:6: PHASE_PROFILE_JSON {"body":{"Calls":42620,"Nanoseconds":78564670,"MaxNanoseconds":367709},"correctionAdvanceCursor":{"Calls":500,"Nanoseconds":320216592,"MaxNanoseconds":1223458},"correctionBuildBasisMetadata":{"Calls":500,"Nanoseconds":1112250091,"MaxNanoseconds":5747583},"correctionEvent":{"Calls":20,"Nanoseconds":6107874,"MaxNanoseconds":405917},"correctionInstanceDeps":{"Calls":500,"Nanoseconds":132255297,"MaxNanoseconds":577417},"correctionLockCaseKind":{"Calls":500,"Nanoseconds":112977165,"MaxNanoseconds":948625},"correctionOriginalBasis":{"Calls":500,"Nanoseconds":426402418,"MaxNanoseconds":2608583},"correctionPositionMap":{"Calls":1000,"Nanoseconds":189746040,"MaxNanoseconds":1612209},"correctionProcessEvidence":{"Calls":500,"Nanoseconds":3703811581,"MaxNanoseconds":14731500},"correctionReadEvidenceMetadata":{"Calls":500,"Nanoseconds":121216661,"MaxNanoseconds":651083},"correctionReadJob":{"Calls":520,"Nanoseconds":128816072,"MaxNanoseconds":525125},"correctionReadJobTime":{"Calls":500,"Nanoseconds":128871866,"MaxNanoseconds":575792},"correctionSystemConfigured":{"Calls":530,"Nanoseconds":736658892,"MaxNanoseconds":1972667},"correctionSystemEnter":{"Calls":530,"Nanoseconds":128236631,"MaxNanoseconds":470375},"correctionSystemTx":{"Calls":530,"Nanoseconds":5591564550,"MaxNanoseconds":19974833},"correctionWriteResult":{"Calls":500,"Nanoseconds":1009472446,"MaxNanoseconds":4214791},"dbClock":{"Calls":20,"Nanoseconds":4484749,"MaxNanoseconds":316875},"learningEvidenceDependencies":{"Calls":500,"Nanoseconds":120275828,"MaxNanoseconds":532250},"learningLoadItems":{"Calls":500,"Nanoseconds":171017127,"MaxNanoseconds":2031625},"learningReadPractice":{"Calls":500,"Nanoseconds":134049831,"MaxNanoseconds":834875},"notificationAppend":{"Calls":500,"Nanoseconds":172341401,"MaxNanoseconds":959583},"readAccount":{"Calls":1000,"Nanoseconds":456217416,"MaxNanoseconds":981584}}
--- PASS: TestCorrectionCapacityDiagnostic (38.80s)
=== RUN   TestCorrectionCompatibilityRequiredGuardsFailClosed
=== RUN   TestCorrectionCompatibilityRequiredGuardsFailClosed/check
=== RUN   TestCorrectionCompatibilityRequiredGuardsFailClosed/foreign-key
=== RUN   TestCorrectionCompatibilityRequiredGuardsFailClosed/unique
=== RUN   TestCorrectionCompatibilityRequiredGuardsFailClosed/function
=== RUN   TestCorrectionCompatibilityRequiredGuardsFailClosed/trigger-table
=== RUN   TestCorrectionCompatibilityRequiredGuardsFailClosed/disabled-trigger
=== RUN   TestCorrectionCompatibilityRequiredGuardsFailClosed/weakened-check
=== RUN   TestCorrectionCompatibilityRequiredGuardsFailClosed/unvalidated-fk
=== RUN   TestCorrectionCompatibilityRequiredGuardsFailClosed/unique-index
=== RUN   TestCorrectionCompatibilityRequiredGuardsFailClosed/trigger-function
--- PASS: TestCorrectionCompatibilityRequiredGuardsFailClosed (7.70s)
    --- PASS: TestCorrectionCompatibilityRequiredGuardsFailClosed/check (0.79s)
    --- PASS: TestCorrectionCompatibilityRequiredGuardsFailClosed/foreign-key (0.76s)
    --- PASS: TestCorrectionCompatibilityRequiredGuardsFailClosed/unique (0.76s)
    --- PASS: TestCorrectionCompatibilityRequiredGuardsFailClosed/function (0.75s)
    --- PASS: TestCorrectionCompatibilityRequiredGuardsFailClosed/trigger-table (0.78s)
    --- PASS: TestCorrectionCompatibilityRequiredGuardsFailClosed/disabled-trigger (0.79s)
    --- PASS: TestCorrectionCompatibilityRequiredGuardsFailClosed/weakened-check (0.77s)
    --- PASS: TestCorrectionCompatibilityRequiredGuardsFailClosed/unvalidated-fk (0.77s)
    --- PASS: TestCorrectionCompatibilityRequiredGuardsFailClosed/unique-index (0.78s)
    --- PASS: TestCorrectionCompatibilityRequiredGuardsFailClosed/trigger-function (0.77s)
=== RUN   TestCorrectionCompatibilityOriginalFailedReceiptAndRollback
--- PASS: TestCorrectionCompatibilityOriginalFailedReceiptAndRollback (1.04s)
=== RUN   TestCorrectionPartialConfigNeverEnabledLegacy
--- PASS: TestCorrectionPartialConfigNeverEnabledLegacy (0.22s)
=== RUN   TestCorrectionSchemaImmutable
--- PASS: TestCorrectionSchemaImmutable (0.77s)
=== RUN   TestCorrectionSchemaDirectApprovalRejected
--- PASS: TestCorrectionSchemaDirectApprovalRejected (0.78s)
=== RUN   TestCorrectionSchemaOwnership
--- PASS: TestCorrectionSchemaOwnership (0.80s)
=== RUN   TestCorrectionSchemaUnapprovedPassRejected
--- PASS: TestCorrectionSchemaUnapprovedPassRejected (0.77s)
=== RUN   TestCorrectionSchemaLegalResultAndAudit
--- PASS: TestCorrectionSchemaLegalResultAndAudit (0.91s)
=== RUN   TestCorrectionSchemaReplacementSHA
--- PASS: TestCorrectionSchemaReplacementSHA (0.85s)
=== RUN   TestCorrectionSchemaPassingKnowledgeRequired
--- PASS: TestCorrectionSchemaPassingKnowledgeRequired (0.86s)
=== RUN   TestCorrectionSchemaUnmappedReplacementRejected
--- PASS: TestCorrectionSchemaUnmappedReplacementRejected (0.98s)
=== RUN   TestCorrectionSystemEntryOrderedLocks
=== RUN   TestCorrectionSystemEntryOrderedLocks/0
=== RUN   TestCorrectionSystemEntryOrderedLocks/1
=== RUN   TestCorrectionSystemEntryOrderedLocks/2
--- PASS: TestCorrectionSystemEntryOrderedLocks (2.31s)
    --- PASS: TestCorrectionSystemEntryOrderedLocks/0 (0.77s)
    --- PASS: TestCorrectionSystemEntryOrderedLocks/1 (0.77s)
    --- PASS: TestCorrectionSystemEntryOrderedLocks/2 (0.77s)
=== RUN   TestCorrectionSystemEntryWithoutContentLocks
--- PASS: TestCorrectionSystemEntryWithoutContentLocks (0.76s)
=== RUN   TestCorrectionPartialConfigFailsClosed
=== RUN   TestCorrectionPartialConfigFailsClosed/table
=== RUN   TestCorrectionPartialConfigFailsClosed/version
=== RUN   TestCorrectionPartialConfigFailsClosed/column
=== RUN   TestCorrectionPartialConfigFailsClosed/trigger
=== RUN   TestCorrectionPartialConfigFailsClosed/empty-down
--- PASS: TestCorrectionPartialConfigFailsClosed (3.79s)
    --- PASS: TestCorrectionPartialConfigFailsClosed/table (0.76s)
    --- PASS: TestCorrectionPartialConfigFailsClosed/version (0.75s)
    --- PASS: TestCorrectionPartialConfigFailsClosed/column (0.77s)
    --- PASS: TestCorrectionPartialConfigFailsClosed/trigger (0.75s)
    --- PASS: TestCorrectionPartialConfigFailsClosed/empty-down (0.77s)
PASS
ok  	github.com/yyl1212/math_master/backend/internal/store	61.944s
