=== RUN   TestCorrectionCapacityDiagnostic
    correction_capacity_diagnostic_test.go:4: DIAG setup 33.351759541s
    correction_capacity_diagnostic_test.go:6: DIAG real500 5.633153875s
    correction_capacity_diagnostic_test.go:6: PHASE_PROFILE_JSON {"body":{"Calls":42620,"Nanoseconds":77060799,"MaxNanoseconds":354042},"correctionAdvanceCursor":{"Calls":500,"Nanoseconds":318307828,"MaxNanoseconds":1270125},"correctionBuildBasisMetadata":{"Calls":500,"Nanoseconds":1247444260,"MaxNanoseconds":5750083},"correctionEvent":{"Calls":20,"Nanoseconds":6015456,"MaxNanoseconds":330708},"correctionInstanceDeps":{"Calls":500,"Nanoseconds":135186997,"MaxNanoseconds":1117542},"correctionLockCaseKind":{"Calls":500,"Nanoseconds":111099043,"MaxNanoseconds":332416},"correctionOriginalBasis":{"Calls":500,"Nanoseconds":422222341,"MaxNanoseconds":2688125},"correctionPositionMap":{"Calls":1000,"Nanoseconds":133444601,"MaxNanoseconds":1022583},"correctionProcessEvidence":{"Calls":500,"Nanoseconds":3761200505,"MaxNanoseconds":14623334},"correctionReadEvidenceMetadata":{"Calls":500,"Nanoseconds":120846702,"MaxNanoseconds":607583},"correctionReadJob":{"Calls":520,"Nanoseconds":126225834,"MaxNanoseconds":473541},"correctionReadJobTime":{"Calls":500,"Nanoseconds":128865292,"MaxNanoseconds":555750},"correctionSystemConfigured":{"Calls":530,"Nanoseconds":744969250,"MaxNanoseconds":2493375},"correctionSystemEnter":{"Calls":530,"Nanoseconds":124403995,"MaxNanoseconds":455208},"correctionSystemTx":{"Calls":530,"Nanoseconds":5632918130,"MaxNanoseconds":19229416},"correctionWriteResult":{"Calls":500,"Nanoseconds":945865123,"MaxNanoseconds":3809458},"dbClock":{"Calls":20,"Nanoseconds":4617291,"MaxNanoseconds":312958},"learningEvidenceDependencies":{"Calls":500,"Nanoseconds":119762565,"MaxNanoseconds":354000},"learningLoadItems":{"Calls":500,"Nanoseconds":168624508,"MaxNanoseconds":2057084},"learningReadPractice":{"Calls":500,"Nanoseconds":132791753,"MaxNanoseconds":754750},"notificationAppend":{"Calls":500,"Nanoseconds":169175313,"MaxNanoseconds":939834},"readAccount":{"Calls":1000,"Nanoseconds":453221514,"MaxNanoseconds":696125}}
    correction_capacity_diagnostic_test.go:9: CASE_QUERY_OLD true true 276 15.136208ms
    correction_capacity_diagnostic_test.go:9: CASE_QUERY_OLD true false 224 11.862416ms
    correction_capacity_diagnostic_test.go:9: CASE_QUERY_OLD true false 0 10.37125ms
    correction_capacity_diagnostic_test.go:9: CASE_QUERY_OLD false true 0 10.942625ms
    correction_capacity_diagnostic_test.go:9: CASE_QUERY_OLD false false 0 10.971791ms
    correction_capacity_diagnostic_test.go:9: CASE_QUERY_OLD false false 0 10.199584ms
    correction_capacity_diagnostic_test.go:21: CASE_QUERY_NEW true true 276 12.262708ms
    correction_capacity_diagnostic_test.go:21: CASE_QUERY_NEW true false 224 11.877541ms
    correction_capacity_diagnostic_test.go:21: CASE_QUERY_NEW true false 0 10.492041ms
    correction_capacity_diagnostic_test.go:21: CASE_QUERY_NEW false true 0 11.38525ms
    correction_capacity_diagnostic_test.go:21: CASE_QUERY_NEW false false 0 11.051458ms
    correction_capacity_diagnostic_test.go:21: CASE_QUERY_NEW false false 0 10.695458ms
    correction_capacity_diagnostic_test.go:24: DIAG exact-case500 5.532273417s
    correction_capacity_diagnostic_test.go:24: CASE_PHASE_PROFILE_JSON {"body":{"Calls":42620,"Nanoseconds":79678721,"MaxNanoseconds":414083},"correctionAdvanceCursor":{"Calls":500,"Nanoseconds":316589620,"MaxNanoseconds":1188833},"correctionBuildBasisMetadata":{"Calls":500,"Nanoseconds":1240323945,"MaxNanoseconds":7652792},"correctionEvent":{"Calls":20,"Nanoseconds":6777042,"MaxNanoseconds":914708},"correctionInstanceDeps":{"Calls":500,"Nanoseconds":133536351,"MaxNanoseconds":665084},"correctionLockCaseKind":{"Calls":500,"Nanoseconds":112457555,"MaxNanoseconds":532708},"correctionOriginalBasis":{"Calls":500,"Nanoseconds":424902920,"MaxNanoseconds":4143458},"correctionPositionMap":{"Calls":1000,"Nanoseconds":133604686,"MaxNanoseconds":1406333},"correctionProcessEvidence":{"Calls":500,"Nanoseconds":3748514666,"MaxNanoseconds":18188209},"correctionReadEvidenceMetadata":{"Calls":500,"Nanoseconds":119954819,"MaxNanoseconds":668500},"correctionReadJob":{"Calls":520,"Nanoseconds":126959597,"MaxNanoseconds":564083},"correctionReadJobTime":{"Calls":500,"Nanoseconds":128390253,"MaxNanoseconds":510375},"correctionSystemConfigured":{"Calls":530,"Nanoseconds":739691118,"MaxNanoseconds":3180459},"correctionSystemEnter":{"Calls":530,"Nanoseconds":124499295,"MaxNanoseconds":598084},"correctionSystemTx":{"Calls":530,"Nanoseconds":5532028632,"MaxNanoseconds":23381041},"correctionWriteResult":{"Calls":500,"Nanoseconds":941372415,"MaxNanoseconds":3956333},"dbClock":{"Calls":20,"Nanoseconds":4782124,"MaxNanoseconds":584125},"learningEvidenceDependencies":{"Calls":500,"Nanoseconds":119162863,"MaxNanoseconds":478750},"learningLoadItems":{"Calls":500,"Nanoseconds":171695876,"MaxNanoseconds":3135708},"learningReadPractice":{"Calls":500,"Nanoseconds":132922548,"MaxNanoseconds":537500},"notificationAppend":{"Calls":500,"Nanoseconds":165632705,"MaxNanoseconds":744250},"readAccount":{"Calls":1000,"Nanoseconds":455157787,"MaxNanoseconds":1570125}}
--- PASS: TestCorrectionCapacityDiagnostic (44.67s)
PASS
ok  	github.com/yyl1212/math_master/backend/internal/store	44.885s
