=== RUN   TestCorrectionProjectionInvalidation
--- PASS: TestCorrectionProjectionInvalidation (0.00s)
=== RUN   TestCorrectionCompatibilityRequiredGuardsFailClosed
=== RUN   TestCorrectionCompatibilityRequiredGuardsFailClosed/check
=== RUN   TestCorrectionCompatibilityRequiredGuardsFailClosed/foreign-key
=== RUN   TestCorrectionCompatibilityRequiredGuardsFailClosed/unique
=== RUN   TestCorrectionCompatibilityRequiredGuardsFailClosed/function
=== RUN   TestCorrectionCompatibilityRequiredGuardsFailClosed/trigger-table
=== RUN   TestCorrectionCompatibilityRequiredGuardsFailClosed/disabled-trigger
=== RUN   TestCorrectionCompatibilityRequiredGuardsFailClosed/weakened-check
=== RUN   TestCorrectionCompatibilityRequiredGuardsFailClosed/unvalidated-fk
=== RUN   TestCorrectionCompatibilityRequiredGuardsFailClosed/unique-index
=== RUN   TestCorrectionCompatibilityRequiredGuardsFailClosed/trigger-function
--- PASS: TestCorrectionCompatibilityRequiredGuardsFailClosed (7.79s)
    --- PASS: TestCorrectionCompatibilityRequiredGuardsFailClosed/check (0.82s)
    --- PASS: TestCorrectionCompatibilityRequiredGuardsFailClosed/foreign-key (0.76s)
    --- PASS: TestCorrectionCompatibilityRequiredGuardsFailClosed/unique (0.77s)
    --- PASS: TestCorrectionCompatibilityRequiredGuardsFailClosed/function (0.84s)
    --- PASS: TestCorrectionCompatibilityRequiredGuardsFailClosed/trigger-table (0.80s)
    --- PASS: TestCorrectionCompatibilityRequiredGuardsFailClosed/disabled-trigger (0.76s)
    --- PASS: TestCorrectionCompatibilityRequiredGuardsFailClosed/weakened-check (0.76s)
    --- PASS: TestCorrectionCompatibilityRequiredGuardsFailClosed/unvalidated-fk (0.76s)
    --- PASS: TestCorrectionCompatibilityRequiredGuardsFailClosed/unique-index (0.75s)
    --- PASS: TestCorrectionCompatibilityRequiredGuardsFailClosed/trigger-function (0.77s)
=== RUN   TestCorrectionCompatibilityOriginalFailedReceiptAndRollback
--- PASS: TestCorrectionCompatibilityOriginalFailedReceiptAndRollback (1.03s)
=== RUN   TestCorrectionReplacementTemplateExposure
--- PASS: TestCorrectionReplacementTemplateExposure (1.26s)
=== RUN   TestCorrectionCompletionLaterGrantsAppendOnly
--- PASS: TestCorrectionCompletionLaterGrantsAppendOnly (0.95s)
=== RUN   TestCorrectionMigrationEmptyDownAndMarker
--- PASS: TestCorrectionMigrationEmptyDownAndMarker (0.18s)
=== RUN   TestCorrectionMigrationNonemptyDown
--- PASS: TestCorrectionMigrationNonemptyDown (0.77s)
=== RUN   TestCorrectionMigrationQuotaAloneProtectsDown
--- PASS: TestCorrectionMigrationQuotaAloneProtectsDown (0.75s)
=== RUN   TestCorrectionProcessAtomic
=== RUN   TestCorrectionProcessAtomic/result
=== RUN   TestCorrectionProcessAtomic/dependency
=== RUN   TestCorrectionProcessAtomic/dependency-last
=== RUN   TestCorrectionProcessAtomic/qualification
=== RUN   TestCorrectionProcessAtomic/notification
=== RUN   TestCorrectionProcessAtomic/cursor
--- PASS: TestCorrectionProcessAtomic (5.69s)
    --- PASS: TestCorrectionProcessAtomic/result (0.93s)
    --- PASS: TestCorrectionProcessAtomic/dependency (0.94s)
    --- PASS: TestCorrectionProcessAtomic/dependency-last (0.98s)
    --- PASS: TestCorrectionProcessAtomic/qualification (0.95s)
    --- PASS: TestCorrectionProcessAtomic/notification (0.94s)
    --- PASS: TestCorrectionProcessAtomic/cursor (0.94s)
=== RUN   TestCorrectionStaleLeaseNoEvidenceWrites
--- PASS: TestCorrectionStaleLeaseNoEvidenceWrites (0.88s)
=== RUN   TestCorrectionCrashResumeCursorAndNotificationDedup
--- PASS: TestCorrectionCrashResumeCursorAndNotificationDedup (1.69s)
=== RUN   TestCorrectionProcessRootActiveLateTerminalAfterDone
--- PASS: TestCorrectionProcessRootActiveLateTerminalAfterDone (1.00s)
=== RUN   TestCorrectionCumulativeResultsOtherCaseStillRestricts
--- PASS: TestCorrectionCumulativeResultsOtherCaseStillRestricts (1.02s)
=== RUN   TestCorrectionProcessWithdrawalWithoutMappingRetake
--- PASS: TestCorrectionProcessWithdrawalWithoutMappingRetake (0.95s)
=== RUN   TestCorrectionProcessThreeOfFiveStaysFailed
--- PASS: TestCorrectionProcessThreeOfFiveStaysFailed (0.92s)
=== RUN   TestCorrectionStaleLeaseAtFinalCommitFence
--- PASS: TestCorrectionStaleLeaseAtFinalCommitFence (0.95s)
=== RUN   TestCorrectionWithdrawalCommitRace
=== RUN   TestCorrectionWithdrawalCommitRace/withdrawal-first
=== RUN   TestCorrectionWithdrawalCommitRace/correction-first
--- PASS: TestCorrectionWithdrawalCommitRace (2.56s)
    --- PASS: TestCorrectionWithdrawalCommitRace/withdrawal-first (1.25s)
    --- PASS: TestCorrectionWithdrawalCommitRace/correction-first (1.30s)
=== RUN   TestCorrectionCumulativeResultsParentReplacementWithdrawn
--- PASS: TestCorrectionCumulativeResultsParentReplacementWithdrawn (1.61s)
=== RUN   TestCorrectionProcessPracticeNeverGrantsQualification
--- PASS: TestCorrectionProcessPracticeNeverGrantsQualification (0.90s)
=== RUN   TestCorrectionProcessAwaitingApprovalHasNoScore
--- PASS: TestCorrectionProcessAwaitingApprovalHasNoScore (0.86s)
=== RUN   TestCorrectionProcessCurrentAccountRecheckedNoPersonnelQuota
--- PASS: TestCorrectionProcessCurrentAccountRecheckedNoPersonnelQuota (0.92s)
=== RUN   TestCorrectionCumulativeResultsIncompatibleApprovedMappings
--- PASS: TestCorrectionCumulativeResultsIncompatibleApprovedMappings (1.65s)
=== RUN   TestCorrectionCumulativeResultsApprovedChildRetakeSupersedesPass
--- PASS: TestCorrectionCumulativeResultsApprovedChildRetakeSupersedesPass (1.57s)
=== RUN   TestCorrectionProjectionDiagnosticAllViewsOriginalBytes
--- PASS: TestCorrectionProjectionDiagnosticAllViewsOriginalBytes (0.96s)
=== RUN   TestCorrectionOtherCaseStillRestricts
--- PASS: TestCorrectionOtherCaseStillRestricts (0.94s)
=== RUN   TestCorrectionProjectionSupersededPassNotFallback
--- PASS: TestCorrectionProjectionSupersededPassNotFallback (0.96s)
=== RUN   TestCorrectionProjectionOriginalFailedFourDoesNotForgeOldQualification
--- PASS: TestCorrectionProjectionOriginalFailedFourDoesNotForgeOldQualification (0.84s)
=== RUN   TestCorrectionProjectionIncompatibleApprovedLeavesRestrict
--- PASS: TestCorrectionProjectionIncompatibleApprovedLeavesRestrict (0.88s)
=== RUN   TestCorrectionPartialConfigNeverEnabledLegacy
--- PASS: TestCorrectionPartialConfigNeverEnabledLegacy (0.22s)
=== RUN   TestCorrectionCommitIdentityRoleRevokedDuringLockWait
--- PASS: TestCorrectionCommitIdentityRoleRevokedDuringLockWait (0.76s)
=== RUN   TestCorrectionProcessDatabaseRejectsForeignScopeAndWithdrawnBasis
=== RUN   TestCorrectionProcessDatabaseRejectsForeignScopeAndWithdrawnBasis/foreign-scope
=== RUN   TestCorrectionProcessDatabaseRejectsForeignScopeAndWithdrawnBasis/withdrawn
--- PASS: TestCorrectionProcessDatabaseRejectsForeignScopeAndWithdrawnBasis (2.23s)
    --- PASS: TestCorrectionProcessDatabaseRejectsForeignScopeAndWithdrawnBasis/foreign-scope (1.12s)
    --- PASS: TestCorrectionProcessDatabaseRejectsForeignScopeAndWithdrawnBasis/withdrawn (1.11s)
=== RUN   TestCorrectionProcessDatabaseRequiresCompleteParentClosure
--- PASS: TestCorrectionProcessDatabaseRequiresCompleteParentClosure (0.90s)
=== RUN   TestCorrectionProcessDatabaseRequiresCompleteDependencies
=== RUN   TestCorrectionProcessDatabaseRequiresCompleteDependencies/audit
=== RUN   TestCorrectionProcessDatabaseRequiresCompleteDependencies/effective
--- PASS: TestCorrectionProcessDatabaseRequiresCompleteDependencies (1.70s)
    --- PASS: TestCorrectionProcessDatabaseRequiresCompleteDependencies/audit (0.85s)
    --- PASS: TestCorrectionProcessDatabaseRequiresCompleteDependencies/effective (0.85s)
=== RUN   TestCorrectionUnprocessedApprovedChain
--- PASS: TestCorrectionUnprocessedApprovedChain (1.56s)
=== RUN   TestCorrectionReplacementChainRejectsConflictsAndCycles
=== RUN   TestCorrectionReplacementChainRejectsConflictsAndCycles/conflict
=== RUN   TestCorrectionReplacementChainRejectsConflictsAndCycles/cycle
--- PASS: TestCorrectionReplacementChainRejectsConflictsAndCycles (3.43s)
    --- PASS: TestCorrectionReplacementChainRejectsConflictsAndCycles/conflict (1.76s)
    --- PASS: TestCorrectionReplacementChainRejectsConflictsAndCycles/cycle (1.67s)
=== RUN   TestCorrectionReplacementChainIgnoresUnrelatedFork
--- PASS: TestCorrectionReplacementChainIgnoresUnrelatedFork (1.99s)
=== RUN   TestCorrectionSchemaImmutable
--- PASS: TestCorrectionSchemaImmutable (0.78s)
=== RUN   TestCorrectionSchemaDirectApprovalRejected
--- PASS: TestCorrectionSchemaDirectApprovalRejected (0.77s)
=== RUN   TestCorrectionSchemaOwnership
--- PASS: TestCorrectionSchemaOwnership (0.80s)
=== RUN   TestCorrectionSchemaUnapprovedPassRejected
--- PASS: TestCorrectionSchemaUnapprovedPassRejected (0.77s)
=== RUN   TestCorrectionSchemaLegalResultAndAudit
--- PASS: TestCorrectionSchemaLegalResultAndAudit (0.87s)
=== RUN   TestCorrectionSchemaReplacementSHA
--- PASS: TestCorrectionSchemaReplacementSHA (0.85s)
=== RUN   TestCorrectionSchemaPassingKnowledgeRequired
--- PASS: TestCorrectionSchemaPassingKnowledgeRequired (0.86s)
=== RUN   TestCorrectionSchemaUnmappedReplacementRejected
--- PASS: TestCorrectionSchemaUnmappedReplacementRejected (1.01s)
=== RUN   TestCorrectionSystemEntryOrderedLocks
=== RUN   TestCorrectionSystemEntryOrderedLocks/0
=== RUN   TestCorrectionSystemEntryOrderedLocks/1
=== RUN   TestCorrectionSystemEntryOrderedLocks/2
--- PASS: TestCorrectionSystemEntryOrderedLocks (2.30s)
    --- PASS: TestCorrectionSystemEntryOrderedLocks/0 (0.77s)
    --- PASS: TestCorrectionSystemEntryOrderedLocks/1 (0.76s)
    --- PASS: TestCorrectionSystemEntryOrderedLocks/2 (0.76s)
=== RUN   TestCorrectionSystemEntryWithoutContentLocks
--- PASS: TestCorrectionSystemEntryWithoutContentLocks (0.77s)
=== RUN   TestCorrectionJobClockAfterRowWait
--- PASS: TestCorrectionJobClockAfterRowWait (0.78s)
=== RUN   TestCorrectionCommitIdentityFreshReplay
=== RUN   TestCorrectionCommitIdentityFreshReplay/role
=== RUN   TestCorrectionCommitIdentityFreshReplay/credential
=== RUN   TestCorrectionCommitIdentityFreshReplay/password
=== RUN   TestCorrectionCommitIdentityFreshReplay/csrf
--- PASS: TestCorrectionCommitIdentityFreshReplay (3.07s)
    --- PASS: TestCorrectionCommitIdentityFreshReplay/role (0.76s)
    --- PASS: TestCorrectionCommitIdentityFreshReplay/credential (0.77s)
    --- PASS: TestCorrectionCommitIdentityFreshReplay/password (0.76s)
    --- PASS: TestCorrectionCommitIdentityFreshReplay/csrf (0.76s)
=== RUN   TestCorrectionPartialConfigFailsClosed
=== RUN   TestCorrectionPartialConfigFailsClosed/table
=== RUN   TestCorrectionPartialConfigFailsClosed/version
=== RUN   TestCorrectionPartialConfigFailsClosed/column
=== RUN   TestCorrectionPartialConfigFailsClosed/trigger
=== RUN   TestCorrectionPartialConfigFailsClosed/empty-down
--- PASS: TestCorrectionPartialConfigFailsClosed (3.79s)
    --- PASS: TestCorrectionPartialConfigFailsClosed/table (0.76s)
    --- PASS: TestCorrectionPartialConfigFailsClosed/version (0.75s)
    --- PASS: TestCorrectionPartialConfigFailsClosed/column (0.76s)
    --- PASS: TestCorrectionPartialConfigFailsClosed/trigger (0.76s)
    --- PASS: TestCorrectionPartialConfigFailsClosed/empty-down (0.76s)
=== RUN   TestCorrectionProcessMaterialAndPathStaticNotices
=== RUN   TestCorrectionProcessMaterialAndPathStaticNotices/unit
=== RUN   TestCorrectionProcessMaterialAndPathStaticNotices/path
--- PASS: TestCorrectionProcessMaterialAndPathStaticNotices (1.90s)
    --- PASS: TestCorrectionProcessMaterialAndPathStaticNotices/unit (0.84s)
    --- PASS: TestCorrectionProcessMaterialAndPathStaticNotices/path (1.06s)
PASS
ok  	github.com/yyl1212/math_master/backend/internal/store	73.194s
