=== RUN   TestCorrectionCapacityDiagnostic
    correction_capacity_diagnostic_test.go:4: DIAG setup 34.591382167s
    correction_capacity_diagnostic_test.go:6: DIAG real500 5.640445792s
    correction_capacity_diagnostic_test.go:6: PHASE_PROFILE_JSON {"body":{"Calls":42620,"Nanoseconds":42943328,"MaxNanoseconds":481333},"correctionAdvanceCursor":{"Calls":500,"Nanoseconds":311511332,"MaxNanoseconds":1578916},"correctionBuildBasisMetadata":{"Calls":500,"Nanoseconds":1186049360,"MaxNanoseconds":5724000},"correctionEvent":{"Calls":20,"Nanoseconds":6058709,"MaxNanoseconds":325709},"correctionInstanceDeps":{"Calls":500,"Nanoseconds":127423169,"MaxNanoseconds":658917},"correctionLockCaseKind":{"Calls":500,"Nanoseconds":106109001,"MaxNanoseconds":366083},"correctionOriginalBasis":{"Calls":500,"Nanoseconds":390278862,"MaxNanoseconds":2651958},"correctionPositionMap":{"Calls":1000,"Nanoseconds":120977823,"MaxNanoseconds":1740375},"correctionProcessEvidence":{"Calls":500,"Nanoseconds":3666155161,"MaxNanoseconds":14574000},"correctionReadEvidenceMetadata":{"Calls":500,"Nanoseconds":116080829,"MaxNanoseconds":735125},"correctionReadJob":{"Calls":520,"Nanoseconds":119435747,"MaxNanoseconds":1342916},"correctionReadJobTime":{"Calls":500,"Nanoseconds":116433338,"MaxNanoseconds":982958},"correctionSystemConfigured":{"Calls":530,"Nanoseconds":777133752,"MaxNanoseconds":2157667},"correctionSystemEnter":{"Calls":530,"Nanoseconds":121590335,"MaxNanoseconds":867500},"correctionSystemTx":{"Calls":530,"Nanoseconds":5640204535,"MaxNanoseconds":19561042},"correctionWriteResult":{"Calls":500,"Nanoseconds":966514601,"MaxNanoseconds":4060667},"dbClock":{"Calls":20,"Nanoseconds":4259085,"MaxNanoseconds":279834},"learningEvidenceDependencies":{"Calls":500,"Nanoseconds":112536750,"MaxNanoseconds":512083},"learningLoadItems":{"Calls":500,"Nanoseconds":158305083,"MaxNanoseconds":2076000},"learningReadPractice":{"Calls":500,"Nanoseconds":118741663,"MaxNanoseconds":536208},"notificationAppend":{"Calls":500,"Nanoseconds":179842364,"MaxNanoseconds":1206959},"readAccount":{"Calls":1000,"Nanoseconds":429188182,"MaxNanoseconds":1511417}}
    correction_capacity_diagnostic_test.go:9: CASE_QUERY_OLD true true 218 15.025709ms
    correction_capacity_diagnostic_test.go:9: CASE_QUERY_OLD true false 282 12.5495ms
    correction_capacity_diagnostic_test.go:9: CASE_QUERY_OLD true false 0 10.594333ms
    correction_capacity_diagnostic_test.go:9: CASE_QUERY_OLD false true 0 11.101834ms
    correction_capacity_diagnostic_test.go:9: CASE_QUERY_OLD false false 0 11.254208ms
    correction_capacity_diagnostic_test.go:9: CASE_QUERY_OLD false false 0 10.576584ms
    correction_capacity_diagnostic_test.go:21: CASE_QUERY_NEW true true 218 138.752708ms
    correction_capacity_diagnostic_test.go:21: CASE_QUERY_NEW true false 282 136.122709ms
    correction_capacity_diagnostic_test.go:21: CASE_QUERY_NEW true false 0 136.024959ms
    correction_capacity_diagnostic_test.go:21: CASE_QUERY_NEW false true 0 135.153ms
    correction_capacity_diagnostic_test.go:21: CASE_QUERY_NEW false false 0 135.44775ms
    correction_capacity_diagnostic_test.go:21: CASE_QUERY_NEW false false 0 133.727958ms
    correction_capacity_diagnostic_test.go:24: DIAG exact-case500 5.43667425s
    correction_capacity_diagnostic_test.go:24: CASE_PHASE_PROFILE_JSON {"body":{"Calls":42620,"Nanoseconds":42431858,"MaxNanoseconds":264250},"correctionAdvanceCursor":{"Calls":500,"Nanoseconds":307682645,"MaxNanoseconds":1858292},"correctionBuildBasisMetadata":{"Calls":500,"Nanoseconds":1177020237,"MaxNanoseconds":7619542},"correctionEvent":{"Calls":20,"Nanoseconds":6457499,"MaxNanoseconds":891000},"correctionInstanceDeps":{"Calls":500,"Nanoseconds":124991254,"MaxNanoseconds":754375},"correctionLockCaseKind":{"Calls":500,"Nanoseconds":104907132,"MaxNanoseconds":461334},"correctionOriginalBasis":{"Calls":500,"Nanoseconds":395130447,"MaxNanoseconds":4085375},"correctionPositionMap":{"Calls":1000,"Nanoseconds":121458444,"MaxNanoseconds":1221917},"correctionProcessEvidence":{"Calls":500,"Nanoseconds":3634007623,"MaxNanoseconds":18439375},"correctionReadEvidenceMetadata":{"Calls":500,"Nanoseconds":114533409,"MaxNanoseconds":798625},"correctionReadJob":{"Calls":520,"Nanoseconds":117322035,"MaxNanoseconds":521291},"correctionReadJobTime":{"Calls":500,"Nanoseconds":114899768,"MaxNanoseconds":1107459},"correctionSystemConfigured":{"Calls":530,"Nanoseconds":770453707,"MaxNanoseconds":3649084},"correctionSystemEnter":{"Calls":530,"Nanoseconds":119968432,"MaxNanoseconds":558167},"correctionSystemTx":{"Calls":530,"Nanoseconds":5436437430,"MaxNanoseconds":23457791},"correctionWriteResult":{"Calls":500,"Nanoseconds":963095626,"MaxNanoseconds":4130291},"dbClock":{"Calls":20,"Nanoseconds":4608002,"MaxNanoseconds":453625},"learningEvidenceDependencies":{"Calls":500,"Nanoseconds":113352708,"MaxNanoseconds":493541},"learningLoadItems":{"Calls":500,"Nanoseconds":160560804,"MaxNanoseconds":3100625},"learningReadPractice":{"Calls":500,"Nanoseconds":120492947,"MaxNanoseconds":1092667},"notificationAppend":{"Calls":500,"Nanoseconds":175515796,"MaxNanoseconds":809458},"readAccount":{"Calls":1000,"Nanoseconds":425404185,"MaxNanoseconds":1493750}}
--- PASS: TestCorrectionCapacityDiagnostic (46.57s)
PASS
ok  	github.com/yyl1212/math_master/backend/internal/store	47.132s
