=== RUN   TestFeedbackCapacity
=== RUN   TestFeedbackCapacity/historical_volume
    feedback_capacity_test.go:132: list learner_a: 164.670166ms, 24013 bytes
    feedback_capacity_test.go:132: list learner_a: 161.411042ms, 24011 bytes
    feedback_capacity_test.go:132: list learner_a: 155.632709ms, 24011 bytes
    feedback_capacity_test.go:132: list learner_a: 155.241333ms, 24015 bytes
    feedback_capacity_test.go:132: list learner_a: 158.01275ms, 24014 bytes
    feedback_capacity_test.go:132: list learner_a: 156.334709ms, 24013 bytes
    feedback_capacity_test.go:132: list learner_a: 153.948208ms, 24012 bytes
    feedback_capacity_test.go:132: list learner_a: 156.641333ms, 24015 bytes
    feedback_capacity_test.go:132: list learner_a: 163.260333ms, 24013 bytes
    feedback_capacity_test.go:132: list learner_a: 157.629625ms, 23879 bytes
    feedback_capacity_test.go:132: list learner_b: 158.048958ms, 24011 bytes
    feedback_capacity_test.go:132: list learner_b: 159.5035ms, 24013 bytes
    feedback_capacity_test.go:132: list learner_b: 157.911875ms, 24008 bytes
    feedback_capacity_test.go:132: list learner_b: 155.848458ms, 24016 bytes
    feedback_capacity_test.go:132: list learner_b: 158.963958ms, 24011 bytes
    feedback_capacity_test.go:132: list learner_b: 151.585958ms, 24015 bytes
    feedback_capacity_test.go:132: list learner_b: 155.985875ms, 24011 bytes
    feedback_capacity_test.go:132: list learner_b: 158.46875ms, 24012 bytes
    feedback_capacity_test.go:132: list learner_b: 155.078292ms, 24012 bytes
    feedback_capacity_test.go:132: list learner_b: 154.646875ms, 23886 bytes
    feedback_capacity_test.go:132: list reviewer_a: 159.448791ms, 23959 bytes
    feedback_capacity_test.go:132: list reviewer_a: 158.841417ms, 23965 bytes
    feedback_capacity_test.go:132: list reviewer_a: 154.764834ms, 23962 bytes
    feedback_capacity_test.go:132: list reviewer_a: 160.148167ms, 23962 bytes
    feedback_capacity_test.go:132: list reviewer_a: 156.976708ms, 23953 bytes
    feedback_capacity_test.go:132: list reviewer_a: 155.26475ms, 23965 bytes
    feedback_capacity_test.go:132: list reviewer_a: 156.078167ms, 23966 bytes
    feedback_capacity_test.go:132: list reviewer_a: 155.168459ms, 23966 bytes
    feedback_capacity_test.go:132: list reviewer_a: 154.569875ms, 23964 bytes
    feedback_capacity_test.go:132: list reviewer_a: 154.638584ms, 23961 bytes
    feedback_capacity_test.go:132: list reviewer_a: 157.778ms, 23964 bytes
    feedback_capacity_test.go:132: list reviewer_a: 154.016084ms, 23964 bytes
    feedback_capacity_test.go:132: list reviewer_a: 154.659583ms, 23960 bytes
    feedback_capacity_test.go:132: list reviewer_a: 155.901584ms, 23961 bytes
    feedback_capacity_test.go:132: list reviewer_a: 160.436916ms, 23963 bytes
    feedback_capacity_test.go:132: list reviewer_a: 157.74175ms, 23965 bytes
    feedback_capacity_test.go:132: list reviewer_a: 159.219458ms, 23962 bytes
    feedback_capacity_test.go:132: list reviewer_a: 150.670333ms, 23965 bytes
    feedback_capacity_test.go:132: list reviewer_a: 152.700958ms, 23963 bytes
    feedback_capacity_test.go:132: list reviewer_a: 155.6195ms, 23831 bytes
    feedback_capacity_test.go:156: cross-actor boundary: 154.893958ms, 24013 bytes
    feedback_capacity_test.go:168: discussion: 10.677375ms, 607731 bytes
    feedback_capacity_test.go:168: discussion: 12.041375ms, 607708 bytes
    feedback_capacity_test.go:191: reply beyond 50: 13.223083ms, 558 bytes
    feedback_capacity_test.go:213: concurrent transition: 19.479625ms, 2 bytes
    feedback_capacity_test.go:219: resolve long thread: 22.911333ms, 569 bytes
    feedback_capacity_test.go:222: reopen: 11.766625ms, 565 bytes
    feedback_capacity_test.go:226: original receipt after advancement: 5.099208ms, 558 bytes
    feedback_capacity_test.go:235: close long thread: 15.773542ms, 577 bytes
    feedback_capacity_test.go:240: private discussion with committed exposure: 11.294042ms, 342 bytes
    feedback_capacity_test.go:261: owner plan: Limit  (cost=4.98..201.60 rows=51 width=40) (actual time=0.074..0.451 rows=51 loops=1)
    feedback_capacity_test.go:261: owner plan:   Buffers: shared hit=876
    feedback_capacity_test.go:261: owner plan:   ->  Incremental Sort  (cost=4.98..317.26 rows=81 width=40) (actual time=0.074..0.448 rows=51 loops=1)
    feedback_capacity_test.go:261: owner plan:         Sort Key: created_at DESC, ((id)::text) DESC
    feedback_capacity_test.go:261: owner plan:         Presorted Key: created_at
    feedback_capacity_test.go:261: owner plan:         Full-sort Groups: 1  Sort Method: quicksort  Average Memory: 29kB  Peak Memory: 29kB
    feedback_capacity_test.go:261: owner plan:         Pre-sorted Groups: 2  Sort Methods: top-N heapsort, quicksort  Average Memory: 25kB  Peak Memory: 25kB
    feedback_capacity_test.go:261: owner plan:         Buffers: shared hit=876
    feedback_capacity_test.go:261: owner plan:         ->  Index Only Scan using feedback_owner_list on feedback_tickets  (cost=0.29..314.11 rows=81 width=40) (actual time=0.005..0.390 rows=501 loops=1)
    feedback_capacity_test.go:261: owner plan:               Index Cond: (owner_user_id = '37049071-efe2-44d6-ba23-f28b5e545d07'::uuid)
    feedback_capacity_test.go:261: owner plan:               Heap Fetches: 869
    feedback_capacity_test.go:261: owner plan:               Buffers: shared hit=873
    feedback_capacity_test.go:261: owner plan: Planning:
    feedback_capacity_test.go:261: owner plan:   Buffers: shared hit=5
    feedback_capacity_test.go:261: owner plan: Planning Time: 0.017 ms
    feedback_capacity_test.go:261: owner plan: Execution Time: 0.455 ms
    feedback_capacity_test.go:261: review plan: Limit  (cost=8.32..8.37 rows=2 width=40) (actual time=0.045..0.502 rows=51 loops=1)
    feedback_capacity_test.go:261: review plan:   Buffers: shared hit=2522
    feedback_capacity_test.go:261: review plan:   ->  Incremental Sort  (cost=8.32..8.37 rows=2 width=40) (actual time=0.044..0.500 rows=51 loops=1)
    feedback_capacity_test.go:261: review plan:         Sort Key: created_at DESC, ((id)::text) DESC
    feedback_capacity_test.go:261: review plan:         Presorted Key: created_at
    feedback_capacity_test.go:261: review plan:         Full-sort Groups: 1  Sort Method: quicksort  Average Memory: 29kB  Peak Memory: 29kB
    feedback_capacity_test.go:261: review plan:         Pre-sorted Groups: 2  Sort Methods: top-N heapsort, quicksort  Average Memory: 25kB  Peak Memory: 25kB
    feedback_capacity_test.go:261: review plan:         Buffers: shared hit=2522
    feedback_capacity_test.go:261: review plan:         ->  Index Only Scan using feedback_queue_list on feedback_tickets  (cost=0.29..8.31 rows=1 width=40) (actual time=0.005..0.426 rows=1000 loops=1)
    feedback_capacity_test.go:261: review plan:               Index Cond: ((status = 'new'::text) AND (category = 'math_error'::text))
    feedback_capacity_test.go:261: review plan:               Heap Fetches: 2507
    feedback_capacity_test.go:261: review plan:               Buffers: shared hit=2522
    feedback_capacity_test.go:261: review plan: Planning Time: 0.014 ms
    feedback_capacity_test.go:261: review plan: Execution Time: 0.505 ms
    feedback_capacity_test.go:261: events plan: Limit  (cost=31.62..31.64 rows=8 width=208) (actual time=0.018..0.021 rows=51 loops=1)
    feedback_capacity_test.go:261: events plan:   Buffers: shared hit=6
    feedback_capacity_test.go:261: events plan:   ->  Sort  (cost=31.62..31.64 rows=8 width=208) (actual time=0.018..0.019 rows=51 loops=1)
    feedback_capacity_test.go:261: events plan:         Sort Key: sequence
    feedback_capacity_test.go:261: events plan:         Sort Method: quicksort  Memory: 38kB
    feedback_capacity_test.go:261: events plan:         Buffers: shared hit=6
    feedback_capacity_test.go:261: events plan:         ->  Bitmap Heap Scan on feedback_events  (cost=4.36..31.50 rows=8 width=208) (actual time=0.006..0.012 rows=55 loops=1)
    feedback_capacity_test.go:261: events plan:               Recheck Cond: ((ticket_id = '4cbd4290-9344-423b-a84d-15ade8974363'::uuid) AND (sequence > '50'::bigint))
    feedback_capacity_test.go:261: events plan:               Heap Blocks: exact=4
    feedback_capacity_test.go:261: events plan:               Buffers: shared hit=6
    feedback_capacity_test.go:261: events plan:               ->  Bitmap Index Scan on feedback_events_pkey  (cost=0.00..4.36 rows=8 width=0) (actual time=0.003..0.003 rows=55 loops=1)
    feedback_capacity_test.go:261: events plan:                     Index Cond: ((ticket_id = '4cbd4290-9344-423b-a84d-15ade8974363'::uuid) AND (sequence > '50'::bigint))
    feedback_capacity_test.go:261: events plan:                     Buffers: shared hit=2
    feedback_capacity_test.go:261: events plan: Planning Time: 0.013 ms
    feedback_capacity_test.go:261: events plan: Execution Time: 0.025 ms
    feedback_capacity_test.go:272: tickets=1000 events=10000 init=1.601208333s largest_operation=164.670166ms status_race_successes=1
=== RUN   TestFeedbackCapacity/missing_feedback_migration_keeps_old_learning
=== RUN   TestFeedbackCapacity/nonempty_learning_facts_unchanged
--- PASS: TestFeedbackCapacity (10.21s)
    --- PASS: TestFeedbackCapacity/historical_volume (8.23s)
    --- PASS: TestFeedbackCapacity/missing_feedback_migration_keeps_old_learning (0.83s)
    --- PASS: TestFeedbackCapacity/nonempty_learning_facts_unchanged (1.15s)
PASS
ok  	github.com/yyl1212/math_master/backend/internal/store	10.466s
