=== RUN   TestFeedbackCapacity
=== RUN   TestFeedbackCapacity/historical_volume
    feedback_capacity_test.go:132: list learner_a: 163.634208ms, 24013 bytes
    feedback_capacity_test.go:132: list learner_a: 168.433541ms, 24013 bytes
    feedback_capacity_test.go:132: list learner_a: 172.37775ms, 24012 bytes
    feedback_capacity_test.go:132: list learner_a: 170.779375ms, 24013 bytes
    feedback_capacity_test.go:132: list learner_a: 176.0695ms, 24011 bytes
    feedback_capacity_test.go:132: list learner_a: 174.462167ms, 24009 bytes
    feedback_capacity_test.go:132: list learner_a: 155.543833ms, 24013 bytes
    feedback_capacity_test.go:132: list learner_a: 160.772709ms, 24014 bytes
    feedback_capacity_test.go:132: list learner_a: 166.680792ms, 24015 bytes
    feedback_capacity_test.go:132: list learner_a: 182.861792ms, 23883 bytes
    feedback_capacity_test.go:132: list learner_b: 173.074166ms, 24014 bytes
    feedback_capacity_test.go:132: list learner_b: 152.996167ms, 24012 bytes
    feedback_capacity_test.go:132: list learner_b: 159.095084ms, 24012 bytes
    feedback_capacity_test.go:132: list learner_b: 150.753167ms, 24012 bytes
    feedback_capacity_test.go:132: list learner_b: 153.363208ms, 24014 bytes
    feedback_capacity_test.go:132: list learner_b: 157.743042ms, 24013 bytes
    feedback_capacity_test.go:132: list learner_b: 175.504541ms, 24009 bytes
    feedback_capacity_test.go:132: list learner_b: 165.39825ms, 24015 bytes
    feedback_capacity_test.go:132: list learner_b: 175.729375ms, 24014 bytes
    feedback_capacity_test.go:132: list learner_b: 155.395917ms, 23880 bytes
    feedback_capacity_test.go:132: list reviewer_a: 174.88675ms, 23965 bytes
    feedback_capacity_test.go:132: list reviewer_a: 159.790042ms, 23960 bytes
    feedback_capacity_test.go:132: list reviewer_a: 157.507417ms, 23963 bytes
    feedback_capacity_test.go:132: list reviewer_a: 154.352417ms, 23962 bytes
    feedback_capacity_test.go:132: list reviewer_a: 155.443584ms, 23962 bytes
    feedback_capacity_test.go:132: list reviewer_a: 158.283208ms, 23963 bytes
    feedback_capacity_test.go:132: list reviewer_a: 167.08675ms, 23963 bytes
    feedback_capacity_test.go:132: list reviewer_a: 165.032292ms, 23963 bytes
    feedback_capacity_test.go:132: list reviewer_a: 164.020875ms, 23964 bytes
    feedback_capacity_test.go:132: list reviewer_a: 166.231666ms, 23961 bytes
    feedback_capacity_test.go:132: list reviewer_a: 173.698834ms, 23962 bytes
    feedback_capacity_test.go:132: list reviewer_a: 155.107416ms, 23963 bytes
    feedback_capacity_test.go:132: list reviewer_a: 157.777334ms, 23957 bytes
    feedback_capacity_test.go:132: list reviewer_a: 152.763583ms, 23962 bytes
    feedback_capacity_test.go:132: list reviewer_a: 153.517083ms, 23964 bytes
    feedback_capacity_test.go:132: list reviewer_a: 173.50575ms, 23965 bytes
    feedback_capacity_test.go:132: list reviewer_a: 155.73325ms, 23965 bytes
    feedback_capacity_test.go:132: list reviewer_a: 155.686375ms, 23964 bytes
    feedback_capacity_test.go:132: list reviewer_a: 152.829542ms, 23961 bytes
    feedback_capacity_test.go:132: list reviewer_a: 153.578208ms, 23832 bytes
    feedback_capacity_test.go:156: cross-actor boundary: 159.449791ms, 24012 bytes
    feedback_capacity_test.go:168: discussion: 11.67875ms, 607731 bytes
    feedback_capacity_test.go:168: discussion: 12.778417ms, 607708 bytes
    feedback_capacity_test.go:191: reply beyond 50: 13.990834ms, 558 bytes
    feedback_capacity_test.go:213: concurrent transition: 21.599083ms, 2 bytes
    feedback_capacity_test.go:219: resolve long thread: 23.454208ms, 569 bytes
    feedback_capacity_test.go:222: reopen: 13.080625ms, 565 bytes
    feedback_capacity_test.go:226: original receipt after advancement: 6.296209ms, 558 bytes
    feedback_capacity_test.go:235: close long thread: 18.255875ms, 577 bytes
    feedback_capacity_test.go:240: private discussion with committed exposure: 11.927875ms, 342 bytes
    feedback_capacity_test.go:261: owner plan: Limit  (cost=4.98..201.60 rows=51 width=40) (actual time=0.102..0.496 rows=51 loops=1)
    feedback_capacity_test.go:261: owner plan:   Buffers: shared hit=1180
    feedback_capacity_test.go:261: owner plan:   ->  Incremental Sort  (cost=4.98..317.26 rows=81 width=40) (actual time=0.102..0.496 rows=51 loops=1)
    feedback_capacity_test.go:261: owner plan:         Sort Key: created_at DESC, ((id)::text) DESC
    feedback_capacity_test.go:261: owner plan:         Presorted Key: created_at
    feedback_capacity_test.go:261: owner plan:         Full-sort Groups: 1  Sort Method: quicksort  Average Memory: 29kB  Peak Memory: 29kB
    feedback_capacity_test.go:261: owner plan:         Pre-sorted Groups: 2  Sort Methods: top-N heapsort, quicksort  Average Memory: 25kB  Peak Memory: 25kB
    feedback_capacity_test.go:261: owner plan:         Buffers: shared hit=1180
    feedback_capacity_test.go:261: owner plan:         ->  Index Only Scan using feedback_owner_list on feedback_tickets  (cost=0.29..314.11 rows=81 width=40) (actual time=0.007..0.442 rows=501 loops=1)
    feedback_capacity_test.go:261: owner plan:               Index Cond: (owner_user_id = '27931a9d-5120-4118-a9c6-b304a765b45f'::uuid)
    feedback_capacity_test.go:261: owner plan:               Heap Fetches: 1173
    feedback_capacity_test.go:261: owner plan:               Buffers: shared hit=1177
    feedback_capacity_test.go:261: owner plan: Planning:
    feedback_capacity_test.go:261: owner plan:   Buffers: shared hit=5
    feedback_capacity_test.go:261: owner plan: Planning Time: 0.019 ms
    feedback_capacity_test.go:261: owner plan: Execution Time: 0.501 ms
    feedback_capacity_test.go:261: review plan: Limit  (cost=8.32..8.37 rows=2 width=40) (actual time=0.042..0.543 rows=51 loops=1)
    feedback_capacity_test.go:261: review plan:   Buffers: shared hit=2520
    feedback_capacity_test.go:261: review plan:   ->  Incremental Sort  (cost=8.32..8.37 rows=2 width=40) (actual time=0.042..0.541 rows=51 loops=1)
    feedback_capacity_test.go:261: review plan:         Sort Key: created_at DESC, ((id)::text) DESC
    feedback_capacity_test.go:261: review plan:         Presorted Key: created_at
    feedback_capacity_test.go:261: review plan:         Full-sort Groups: 1  Sort Method: quicksort  Average Memory: 29kB  Peak Memory: 29kB
    feedback_capacity_test.go:261: review plan:         Pre-sorted Groups: 2  Sort Methods: top-N heapsort, quicksort  Average Memory: 25kB  Peak Memory: 25kB
    feedback_capacity_test.go:261: review plan:         Buffers: shared hit=2520
    feedback_capacity_test.go:261: review plan:         ->  Index Only Scan using feedback_queue_list on feedback_tickets  (cost=0.29..8.31 rows=1 width=40) (actual time=0.007..0.460 rows=1000 loops=1)
    feedback_capacity_test.go:261: review plan:               Index Cond: ((status = 'new'::text) AND (category = 'math_error'::text))
    feedback_capacity_test.go:261: review plan:               Heap Fetches: 2507
    feedback_capacity_test.go:261: review plan:               Buffers: shared hit=2520
    feedback_capacity_test.go:261: review plan: Planning Time: 0.013 ms
    feedback_capacity_test.go:261: review plan: Execution Time: 0.547 ms
    feedback_capacity_test.go:261: events plan: Limit  (cost=31.62..31.64 rows=8 width=208) (actual time=0.022..0.025 rows=51 loops=1)
    feedback_capacity_test.go:261: events plan:   Buffers: shared hit=6
    feedback_capacity_test.go:261: events plan:   ->  Sort  (cost=31.62..31.64 rows=8 width=208) (actual time=0.022..0.023 rows=51 loops=1)
    feedback_capacity_test.go:261: events plan:         Sort Key: sequence
    feedback_capacity_test.go:261: events plan:         Sort Method: quicksort  Memory: 38kB
    feedback_capacity_test.go:261: events plan:         Buffers: shared hit=6
    feedback_capacity_test.go:261: events plan:         ->  Bitmap Heap Scan on feedback_events  (cost=4.36..31.50 rows=8 width=208) (actual time=0.010..0.016 rows=55 loops=1)
    feedback_capacity_test.go:261: events plan:               Recheck Cond: ((ticket_id = '75757645-4a1c-4f09-832f-7dfc709b576c'::uuid) AND (sequence > '50'::bigint))
    feedback_capacity_test.go:261: events plan:               Heap Blocks: exact=4
    feedback_capacity_test.go:261: events plan:               Buffers: shared hit=6
    feedback_capacity_test.go:261: events plan:               ->  Bitmap Index Scan on feedback_events_pkey  (cost=0.00..4.36 rows=8 width=0) (actual time=0.007..0.007 rows=55 loops=1)
    feedback_capacity_test.go:261: events plan:                     Index Cond: ((ticket_id = '75757645-4a1c-4f09-832f-7dfc709b576c'::uuid) AND (sequence > '50'::bigint))
    feedback_capacity_test.go:261: events plan:                     Buffers: shared hit=2
    feedback_capacity_test.go:261: events plan: Planning Time: 0.015 ms
    feedback_capacity_test.go:261: events plan: Execution Time: 0.030 ms
    feedback_capacity_test.go:272: tickets=1000 events=10000 init=1.559257s largest_operation=182.861792ms status_race_successes=1
=== RUN   TestFeedbackCapacity/missing_feedback_migration_keeps_old_learning
=== RUN   TestFeedbackCapacity/nonempty_learning_facts_unchanged
--- PASS: TestFeedbackCapacity (10.59s)
    --- PASS: TestFeedbackCapacity/historical_volume (8.53s)
    --- PASS: TestFeedbackCapacity/missing_feedback_migration_keeps_old_learning (0.90s)
    --- PASS: TestFeedbackCapacity/nonempty_learning_facts_unchanged (1.17s)
PASS
ok  	github.com/yyl1212/math_master/backend/internal/store	10.837s
