✔ freezes source bytes and finds changes without changing the prior snapshot (60.189958ms)
✔ unchanged sources produce no repeated changes and never overwrite a snapshot (74.742083ms)
✔ rejects index paths escaping the source folder (23.449709ms)
✔ reports missing files as a review item without modifying the previous snapshot (49.6665ms)
✔ private snapshots retain owner-only permissions under a permissive umask (25.78425ms)
✔ legacy manifest keeps the exact files-byte digest and field set (24.131708ms)
✔ third index participates in capture selection and conflict mismatches (22.876666ms)
✔ symbolic source files cannot escape capture (23.004958ms)
✔ source-changed cleanup is deterministic across rewrite and deletion (128.406542ms)
✔ legacy one and two indices preserve primary selection and counts (1.846208ms)
✔ third index contributes primary entries while shared declarations retain all origins (0.1785ms)
✔ conflicting declarations retain both hashes instead of last-wins (0.23175ms)
✔ missing digest remains a report issue without invalidating legacy capture (0.10125ms)
✔ rejects unsafe primary and declared paths and missing base index (0.633375ms)
✔ source report preserves separate identifiers and source bytes despite equal titles and legacy IDs (34.993208ms)
✔ selected-only blocking isolates unselected digest differences (26.725666ms)
✔ AI review never becomes publication approval (26.118416ms)
✔ missing identifiers and repeated record identities block ready (50.434917ms)
✔ unknown selected path blocks ready without reading outside fixed batch (23.7955ms)
✔ conflicting third-index hashes retain both origins in the report (48.706375ms)
✔ tampered fixed bytes and symbolic paths cannot produce a trusted report (25.75425ms)
✔ CLI writes one private report and never overwrites or writes into live sources (91.759333ms)
✔ new audit batches and all old budgets are wired (3.218625ms)
✔ missing new browser or audit capacity is detected (2.363709ms)
✔ old browser deletion and budget changes are detected (1.332167ms)
✔ complete content scene accepts one setup slower than the old five-second limit (5548.620708ms)
✔ all legacy and unknown scenes retain the five-second request limit (0.321209ms)
✔ content setup has a ten-second limit within the unchanged individual test budget (0.241166ms)
✔ scene failures are single-attempt and redact both transport and timeout errors (0.559291ms)
✔ eight migrations, public contracts, old data and mathematical bytes remain unchanged (2.403708ms)
✔ tampered migration and old mathematics fail byte protection (2.388917ms)
✔ production endpoints never expose the audit or test harness (2.6605ms)
✔ legacy snapshot identity and CLI explicit secret boundary persist (0.32875ms)
✔ new correction CI is executable, classified once and keeps every original batch and deadline (9.977791ms)
✔ deleting any of the 20 browser batches is rejected (6.235708ms)
✔ step labels and echo commands cannot stand in for actual browser execution (0.5405ms)
✔ all five capacity commands must remain executable and separate (5.005834ms)
✔ extra skips, duplicate classification and omitted notification/CLI tests are rejected (2.209708ms)
✔ Go, job, browser and wrapper time limits cannot be expanded or disguised with duplicate flags (1.034541ms)
✔ new capacity names inside an echo are rejected (0.590875ms)
✔ a second actual new test classification in the original job is rejected (1.175625ms)
✔ required correction Go and browser steps cannot be declared but conditionally disabled (0.350625ms)
✔ P5a product baseline retains 88 paths, 220 schemas, 32 responses and three security schemes with only approved pointers (11.325708ms)
✔ all seven original migrations retain exact bytes (0.612875ms)
✔ all existing mathematical digest purposes retain their exact sets (2.315417ms)
✔ removing an old path is rejected (9.250833ms)
✔ an unapproved field is never normalized away (10.751625ms)
✔ changed fixed mathematics and bounds are rejected (25.994667ms)
✔ approved fields require their exact new shape before inverse normalization (18.856875ms)
✔ inverse normalization leaves the source document unchanged (4.632875ms)
✔ a changed original migration fails protection (0.530625ms)
✔ a changed original purpose fails protection (0.345375ms)
✔ all result variants and additional properties survive old full-schema checks (26.029417ms)
✔ actual CI preserves old batches and executes every new feedback batch within original limits (2.730583ms)
✔ deleting an original browser batch is detected (0.972083ms)
✔ adding browser skip selection or retries is detected (0.795166ms)
✔ deleting a capacity batch or skipping extra old store tests is detected (1.382416ms)
✔ no browser suite or case is silently skipped, focused or retried (1.321708ms)
✔ active command parser handles split and equals options without counting step labels (0.106167ms)
✔ approved master preserves all 75 paths, 192 schemas, 32 responses and three security schemes (10.1035ms)
✔ a changed original Learning field is detected (11.75475ms)
✔ all original migrations 00001 through 00006 retain their exact bytes (0.406833ms)
✔ changing an original migration is detected (0.15425ms)
✔ original mathematical digest purposes retain their exact sets (1.262959ms)
✔ all 54 old paths, 147 schemas, 22 responses and three security schemes retain exact values (4.154958ms)
✔ one deliberately changed old field is detected (7.686167ms)
✔ original migrations and mathematical purposes remain unchanged (1.87725ms)
✔ all 21 learning operations have named strict contracts and fixed response bounds (0.167333ms)
✔ keeps success and failure exit codes (86.005584ms)
✔ terminates commands on timeout (76.0765ms)
✔ rejects timeouts above the test ceiling (18.887ms)
✔ kills remaining process group after its leader exits on timeout (5330.634333ms)
ℹ tests 72
ℹ suites 0
ℹ pass 72
ℹ fail 0
ℹ cancelled 0
ℹ skipped 0
ℹ todo 0
ℹ duration_ms 5599.117458
