✔ freezes source bytes and finds changes without changing the prior snapshot (56.642209ms)
✔ unchanged sources produce no repeated changes and never overwrite a snapshot (73.344583ms)
✔ rejects index paths escaping the source folder (22.602083ms)
✔ reports missing files as a review item without modifying the previous snapshot (50.053666ms)
✔ private snapshots retain owner-only permissions under a permissive umask (23.897834ms)
✔ legacy manifest keeps the exact files-byte digest and field set (27.580417ms)
✔ third index participates in capture selection and conflict mismatches (24.231708ms)
✔ symbolic source files cannot escape capture (20.370583ms)
✔ source-changed cleanup is deterministic across rewrite and deletion (121.3075ms)
✔ legacy one and two indices preserve primary selection and counts (4.229083ms)
✔ third index contributes primary entries while shared declarations retain all origins (0.19575ms)
✔ conflicting declarations retain both hashes instead of last-wins (0.15025ms)
✔ missing digest remains a report issue without invalidating legacy capture (0.102042ms)
✔ rejects unsafe primary and declared paths and missing base index (0.655959ms)
✔ source report preserves separate identifiers and source bytes despite equal titles and legacy IDs (32.667792ms)
✔ selected-only blocking isolates unselected digest differences (26.621667ms)
✔ AI review never becomes publication approval (26.587083ms)
✔ missing identifiers and repeated record identities block ready (50.875208ms)
✔ unknown selected path blocks ready without reading outside fixed batch (23.872541ms)
✔ conflicting third-index hashes retain both origins in the report (50.955667ms)
✔ tampered fixed bytes and symbolic paths cannot produce a trusted report (25.127666ms)
✔ CLI writes one private report and never overwrites or writes into live sources (90.116417ms)
✔ new audit batches and all old budgets are wired (2.966083ms)
✔ missing new browser or audit capacity is detected (2.01025ms)
✔ old browser deletion and budget changes are detected (1.386875ms)
✔ complete content scene accepts one setup slower than the old five-second limit (5544.441417ms)
✔ all legacy and unknown scenes retain the five-second request limit (0.313125ms)
✔ content setup has a ten-second limit within the unchanged individual test budget (0.233791ms)
✔ scene failures are single-attempt and redact both transport and timeout errors (0.55825ms)
✔ eight migrations, public contracts, old data and mathematical bytes remain unchanged (2.305042ms)
✔ tampered migration and old mathematics fail byte protection (2.832875ms)
✔ production endpoints never expose the audit or test harness (2.556125ms)
✔ legacy snapshot identity and CLI explicit secret boundary persist (0.279792ms)
✔ new correction CI is executable, classified once and keeps every original batch and deadline (8.897667ms)
✔ deleting any of the 20 browser batches is rejected (6.598709ms)
✔ step labels and echo commands cannot stand in for actual browser execution (0.687291ms)
✔ all five capacity commands must remain executable and separate (5.337208ms)
✔ extra skips, duplicate classification and omitted notification/CLI tests are rejected (2.200125ms)
✔ Go, job, browser and wrapper time limits cannot be expanded or disguised with duplicate flags (1.055166ms)
✔ new capacity names inside an echo are rejected (0.428541ms)
✔ a second actual new test classification in the original job is rejected (1.079917ms)
✔ required correction Go and browser steps cannot be declared but conditionally disabled (0.302375ms)
✔ P5a product baseline retains 88 paths, 220 schemas, 32 responses and three security schemes with only approved pointers (11.346ms)
✔ all seven original migrations retain exact bytes (0.59325ms)
✔ all existing mathematical digest purposes retain their exact sets (2.085959ms)
✔ removing an old path is rejected (10.542667ms)
✔ an unapproved field is never normalized away (10.898292ms)
✔ changed fixed mathematics and bounds are rejected (26.008209ms)
✔ approved fields require their exact new shape before inverse normalization (18.982333ms)
✔ inverse normalization leaves the source document unchanged (4.58075ms)
✔ a changed original migration fails protection (0.528166ms)
✔ a changed original purpose fails protection (0.328833ms)
✔ all result variants and additional properties survive old full-schema checks (25.76175ms)
✔ actual CI preserves old batches and executes every new feedback batch within original limits (2.969833ms)
✔ deleting an original browser batch is detected (1.240417ms)
✔ adding browser skip selection or retries is detected (1.149584ms)
✔ deleting a capacity batch or skipping extra old store tests is detected (1.090333ms)
✔ no browser suite or case is silently skipped, focused or retried (1.234292ms)
✔ active command parser handles split and equals options without counting step labels (0.095125ms)
✔ approved master preserves all 75 paths, 192 schemas, 32 responses and three security schemes (9.878875ms)
✔ a changed original Learning field is detected (11.630542ms)
✔ all original migrations 00001 through 00006 retain their exact bytes (0.509625ms)
✔ changing an original migration is detected (0.16675ms)
✔ original mathematical digest purposes retain their exact sets (1.389375ms)
✔ all 54 old paths, 147 schemas, 22 responses and three security schemes retain exact values (4.299292ms)
✔ one deliberately changed old field is detected (8.381834ms)
✔ original migrations and mathematical purposes remain unchanged (1.263458ms)
✔ all 21 learning operations have named strict contracts and fixed response bounds (0.158625ms)
✔ keeps success and failure exit codes (86.939125ms)
✔ terminates commands on timeout (75.074291ms)
✔ rejects timeouts above the test ceiling (19.278792ms)
✔ kills remaining process group after its leader exits on timeout (5331.336208ms)
ℹ tests 72
ℹ suites 0
ℹ pass 72
ℹ fail 0
ℹ cancelled 0
ℹ skipped 0
ℹ todo 0
ℹ duration_ms 5592.874333
