✔ freezes source bytes and finds changes without changing the prior snapshot (56.743917ms)
✔ unchanged sources produce no repeated changes and never overwrite a snapshot (74.655459ms)
✔ rejects index paths escaping the source folder (24.532041ms)
✔ reports missing files as a review item without modifying the previous snapshot (49.527625ms)
✔ private snapshots retain owner-only permissions under a permissive umask (22.106375ms)
✔ new correction CI is executable, classified once and keeps every original batch and deadline (12.322667ms)
✔ deleting any of the 20 browser batches is rejected (5.956875ms)
✔ step labels and echo commands cannot stand in for actual browser execution (0.865542ms)
✔ all five capacity commands must remain executable and separate (3.682458ms)
✔ extra skips, duplicate classification and omitted notification/CLI tests are rejected (2.019792ms)
✔ Go, job, browser and wrapper time limits cannot be expanded or disguised with duplicate flags (1.107375ms)
✔ new capacity names inside an echo are rejected (0.312708ms)
✔ a second actual new test classification in the original job is rejected (1.102083ms)
✔ required correction Go and browser steps cannot be declared but conditionally disabled (0.365917ms)
✔ P5a product baseline retains 88 paths, 220 schemas, 32 responses and three security schemes with only approved pointers (11.504417ms)
✔ all seven original migrations retain exact bytes (1.148667ms)
✔ all existing mathematical digest purposes retain their exact sets (1.830916ms)
✔ removing an old path is rejected (9.124083ms)
✔ an unapproved field is never normalized away (10.499125ms)
✔ changed fixed mathematics and bounds are rejected (26.114583ms)
✔ approved fields require their exact new shape before inverse normalization (18.797084ms)
✔ inverse normalization leaves the source document unchanged (4.793875ms)
✔ a changed original migration fails protection (0.551958ms)
✔ a changed original purpose fails protection (0.3305ms)
✔ all result variants and additional properties survive old full-schema checks (25.860625ms)
✔ actual CI preserves old batches and executes every new feedback batch within original limits (2.300792ms)
✔ deleting an original browser batch is detected (1.024959ms)
✔ adding browser skip selection or retries is detected (0.7735ms)
✔ deleting a capacity batch or skipping extra old store tests is detected (1.183458ms)
✔ no browser suite or case is silently skipped, focused or retried (1.45475ms)
✔ active command parser handles split and equals options without counting step labels (0.095333ms)
✔ approved master preserves all 75 paths, 192 schemas, 32 responses and three security schemes (9.54925ms)
✔ a changed original Learning field is detected (11.566291ms)
✔ all original migrations 00001 through 00006 retain their exact bytes (0.419042ms)
✔ changing an original migration is detected (0.144042ms)
✔ original mathematical digest purposes retain their exact sets (1.246375ms)
✔ all 54 old paths, 147 schemas, 22 responses and three security schemes retain exact values (4.361334ms)
✔ one deliberately changed old field is detected (8.063875ms)
✔ original migrations and mathematical purposes remain unchanged (0.834083ms)
✔ all 21 learning operations have named strict contracts and fixed response bounds (0.152583ms)
✔ keeps success and failure exit codes (84.910166ms)
✔ terminates commands on timeout (75.156459ms)
✔ rejects timeouts above the test ceiling (20.015875ms)
✔ kills remaining process group after its leader exits on timeout (5328.939834ms)
ℹ tests 44
ℹ suites 0
ℹ pass 44
ℹ fail 0
ℹ cancelled 0
ℹ skipped 0
ℹ todo 0
ℹ duration_ms 5552.630042
