✔ freezes source bytes and finds changes without changing the prior snapshot (59.535167ms)
✔ unchanged sources produce no repeated changes and never overwrite a snapshot (79.388375ms)
✔ rejects index paths escaping the source folder (25.203334ms)
✔ reports missing files as a review item without modifying the previous snapshot (52.855583ms)
✔ private snapshots retain owner-only permissions under a permissive umask (29.446042ms)
✔ legacy manifest keeps the exact files-byte digest and field set (27.866375ms)
✔ third index participates in capture selection and conflict mismatches (26.769958ms)
✔ symbolic source files cannot escape capture (23.729084ms)
✔ source-changed cleanup is deterministic across rewrite and deletion (129.389416ms)
✔ legacy one and two indices preserve primary selection and counts (1.554167ms)
✔ third index contributes primary entries while shared declarations retain all origins (0.201084ms)
✔ conflicting declarations retain both hashes instead of last-wins (0.154042ms)
✔ missing digest remains a report issue without invalidating legacy capture (0.106542ms)
✔ rejects unsafe primary and declared paths and missing base index (0.942166ms)
✔ source report preserves separate identifiers and source bytes despite equal titles and legacy IDs (32.858667ms)
✔ selected-only blocking isolates unselected digest differences (28.053209ms)
✔ AI review never becomes publication approval (27.956375ms)
✔ missing identifiers and repeated record identities block ready (53.645334ms)
✔ unknown selected path blocks ready without reading outside fixed batch (25.884292ms)
✔ conflicting third-index hashes retain both origins in the report (51.968209ms)
✔ tampered fixed bytes and symbolic paths cannot produce a trusted report (27.500833ms)
✔ CLI writes one private report and never overwrites or writes into live sources (102.967542ms)
✔ new audit batches and all old budgets are wired (3.464375ms)
✔ missing new browser or audit capacity is detected (2.0105ms)
✔ old browser deletion and budget changes are detected (1.493583ms)
✔ eight migrations, public contracts, old data and mathematical bytes remain unchanged (1.86075ms)
✔ tampered migration and old mathematics fail byte protection (2.466625ms)
✔ production endpoints never expose the audit or test harness (2.031417ms)
✔ legacy snapshot identity and CLI explicit secret boundary persist (0.414458ms)
✔ new correction CI is executable, classified once and keeps every original batch and deadline (8.932292ms)
✔ deleting any of the 20 browser batches is rejected (6.401375ms)
✔ step labels and echo commands cannot stand in for actual browser execution (0.568833ms)
✔ all five capacity commands must remain executable and separate (4.72525ms)
✔ extra skips, duplicate classification and omitted notification/CLI tests are rejected (2.643083ms)
✔ Go, job, browser and wrapper time limits cannot be expanded or disguised with duplicate flags (1.061625ms)
✔ new capacity names inside an echo are rejected (0.591875ms)
✔ a second actual new test classification in the original job is rejected (1.176958ms)
✔ required correction Go and browser steps cannot be declared but conditionally disabled (0.337375ms)
✔ P5a product baseline retains 88 paths, 220 schemas, 32 responses and three security schemes with only approved pointers (11.889458ms)
✔ all seven original migrations retain exact bytes (0.639583ms)
✔ all existing mathematical digest purposes retain their exact sets (1.817041ms)
✔ removing an old path is rejected (10.300292ms)
✔ an unapproved field is never normalized away (10.90525ms)
✔ changed fixed mathematics and bounds are rejected (26.505167ms)
✔ approved fields require their exact new shape before inverse normalization (19.821416ms)
✔ inverse normalization leaves the source document unchanged (4.76775ms)
✔ a changed original migration fails protection (0.542584ms)
✔ a changed original purpose fails protection (0.339916ms)
✔ all result variants and additional properties survive old full-schema checks (27.170125ms)
✔ actual CI preserves old batches and executes every new feedback batch within original limits (3.045958ms)
✔ deleting an original browser batch is detected (1.152916ms)
✔ adding browser skip selection or retries is detected (1.001833ms)
✔ deleting a capacity batch or skipping extra old store tests is detected (1.446417ms)
✔ no browser suite or case is silently skipped, focused or retried (1.151ms)
✔ active command parser handles split and equals options without counting step labels (0.105583ms)
✔ approved master preserves all 75 paths, 192 schemas, 32 responses and three security schemes (9.011417ms)
✔ a changed original Learning field is detected (12.200375ms)
✔ all original migrations 00001 through 00006 retain their exact bytes (0.559042ms)
✔ changing an original migration is detected (0.197958ms)
✔ original mathematical digest purposes retain their exact sets (1.213459ms)
✔ all 54 old paths, 147 schemas, 22 responses and three security schemes retain exact values (4.723041ms)
✔ one deliberately changed old field is detected (8.497625ms)
✔ original migrations and mathematical purposes remain unchanged (1.277334ms)
✔ all 21 learning operations have named strict contracts and fixed response bounds (0.16925ms)
✔ keeps success and failure exit codes (87.192583ms)
✔ terminates commands on timeout (74.593375ms)
✔ rejects timeouts above the test ceiling (21.97025ms)
✔ kills remaining process group after its leader exits on timeout (5328.974042ms)
ℹ tests 68
ℹ suites 0
ℹ pass 68
ℹ fail 0
ℹ cancelled 0
ℹ skipped 0
ℹ todo 0
ℹ duration_ms 5554.970041
