--- FAIL: TestContentAuditEvidenceConflicts (0.34s)
    --- FAIL: TestContentAuditEvidenceConflicts/learning-not_run-passed (0.02s)
        review_regression_test.go:50: duplicate learning evidence must be rejected <nil>
    --- FAIL: TestContentAuditEvidenceConflicts/learning-failed-passed (0.02s)
        review_regression_test.go:50: duplicate learning evidence must be rejected <nil>
    --- FAIL: TestContentAuditEvidenceConflicts/attestation-false-true (0.02s)
        review_regression_test.go:58: duplicate review attestation must be rejected <nil>
    --- FAIL: TestContentAuditEvidenceConflicts/attestation-true-false (0.02s)
        review_regression_test.go:58: duplicate review attestation must be rejected <nil>
    --- FAIL: TestContentAuditEvidenceConflicts/attestation-true-true (0.02s)
        review_regression_test.go:58: duplicate review attestation must be rejected <nil>
    --- FAIL: TestContentAuditEvidenceConflicts/attestation-false-false (0.02s)
        review_regression_test.go:58: duplicate review attestation must be rejected <nil>
    --- FAIL: TestContentAuditEvidenceConflicts/unknown-check (0.02s)
        review_regression_test.go:61: unknown learning check accepted <nil>
--- FAIL: TestContentAuditTemplateEligibility (0.12s)
    review_regression_test.go:73: five unusable templates counted despite fixed coverage accepted {30 24 450 304 754 0 80} <nil>
--- FAIL: TestContentAuditSourceReadBudget (0.00s)
    review_regression_test.go:79: cancellation must precede file IO open missing-report: no such file or directory
--- FAIL: TestContentAuditSourceSpecialFiles (0.52s)
    --- FAIL: TestContentAuditSourceSpecialFiles/report (0.26s)
        review_regression_test.go:89: FIFO escaped source read deadline
    --- FAIL: TestContentAuditSourceSpecialFiles/corpus (0.26s)
        review_regression_test.go:89: FIFO escaped source read deadline
FAIL
FAIL	github.com/yyl1212/math_master/backend/internal/contentaudit	1.527s
FAIL
