
> math-master-frontend@0.1.0 e2e
> playwright test --config ../tests/e2e/playwright.config.ts auth.spec.ts auth-security.spec.ts


Running 12 tests using 1 worker

  ✓   1 [desktop] › ../tests/e2e/auth-security.spec.ts:3:5 › csrfCrossOriginAndForgedRolesCannotChangeIdentity (1.1s)
  ✓   2 [desktop] › ../tests/e2e/auth-security.spec.ts:21:5 › crossSiteWriteIsRejectedAndFailureRecoveryRetainsSession (1.7s)
  ✓   3 [desktop] › ../tests/e2e/auth-security.spec.ts:41:5 › TestControlFailureIsSanitized (32ms)
  ✓   4 [desktop] › ../tests/e2e/auth.spec.ts:3:5 › registrationLoginAndSignOutUseRealIdentity (2.2s)
  ✓   5 [desktop] › ../tests/e2e/auth.spec.ts:33:5 › passwordChangeRevokesAnotherBrowserSession (3.4s)
[WebServer] ⨯ Error: The destination stream closed early.
[WebServer]     at ignore-listed frames {
[WebServer]   digest: '2706977520'
[WebServer] }
  ✓   6 [desktop] › ../tests/e2e/auth.spec.ts:51:5 › administratorVerifiesRolesAndResetsVerifiedOwner (8.0s)
  ✓   7 [mobile] › ../tests/e2e/auth-security.spec.ts:3:5 › csrfCrossOriginAndForgedRolesCannotChangeIdentity (270ms)
  ✓   8 [mobile] › ../tests/e2e/auth-security.spec.ts:21:5 › crossSiteWriteIsRejectedAndFailureRecoveryRetainsSession (1.6s)
  ✓   9 [mobile] › ../tests/e2e/auth-security.spec.ts:41:5 › TestControlFailureIsSanitized (33ms)
  ✓  10 [mobile] › ../tests/e2e/auth.spec.ts:3:5 › registrationLoginAndSignOutUseRealIdentity (1.9s)
  ✓  11 [mobile] › ../tests/e2e/auth.spec.ts:33:5 › passwordChangeRevokesAnotherBrowserSession (3.4s)
  ✓  12 [mobile] › ../tests/e2e/auth.spec.ts:51:5 › administratorVerifiesRolesAndResetsVerifiedOwner (6.2s)

  12 passed (31.3s)
