✔ freezes source bytes and finds changes without changing the prior snapshot (64.008541ms)
✔ unchanged sources produce no repeated changes and never overwrite a snapshot (75.274458ms)
✔ rejects index paths escaping the source folder (24.320209ms)
✔ reports missing files as a review item without modifying the previous snapshot (51.002625ms)
✔ private snapshots retain owner-only permissions under a permissive umask (27.636083ms)
✔ legacy manifest keeps the exact files-byte digest and field set (24.728333ms)
✔ third index participates in capture selection and conflict mismatches (25.955ms)
✔ symbolic source files cannot escape capture (21.306792ms)
✔ source-changed cleanup is deterministic across rewrite and deletion (128.697375ms)
✔ legacy one and two indices preserve primary selection and counts (1.623167ms)
✔ third index contributes primary entries while shared declarations retain all origins (0.199375ms)
✔ conflicting declarations retain both hashes instead of last-wins (0.150584ms)
✔ missing digest remains a report issue without invalidating legacy capture (0.10975ms)
✔ rejects unsafe primary and declared paths and missing base index (1.01575ms)
✔ source report preserves separate identifiers and source bytes despite equal titles and legacy IDs (38.30275ms)
✔ selected-only blocking isolates unselected digest differences (26.283416ms)
✔ AI review never becomes publication approval (26.070417ms)
✔ missing identifiers and repeated record identities block ready (51.206875ms)
✔ unknown selected path blocks ready without reading outside fixed batch (24.089209ms)
✔ conflicting third-index hashes retain both origins in the report (51.049292ms)
✔ tampered fixed bytes and symbolic paths cannot produce a trusted report (27.373792ms)
✔ CLI writes one private report and never overwrites or writes into live sources (91.914292ms)
✔ new audit batches and all old budgets are wired (2.55725ms)
✔ missing new browser or audit capacity is detected (1.663125ms)
✔ old browser deletion and budget changes are detected (1.162625ms)
✔ complete content scene accepts one setup slower than the old five-second limit (5545.473458ms)
✔ all legacy and unknown scenes retain the five-second request limit (0.309541ms)
✔ content setup has a ten-second limit within the unchanged individual test budget (0.230042ms)
✔ scene failures are single-attempt and redact both transport and timeout errors (0.553458ms)
✔ eight migrations, public contracts, old data and mathematical bytes remain unchanged (1.890667ms)
✔ tampered migration and old mathematics fail byte protection (2.4585ms)
✔ production endpoints never expose the audit or test harness (2.577333ms)
✔ legacy snapshot identity and CLI explicit secret boundary persist (0.361333ms)
✔ new correction CI is executable, classified once and keeps every original batch and deadline (8.815084ms)
✔ deleting any of the 20 browser batches is rejected (6.94125ms)
✔ step labels and echo commands cannot stand in for actual browser execution (0.776541ms)
✔ all five capacity commands must remain executable and separate (4.944959ms)
✔ extra skips, duplicate classification and omitted notification/CLI tests are rejected (2.754833ms)
✔ Go, job, browser and wrapper time limits cannot be expanded or disguised with duplicate flags (1.40775ms)
✔ new capacity names inside an echo are rejected (0.507375ms)
✔ a second actual new test classification in the original job is rejected (1.128834ms)
✔ required correction Go and browser steps cannot be declared but conditionally disabled (0.313917ms)
✔ P5a product baseline retains 88 paths, 220 schemas, 32 responses and three security schemes with only approved pointers (11.208834ms)
✔ all seven original migrations retain exact bytes (0.491958ms)
✔ all existing mathematical digest purposes retain their exact sets (2.223625ms)
✔ removing an old path is rejected (9.694958ms)
✔ an unapproved field is never normalized away (10.952833ms)
✔ changed fixed mathematics and bounds are rejected (26.224125ms)
✔ approved fields require their exact new shape before inverse normalization (18.834958ms)
✔ inverse normalization leaves the source document unchanged (4.621084ms)
✔ a changed original migration fails protection (0.506958ms)
✔ a changed original purpose fails protection (0.323041ms)
✔ all result variants and additional properties survive old full-schema checks (25.673958ms)
✔ actual CI preserves old batches and executes every new feedback batch within original limits (2.963708ms)
✔ deleting an original browser batch is detected (1.063333ms)
✔ adding browser skip selection or retries is detected (0.844208ms)
✔ deleting a capacity batch or skipping extra old store tests is detected (1.188625ms)
✔ no browser suite or case is silently skipped, focused or retried (1.101417ms)
✔ active command parser handles split and equals options without counting step labels (0.092292ms)
✔ approved master preserves all 75 paths, 192 schemas, 32 responses and three security schemes (10.315083ms)
✔ a changed original Learning field is detected (12.159667ms)
✔ all original migrations 00001 through 00006 retain their exact bytes (0.402584ms)
✔ changing an original migration is detected (0.137291ms)
✔ original mathematical digest purposes retain their exact sets (1.155292ms)
✔ all 54 old paths, 147 schemas, 22 responses and three security schemes retain exact values (4.536959ms)
✔ one deliberately changed old field is detected (7.685917ms)
✔ original migrations and mathematical purposes remain unchanged (1.750916ms)
✔ all 21 learning operations have named strict contracts and fixed response bounds (0.367959ms)
✔ keeps success and failure exit codes (85.318ms)
✔ terminates commands on timeout (75.22175ms)
✔ rejects timeouts above the test ceiling (18.992958ms)
✔ kills remaining process group after its leader exits on timeout (5331.523375ms)
ℹ tests 72
ℹ suites 0
ℹ pass 72
ℹ fail 0
ℹ cancelled 0
ℹ skipped 0
ℹ todo 0
ℹ duration_ms 5590.745667
