✔ freezes source bytes and finds changes without changing the prior snapshot (60.432167ms)
✔ unchanged sources produce no repeated changes and never overwrite a snapshot (82.869208ms)
✔ rejects index paths escaping the source folder (24.858959ms)
✔ reports missing files as a review item without modifying the previous snapshot (53.492125ms)
✔ private snapshots retain owner-only permissions under a permissive umask (26.600125ms)
✔ legacy manifest keeps the exact files-byte digest and field set (24.970708ms)
✔ third index participates in capture selection and conflict mismatches (27.468083ms)
✔ symbolic source files cannot escape capture (24.588791ms)
✔ source-changed cleanup is deterministic across rewrite and deletion (130.153417ms)
✔ legacy one and two indices preserve primary selection and counts (1.548333ms)
✔ third index contributes primary entries while shared declarations retain all origins (0.165584ms)
✔ conflicting declarations retain both hashes instead of last-wins (0.129083ms)
✔ missing digest remains a report issue without invalidating legacy capture (0.147334ms)
✔ rejects unsafe primary and declared paths and missing base index (0.681ms)
✔ source report preserves separate identifiers and source bytes despite equal titles and legacy IDs (33.476291ms)
✔ selected-only blocking isolates unselected digest differences (29.204583ms)
✔ AI review never becomes publication approval (27.222125ms)
✔ missing identifiers and repeated record identities block ready (55.849208ms)
✔ unknown selected path blocks ready without reading outside fixed batch (26.959334ms)
✔ conflicting third-index hashes retain both origins in the report (54.6185ms)
✔ tampered fixed bytes and symbolic paths cannot produce a trusted report (26.709708ms)
✔ CLI writes one private report and never overwrites or writes into live sources (96.870958ms)
✔ new audit batches and all old budgets are wired (3.288791ms)
✔ missing new browser or audit capacity is detected (2.294ms)
✔ old browser deletion and budget changes are detected (1.398375ms)
✔ eight migrations, public contracts, old data and mathematical bytes remain unchanged (2.010209ms)
✔ tampered migration and old mathematics fail byte protection (2.706791ms)
✔ production endpoints never expose the audit or test harness (2.748375ms)
✔ legacy snapshot identity and CLI explicit secret boundary persist (0.373125ms)
✔ new correction CI is executable, classified once and keeps every original batch and deadline (10.333375ms)
✔ deleting any of the 20 browser batches is rejected (5.983ms)
✔ step labels and echo commands cannot stand in for actual browser execution (0.687583ms)
✔ all five capacity commands must remain executable and separate (5.316958ms)
✔ extra skips, duplicate classification and omitted notification/CLI tests are rejected (2.865292ms)
✔ Go, job, browser and wrapper time limits cannot be expanded or disguised with duplicate flags (1.310416ms)
✔ new capacity names inside an echo are rejected (0.457084ms)
✔ a second actual new test classification in the original job is rejected (1.255916ms)
✔ required correction Go and browser steps cannot be declared but conditionally disabled (0.324292ms)
✔ P5a product baseline retains 88 paths, 220 schemas, 32 responses and three security schemes with only approved pointers (10.716625ms)
✔ all seven original migrations retain exact bytes (0.64625ms)
✔ all existing mathematical digest purposes retain their exact sets (2.3355ms)
✔ removing an old path is rejected (11.236209ms)
✔ an unapproved field is never normalized away (11.223417ms)
✔ changed fixed mathematics and bounds are rejected (27.675041ms)
✔ approved fields require their exact new shape before inverse normalization (20.049625ms)
✔ inverse normalization leaves the source document unchanged (5.017625ms)
✔ a changed original migration fails protection (0.612541ms)
✔ a changed original purpose fails protection (0.353208ms)
✔ all result variants and additional properties survive old full-schema checks (27.885375ms)
✔ actual CI preserves old batches and executes every new feedback batch within original limits (2.784625ms)
✔ deleting an original browser batch is detected (0.971083ms)
✔ adding browser skip selection or retries is detected (1.022ms)
✔ deleting a capacity batch or skipping extra old store tests is detected (1.232ms)
✔ no browser suite or case is silently skipped, focused or retried (1.457417ms)
✔ active command parser handles split and equals options without counting step labels (0.113625ms)
✔ approved master preserves all 75 paths, 192 schemas, 32 responses and three security schemes (10.4135ms)
✔ a changed original Learning field is detected (12.067875ms)
✔ all original migrations 00001 through 00006 retain their exact bytes (0.44375ms)
✔ changing an original migration is detected (0.145459ms)
✔ original mathematical digest purposes retain their exact sets (1.307875ms)
✔ all 54 old paths, 147 schemas, 22 responses and three security schemes retain exact values (4.44275ms)
✔ one deliberately changed old field is detected (7.700291ms)
✔ original migrations and mathematical purposes remain unchanged (1.408791ms)
✔ all 21 learning operations have named strict contracts and fixed response bounds (0.21225ms)
✔ keeps success and failure exit codes (86.493875ms)
✔ terminates commands on timeout (78.005541ms)
✔ rejects timeouts above the test ceiling (21.769583ms)
✔ kills remaining process group after its leader exits on timeout (5327.820541ms)
ℹ tests 68
ℹ suites 0
ℹ pass 68
ℹ fail 0
ℹ cancelled 0
ℹ skipped 0
ℹ todo 0
ℹ duration_ms 5555.49525
