
> math-master-frontend@0.1.0 e2e
> playwright test --config ../tests/e2e/playwright.config.ts catalogue.spec.ts reading.spec.ts


Running 24 tests using 1 worker

  ✓   1 [desktop] › ../tests/e2e/catalogue.spec.ts:3:5 › draftCatalogueShowsSixteenDomainsAndFiftySixTopics (1.0s)
  ✓   2 [desktop] › ../tests/e2e/catalogue.spec.ts:55:5 › englishChineseSearchAndHistoryWork (2.0s)
  ✓   3 [desktop] › ../tests/e2e/catalogue.spec.ts:87:5 › emptyAndUnavailableAreDistinct (632ms)
  ✓   4 [desktop] › ../tests/e2e/catalogue.spec.ts:110:5 › keyboardCanReachEveryDomain (310ms)
  ✓   5 [desktop] › ../tests/e2e/content-acceptance-reading.spec.ts:4:5 › thirty-node route has English names and Chinese terms (3.9s)
  ✓   6 [desktop] › ../tests/e2e/content-acceptance-reading.spec.ts:5:5 › all nine original mathematical SVGs load in actual lessons (7.9s)
  ✓   7 [desktop] › ../tests/e2e/content-acceptance-reading.spec.ts:6:5 › fixed version two keeps formal formulas and counterexample visible (4.3s)
  ✓   8 [desktop] › ../tests/e2e/content-acceptance-reading.spec.ts:7:5 › public lesson sources expose attribution without private provenance or answers (3.8s)
  ✓   9 [desktop] › ../tests/e2e/reading.spec.ts:3:5 › publishedFixtureCanBeReadWithMathAndOriginalSvg (875ms)
  ✓  10 [desktop] › ../tests/e2e/reading.spec.ts:72:5 › withdrawalStopsNewReadsAndAssetRequests (7.9s)
  ✓  11 [desktop] › ../tests/e2e/reading.spec.ts:150:5 › longNamesAndMultiPrerequisitesFitBothViewports (1.1s)
  ✓  12 [desktop] › ../tests/e2e/reading.spec.ts:183:5 › clientResponsesDoNotExposeInternalConfiguration (282ms)
  ✓  13 [mobile] › ../tests/e2e/catalogue.spec.ts:3:5 › draftCatalogueShowsSixteenDomainsAndFiftySixTopics (1.0s)
  ✓  14 [mobile] › ../tests/e2e/catalogue.spec.ts:55:5 › englishChineseSearchAndHistoryWork (2.0s)
  ✓  15 [mobile] › ../tests/e2e/catalogue.spec.ts:87:5 › emptyAndUnavailableAreDistinct (1.4s)
  ✓  16 [mobile] › ../tests/e2e/catalogue.spec.ts:110:5 › keyboardCanReachEveryDomain (556ms)
  ✓  17 [mobile] › ../tests/e2e/content-acceptance-reading.spec.ts:4:5 › thirty-node route has English names and Chinese terms (3.7s)
  ✓  18 [mobile] › ../tests/e2e/content-acceptance-reading.spec.ts:5:5 › all nine original mathematical SVGs load in actual lessons (7.4s)
  ✓  19 [mobile] › ../tests/e2e/content-acceptance-reading.spec.ts:6:5 › fixed version two keeps formal formulas and counterexample visible (4.0s)
  ✓  20 [mobile] › ../tests/e2e/content-acceptance-reading.spec.ts:7:5 › public lesson sources expose attribution without private provenance or answers (3.6s)
  ✓  21 [mobile] › ../tests/e2e/reading.spec.ts:3:5 › publishedFixtureCanBeReadWithMathAndOriginalSvg (2.3s)
  ✓  22 [mobile] › ../tests/e2e/reading.spec.ts:72:5 › withdrawalStopsNewReadsAndAssetRequests (8.7s)
  ✓  23 [mobile] › ../tests/e2e/reading.spec.ts:150:5 › longNamesAndMultiPrerequisitesFitBothViewports (276ms)
  ✓  24 [mobile] › ../tests/e2e/reading.spec.ts:183:5 › clientResponsesDoNotExposeInternalConfiguration (258ms)

  24 passed (1.2m)
